Archive member included to satisfy reference by file (symbol)

/usr/lib/gcc/avr/5.4.0/../../../avr/lib/avr6/libprintf_min.a(vfprintf_min.o)
                              (vfprintf)
/usr/lib/gcc/avr/5.4.0/../../../avr/lib/avr6/libscanf_min.a(vfscanf_min.o)
                              (vfscanf)
/usr/lib/gcc/avr/5.4.0/../../../avr/lib/avr6/libm.a(addsf3.o)
                              ../../../os/hal/lib/streams/chprintf.o (__subsf3)
/usr/lib/gcc/avr/5.4.0/../../../avr/lib/avr6/libm.a(addsf3x.o)
                              /usr/lib/gcc/avr/5.4.0/../../../avr/lib/avr6/libm.a(addsf3.o) (__addsf3x)
/usr/lib/gcc/avr/5.4.0/../../../avr/lib/avr6/libm.a(cmpsf2.o)
                              ../../../os/hal/lib/streams/chprintf.o (__ltsf2)
/usr/lib/gcc/avr/5.4.0/../../../avr/lib/avr6/libm.a(fixsfsi.o)
                              ../../../os/hal/lib/streams/chprintf.o (__fixsfsi)
/usr/lib/gcc/avr/5.4.0/../../../avr/lib/avr6/libm.a(fixunssfsi.o)
                              /usr/lib/gcc/avr/5.4.0/../../../avr/lib/avr6/libm.a(fixsfsi.o) (__fixunssfsi)
/usr/lib/gcc/avr/5.4.0/../../../avr/lib/avr6/libm.a(floatsisf.o)
                              ../../../os/hal/lib/streams/chprintf.o (__floatunsisf)
/usr/lib/gcc/avr/5.4.0/../../../avr/lib/avr6/libm.a(fp_cmp.o)
                              /usr/lib/gcc/avr/5.4.0/../../../avr/lib/avr6/libm.a(cmpsf2.o) (__fp_cmp)
/usr/lib/gcc/avr/5.4.0/../../../avr/lib/avr6/libm.a(fp_inf.o)
                              /usr/lib/gcc/avr/5.4.0/../../../avr/lib/avr6/libm.a(addsf3x.o) (__fp_inf)
/usr/lib/gcc/avr/5.4.0/../../../avr/lib/avr6/libm.a(fp_nan.o)
                              /usr/lib/gcc/avr/5.4.0/../../../avr/lib/avr6/libm.a(addsf3x.o) (__fp_nan)
/usr/lib/gcc/avr/5.4.0/../../../avr/lib/avr6/libm.a(fp_pscA.o)
                              /usr/lib/gcc/avr/5.4.0/../../../avr/lib/avr6/libm.a(addsf3x.o) (__fp_pscA)
/usr/lib/gcc/avr/5.4.0/../../../avr/lib/avr6/libm.a(fp_pscB.o)
                              /usr/lib/gcc/avr/5.4.0/../../../avr/lib/avr6/libm.a(addsf3x.o) (__fp_pscB)
/usr/lib/gcc/avr/5.4.0/../../../avr/lib/avr6/libm.a(fp_round.o)
                              /usr/lib/gcc/avr/5.4.0/../../../avr/lib/avr6/libm.a(addsf3.o) (__fp_round)
/usr/lib/gcc/avr/5.4.0/../../../avr/lib/avr6/libm.a(fp_split3.o)
                              /usr/lib/gcc/avr/5.4.0/../../../avr/lib/avr6/libm.a(addsf3x.o) (__fp_split3)
/usr/lib/gcc/avr/5.4.0/../../../avr/lib/avr6/libm.a(fp_zero.o)
                              /usr/lib/gcc/avr/5.4.0/../../../avr/lib/avr6/libm.a(addsf3x.o) (__fp_zero)
/usr/lib/gcc/avr/5.4.0/../../../avr/lib/avr6/libm.a(mulsf3.o)
                              ../../../os/hal/lib/streams/chprintf.o (__mulsf3)
/usr/lib/gcc/avr/5.4.0/../../../avr/lib/avr6/libm.a(mulsf3x.o)
                              /usr/lib/gcc/avr/5.4.0/../../../avr/lib/avr6/libm.a(mulsf3.o) (__mulsf3x)
/usr/lib/gcc/avr/5.4.0/avr6/libgcc.a(_udivmodsi4.o)
                              ../../../os/hal/lib/streams/chprintf.o (__udivmodsi4)
/usr/lib/gcc/avr/5.4.0/avr6/libgcc.a(_divmodsi4.o)
                              ../../../os/hal/lib/streams/chprintf.o (__divmodsi4)
/usr/lib/gcc/avr/5.4.0/avr6/libgcc.a(_negsi2.o)
                              /usr/lib/gcc/avr/5.4.0/avr6/libgcc.a(_divmodsi4.o) (__negsi2)
/usr/lib/gcc/avr/5.4.0/avr6/libgcc.a(_exit.o)
                              /usr/lib/gcc/avr/5.4.0/../../../avr/lib/avr6/crtatmega2560.o (exit)
/usr/lib/gcc/avr/5.4.0/avr6/libgcc.a(_tablejump2.o)
                              ../../../os/hal/lib/streams/chprintf.o (__tablejump2__)
/usr/lib/gcc/avr/5.4.0/avr6/libgcc.a(_copy_data.o)
                              ../../../os/rt/src/chsys.o (__do_copy_data)
/usr/lib/gcc/avr/5.4.0/avr6/libgcc.a(_clear_bss.o)
                              ../../../os/rt/src/chsys.o (__do_clear_bss)
/usr/lib/gcc/avr/5.4.0/../../../avr/lib/avr6/libc.a(isspace.o)
                              /usr/lib/gcc/avr/5.4.0/../../../avr/lib/avr6/libscanf_min.a(vfscanf_min.o) (isspace)
/usr/lib/gcc/avr/5.4.0/../../../avr/lib/avr6/libc.a(strchr_P.o)
                              /usr/lib/gcc/avr/5.4.0/../../../avr/lib/avr6/libprintf_min.a(vfprintf_min.o) (strchr_P)
/usr/lib/gcc/avr/5.4.0/../../../avr/lib/avr6/libc.a(memcpy.o)
                              ../../../os/hal/src/hal_buffers.o (memcpy)
/usr/lib/gcc/avr/5.4.0/../../../avr/lib/avr6/libc.a(strcmp.o)
                              ../../../os/rt/src/chregistry.o (strcmp)
/usr/lib/gcc/avr/5.4.0/../../../avr/lib/avr6/libc.a(fgetc.o)
                              /usr/lib/gcc/avr/5.4.0/../../../avr/lib/avr6/libscanf_min.a(vfscanf_min.o) (fgetc)
/usr/lib/gcc/avr/5.4.0/../../../avr/lib/avr6/libc.a(fputc.o)
                              /usr/lib/gcc/avr/5.4.0/../../../avr/lib/avr6/libprintf_min.a(vfprintf_min.o) (fputc)
/usr/lib/gcc/avr/5.4.0/../../../avr/lib/avr6/libc.a(ungetc.o)
                              /usr/lib/gcc/avr/5.4.0/../../../avr/lib/avr6/libscanf_min.a(vfscanf_min.o) (ungetc)
[...]
Memory Configuration

Name             Origin             Length             Attributes
text             0x0000000000000000 0x0000000000040000 xr
data             0x0000000000800200 0x0000000000002000 rw !x
eeprom           0x0000000000810000 0x0000000000001000 rw !x
fuse             0x0000000000820000 0x0000000000000003 rw !x
lock             0x0000000000830000 0x0000000000000400 rw !x
signature        0x0000000000840000 0x0000000000000400 rw !x
user_signatures  0x0000000000850000 0x0000000000000400 rw !x
*default*        0x0000000000000000 0xffffffffffffffff

Linker script and memory map

Address of section .data set to 0x800200
LOAD /usr/lib/gcc/avr/5.4.0/../../../avr/lib/avr6/crtatmega2560.o
LOAD ../../../os/rt/src/chsys.o
LOAD ../../../os/rt/src/chdebug.o
LOAD ../../../os/rt/src/chtrace.o
LOAD ../../../os/rt/src/chvt.o
LOAD ../../../os/rt/src/chschd.o
LOAD ../../../os/rt/src/chthreads.o
LOAD ../../../os/rt/src/chregistry.o
LOAD ../../../os/rt/src/chsem.o
LOAD ../../../os/rt/src/chmtx.o
LOAD ../../../os/rt/src/chcond.o
LOAD ../../../os/rt/src/chevents.o
LOAD ../../../os/rt/src/chmsg.o
LOAD ../../../os/common/oslib/src/chmboxes.o
LOAD ../../../os/common/ports/AVR/chcore.o
LOAD ../../../os/hal/osal/rt/osal.o
LOAD ../../../os/hal/src/hal.o
LOAD ../../../os/hal/src/hal_st.o
LOAD ../../../os/hal/src/hal_buffers.o
LOAD ../../../os/hal/src/hal_queues.o
LOAD ../../../os/hal/src/hal_mmcsd.o
LOAD ../../../os/hal/src/hal_pal.o
LOAD ../../../os/hal/src/hal_pwm.o
LOAD ../../../os/hal/src/hal_serial.o
LOAD ../../../os/hal/ports/AVR/MEGA/hal_lld.o
LOAD ../../../os/hal/ports/AVR/MEGA/GPIOv1/hal_pal_lld.o
LOAD ../../../os/hal/ports/AVR/MEGA/TIMv1/hal_st_lld.o
LOAD ../../../os/hal/ports/AVR/MEGA/TIMv1/hal_pwm_lld.o
LOAD ../../../os/hal/ports/AVR/MEGA/USARTv1/hal_serial_lld.o
LOAD ../../../os/hal/boards/ARDUINO_MEGA/board.o
LOAD ../../../os/hal/lib/streams/chprintf.o
LOAD ../../../os/hal/lib/streams/memstreams.o
LOAD ../../../os/hal/lib/streams/nullstreams.o
LOAD ../../../os/various/evtimer.o
LOAD main.o
LOAD /usr/lib/gcc/avr/5.4.0/../../../avr/lib/avr6/libprintf_min.a
LOAD /usr/lib/gcc/avr/5.4.0/../../../avr/lib/avr6/libscanf_min.a
LOAD /usr/lib/gcc/avr/5.4.0/../../../avr/lib/avr6/libm.a
START GROUP
LOAD /usr/lib/gcc/avr/5.4.0/avr6/libgcc.a
LOAD /usr/lib/gcc/avr/5.4.0/../../../avr/lib/avr6/libm.a
LOAD /usr/lib/gcc/avr/5.4.0/../../../avr/lib/avr6/libc.a
LOAD /usr/lib/gcc/avr/5.4.0/../../../avr/lib/avr6/libatmega2560.a
END GROUP
                0x0000000000000000                __TEXT_REGION_ORIGIN__ = DEFINED (__TEXT_REGION_ORIGIN__)?__TEXT_REGION_ORIGIN__:0x0
                [0x0000000000800200]                __DATA_REGION_ORIGIN__ = DEFINED (__DATA_REGION_ORIGIN__)?__DATA_REGION_ORIGIN__:0x800200
                [0x0000000000040000]                __TEXT_REGION_LENGTH__ = DEFINED (__TEXT_REGION_LENGTH__)?__TEXT_REGION_LENGTH__:0x100000
                [0x0000000000002000]                __DATA_REGION_LENGTH__ = DEFINED (__DATA_REGION_LENGTH__)?__DATA_REGION_LENGTH__:0xfe00
                [0x0000000000001000]                __EEPROM_REGION_LENGTH__ = DEFINED (__EEPROM_REGION_LENGTH__)?__EEPROM_REGION_LENGTH__:0x10000
                [0x0000000000000003]                __FUSE_REGION_LENGTH__ = DEFINED (__FUSE_REGION_LENGTH__)?__FUSE_REGION_LENGTH__:0x400
                0x0000000000000400                __LOCK_REGION_LENGTH__ = DEFINED (__LOCK_REGION_LENGTH__)?__LOCK_REGION_LENGTH__:0x400
                0x0000000000000400                __SIGNATURE_REGION_LENGTH__ = DEFINED (__SIGNATURE_REGION_LENGTH__)?__SIGNATURE_REGION_LENGTH__:0x400
                0x0000000000000400                __USER_SIGNATURE_REGION_LENGTH__ = DEFINED (__USER_SIGNATURE_REGION_LENGTH__)?__USER_SIGNATURE_REGION_LENGTH__:0x400

.hash
 *(.hash)

.dynsym
 *(.dynsym)

.dynstr
 *(.dynstr)

.gnu.version
 *(.gnu.version)

.gnu.version_d
 *(.gnu.version_d)

.gnu.version_r
 *(.gnu.version_r)

.rel.init
 *(.rel.init)

.rela.init
 *(.rela.init)

.rel.text
 *(.rel.text)
 *(.rel.text.*)
 *(.rel.gnu.linkonce.t*)

.rela.text
 *(.rela.text)
 *(.rela.text.*)
 *(.rela.gnu.linkonce.t*)

.rel.fini
 *(.rel.fini)

.rela.fini
 *(.rela.fini)

.rel.rodata
 *(.rel.rodata)
 *(.rel.rodata.*)
 *(.rel.gnu.linkonce.r*)

.rela.rodata
 *(.rela.rodata)
 *(.rela.rodata.*)
 *(.rela.gnu.linkonce.r*)

.rel.data
 *(.rel.data)
 *(.rel.data.*)
 *(.rel.gnu.linkonce.d*)

.rela.data
 *(.rela.data)
 *(.rela.data.*)
 *(.rela.gnu.linkonce.d*)

.rel.ctors
 *(.rel.ctors)

.rela.ctors
 *(.rela.ctors)

.rel.dtors
 *(.rel.dtors)

.rela.dtors
 *(.rela.dtors)

.rel.got
 *(.rel.got)

.rela.got
 *(.rela.got)

.rel.bss
 *(.rel.bss)

.rela.bss
 *(.rela.bss)

.rel.plt
 *(.rel.plt)

.rela.plt
 *(.rela.plt)

.text           0x0000000000000000     0x1e72
 *(.vectors)
 .vectors       0x0000000000000000       0xe4 /usr/lib/gcc/avr/5.4.0/../../../avr/lib/avr6/crtatmega2560.o
                0x0000000000000000                __vectors
                0x0000000000000000                __vector_default
 *(.vectors)
 *(.progmem.gcc*)
                0x00000000000000e4                . = ALIGN (0x2)
                0x00000000000000e4                __trampolines_start = .
 *(.trampolines)
 .trampolines   0x00000000000000e4        0x0 linker stubs
 *(.trampolines*)
                0x00000000000000e4                __trampolines_end = .
 *libprintf_flt.a:*(.progmem.data)
 *libc.a:*(.progmem.data)
 *(.progmem*)
 .progmem.data  0x00000000000000e4       0x17 /usr/lib/gcc/avr/5.4.0/../../../avr/lib/avr6/libprintf_min.a(vfprintf_min.o)
 .progmem.data  0x00000000000000fb        0xb /usr/lib/gcc/avr/5.4.0/../../../avr/lib/avr6/libscanf_min.a(vfscanf_min.o)
                0x0000000000000106                . = ALIGN (0x2)
 *(.jumptables)
 *(.jumptables*)
 *(.lowtext)
 *(.lowtext*)
                0x0000000000000106                __ctors_start = .
 *(.ctors)
                0x0000000000000106                __ctors_end = .
                0x0000000000000106                __dtors_start = .
 *(.dtors)
                0x0000000000000106                __dtors_end = .
 SORT(*)(.ctors)
 SORT(*)(.dtors)
 *(.init0)
 .init0         0x0000000000000106        0x0 /usr/lib/gcc/avr/5.4.0/../../../avr/lib/avr6/crtatmega2560.o
                0x0000000000000106                __init
 *(.init0)
 *(.init1)
 *(.init1)
 *(.init2)
 .init2         0x0000000000000106       0x10 /usr/lib/gcc/avr/5.4.0/../../../avr/lib/avr6/crtatmega2560.o
 *(.init2)
 *(.init3)
 *(.init3)
 *(.init4)
 .init4         0x0000000000000116       0x1a /usr/lib/gcc/avr/5.4.0/avr6/libgcc.a(_copy_data.o)
                0x0000000000000116                __do_copy_data
 .init4         0x0000000000000130       0x10 /usr/lib/gcc/avr/5.4.0/avr6/libgcc.a(_clear_bss.o)
                0x0000000000000130                __do_clear_bss
 *(.init4)
 *(.init5)
 *(.init5)
 *(.init6)
 *(.init6)
 *(.init7)
 *(.init7)
 *(.init8)
 *(.init8)
 *(.init9)
 .init9         0x0000000000000140        0x8 /usr/lib/gcc/avr/5.4.0/../../../avr/lib/avr6/crtatmega2560.o
 *(.init9)
 *(.text)
 .text          0x0000000000000148        0x2 /usr/lib/gcc/avr/5.4.0/../../../avr/lib/avr6/crtatmega2560.o
                0x0000000000000148                __vector_38
                0x0000000000000148                __vector_22
                0x0000000000000148                __vector_28
                0x0000000000000148                __vector_1
                0x0000000000000148                __vector_24
                0x0000000000000148                __vector_12
                0x0000000000000148                __vector_55
                0x0000000000000148                __vector_46
                0x0000000000000148                __bad_interrupt
                0x0000000000000148                __vector_6
                0x0000000000000148                __vector_31
                0x0000000000000148                __vector_39
                0x0000000000000148                __vector_3
                0x0000000000000148                __vector_23
                0x0000000000000148                __vector_30
                0x0000000000000148                __vector_45
                0x0000000000000148                __vector_11
                0x0000000000000148                __vector_54
                0x0000000000000148                __vector_13
                0x0000000000000148                __vector_19
                0x0000000000000148                __vector_56
                0x0000000000000148                __vector_7
                0x0000000000000148                __vector_49
                0x0000000000000148                __vector_41
                0x0000000000000148                __vector_43
                0x0000000000000148                __vector_27
                0x0000000000000148                __vector_5
                0x0000000000000148                __vector_47
                0x0000000000000148                __vector_52
                0x0000000000000148                __vector_37
                0x0000000000000148                __vector_4
                0x0000000000000148                __vector_44
                0x0000000000000148                __vector_51
                0x0000000000000148                __vector_9
                0x0000000000000148                __vector_2
                0x0000000000000148                __vector_21
                0x0000000000000148                __vector_15
                0x0000000000000148                __vector_36
                0x0000000000000148                __vector_29
                0x0000000000000148                __vector_40
                0x0000000000000148                __vector_8
                0x0000000000000148                __vector_48
                0x0000000000000148                __vector_14
                0x0000000000000148                __vector_53
                0x0000000000000148                __vector_10
                0x0000000000000148                __vector_50
                0x0000000000000148                __vector_16
                0x0000000000000148                __vector_18
                0x0000000000000148                __vector_20
                0x0000000000000148                __vector_42
                0x000000000000014a                . = ALIGN (0x2)
 *(.text.*)
 .text._idle_thread
                0x000000000000014a        0x2 ../../../os/rt/src/chsys.o
 .text.chSysInit
                0x000000000000014c       0x2a ../../../os/rt/src/chsys.o
                0x000000000000014c                chSysInit
 .text.chSysTimerHandlerI
                0x0000000000000176       0xd0 ../../../os/rt/src/chsys.o
                0x0000000000000176                chSysTimerHandlerI
 .text._vt_init
                0x0000000000000246       0x1e ../../../os/rt/src/chvt.o
                0x0000000000000246                _vt_init
 .text.chVTDoSetI
                0x0000000000000264      0x130 ../../../os/rt/src/chvt.o
                0x0000000000000264                chVTDoSetI
 .text.chVTDoResetI
                0x0000000000000394       0xca ../../../os/rt/src/chvt.o
                0x0000000000000394                chVTDoResetI
 .text.wakeup   0x000000000000045e       0xa4 ../../../os/rt/src/chschd.o
 .text._scheduler_init
                0x0000000000000502       0x18 ../../../os/rt/src/chschd.o
                0x0000000000000502                _scheduler_init
 .text.chSchReadyI
                0x000000000000051a       0x44 ../../../os/rt/src/chschd.o
                0x000000000000051a                chSchReadyI
 .text.chSchGoSleepS
                0x000000000000055e       0x38 ../../../os/rt/src/chschd.o
                0x000000000000055e                chSchGoSleepS
 .text.chSchGoSleepTimeoutS
                0x0000000000000596       0x6a ../../../os/rt/src/chschd.o
                0x0000000000000596                chSchGoSleepTimeoutS
 .text.chSchWakeupS
                0x0000000000000600       0x98 ../../../os/rt/src/chschd.o
                0x0000000000000600                chSchWakeupS
 .text.chSchIsPreemptionRequired
                0x0000000000000698       0x20 ../../../os/rt/src/chschd.o
                0x0000000000000698                chSchIsPreemptionRequired
 .text.chSchDoReschedule
                0x00000000000006b8       0x78 ../../../os/rt/src/chschd.o
                0x00000000000006b8                chSchDoReschedule
 .text._thread_init
                0x0000000000000730       0x58 ../../../os/rt/src/chthreads.o
                0x0000000000000730                _thread_init
 .text.chThdCreateSuspendedI
                0x0000000000000788       0xb0 ../../../os/rt/src/chthreads.o
                0x0000000000000788                chThdCreateSuspendedI
 .text.chThdCreate
                0x0000000000000838       0x1a ../../../os/rt/src/chthreads.o
                0x0000000000000838                chThdCreate
 .text.chThdExitS
                0x0000000000000852       0x64 ../../../os/rt/src/chthreads.o
                0x0000000000000852                chThdExitS
 .text.chThdExit
                0x00000000000008b6        0x4 ../../../os/rt/src/chthreads.o
                0x00000000000008b6                chThdExit
 .text.chThdEnqueueTimeoutS
                0x00000000000008ba       0x3a ../../../os/rt/src/chthreads.o
                0x00000000000008ba                chThdEnqueueTimeoutS
 .text.chThdDequeueNextI
                0x00000000000008f4       0x32 ../../../os/rt/src/chthreads.o
                0x00000000000008f4                chThdDequeueNextI
 .text.chEvtSignalI
                0x0000000000000926       0x2c ../../../os/rt/src/chevents.o
                0x0000000000000926                chEvtSignalI
 .text.chEvtBroadcastFlagsI
                0x0000000000000952       0x4a ../../../os/rt/src/chevents.o
                0x0000000000000952                chEvtBroadcastFlagsI
 .text._port_switch
                0x000000000000099c       0x5e ../../../os/common/ports/AVR/chcore.o
                0x000000000000099c                _port_switch
 .text._port_thread_start
                0x00000000000009fa        0xa ../../../os/common/ports/AVR/chcore.o
                0x00000000000009fa                _port_thread_start
 .text.halInit  0x0000000000000a04       0x10 ../../../os/hal/src/hal.o
                0x0000000000000a04                halInit
 .text.stInit   0x0000000000000a14        0x2 ../../../os/hal/src/hal_st.o
                0x0000000000000a14                stInit
 .text.stStartAlarm
                0x0000000000000a16       0x12 ../../../os/hal/src/hal_st.o
                0x0000000000000a16                stStartAlarm
 .text.stStopAlarm
                0x0000000000000a28        0x6 ../../../os/hal/src/hal_st.o
                0x0000000000000a28                stStopAlarm
 .text.stSetAlarm
                0x0000000000000a2e        0xa ../../../os/hal/src/hal_st.o
                0x0000000000000a2e                stSetAlarm
 .text.iqObjectInit
                0x0000000000000a38       0x34 ../../../os/hal/src/hal_queues.o
                0x0000000000000a38                iqObjectInit
 .text.iqPutI   0x0000000000000a6c       0x56 ../../../os/hal/src/hal_queues.o
                0x0000000000000a6c                iqPutI
 .text.iqGetTimeout
                0x0000000000000ac2       0x74 ../../../os/hal/src/hal_queues.o
                0x0000000000000ac2                iqGetTimeout
 .text.iqReadTimeout
                0x0000000000000b36      0x10c ../../../os/hal/src/hal_queues.o
                0x0000000000000b36                iqReadTimeout
 .text.oqObjectInit
                0x0000000000000c42       0x34 ../../../os/hal/src/hal_queues.o
                0x0000000000000c42                oqObjectInit
 .text.oqPutTimeout
                0x0000000000000c76       0x80 ../../../os/hal/src/hal_queues.o
                0x0000000000000c76                oqPutTimeout
 .text.oqGetI   0x0000000000000cf6       0x58 ../../../os/hal/src/hal_queues.o
                0x0000000000000cf6                oqGetI
 .text.oqWriteTimeout
                0x0000000000000d4e      0x10c ../../../os/hal/src/hal_queues.o
                0x0000000000000d4e                oqWriteTimeout
 .text.pwmInit  0x0000000000000e5a        0x2 ../../../os/hal/src/hal_pwm.o
                0x0000000000000e5a                pwmInit
 .text.pwmObjectInit
                0x0000000000000e5c       0x10 ../../../os/hal/src/hal_pwm.o
                0x0000000000000e5c                pwmObjectInit
 .text.pwmStart
                0x0000000000000e6c       0x28 ../../../os/hal/src/hal_pwm.o
                0x0000000000000e6c                pwmStart
 .text.pwmEnableChannel
                0x0000000000000e94       0x1e ../../../os/hal/src/hal_pwm.o
                0x0000000000000e94                pwmEnableChannel
 .text._readt   0x0000000000000eb2        0x4 ../../../os/hal/src/hal_serial.o
 .text._read    0x0000000000000eb6        0x8 ../../../os/hal/src/hal_serial.o
 .text._writet  0x0000000000000ebe        0x4 ../../../os/hal/src/hal_serial.o
 .text._write   0x0000000000000ec2        0x8 ../../../os/hal/src/hal_serial.o
 .text._gett    0x0000000000000eca        0x4 ../../../os/hal/src/hal_serial.o
 .text._get     0x0000000000000ece        0x8 ../../../os/hal/src/hal_serial.o
 .text._putt    0x0000000000000ed6        0x4 ../../../os/hal/src/hal_serial.o
 .text._put     0x0000000000000eda        0x8 ../../../os/hal/src/hal_serial.o
 .text.sdInit   0x0000000000000ee2        0x2 ../../../os/hal/src/hal_serial.o
                0x0000000000000ee2                sdInit
 .text.sdObjectInit
                0x0000000000000ee4       0x56 ../../../os/hal/src/hal_serial.o
                0x0000000000000ee4                sdObjectInit
 .text.sdIncomingDataI
                0x0000000000000f3a       0x48 ../../../os/hal/src/hal_serial.o
                0x0000000000000f3a                sdIncomingDataI
 .text.sdRequestDataI
                0x0000000000000f82       0x34 ../../../os/hal/src/hal_serial.o
                0x0000000000000f82                sdRequestDataI
 .text.hal_lld_init
                0x0000000000000fb6        0x2 ../../../os/hal/ports/AVR/MEGA/hal_lld.o
                0x0000000000000fb6                hal_lld_init
 .text._pal_lld_init
                0x0000000000000fb8       0x6c ../../../os/hal/ports/AVR/MEGA/GPIOv1/hal_pal_lld.o
                0x0000000000000fb8                _pal_lld_init
 .text._pal_lld_setgroupmode
                0x0000000000001024       0x48 ../../../os/hal/ports/AVR/MEGA/GPIOv1/hal_pal_lld.o
                0x0000000000001024                _pal_lld_setgroupmode
 .text.__vector_17
                0x000000000000106c       0x5e ../../../os/hal/ports/AVR/MEGA/TIMv1/hal_st_lld.o
                0x000000000000106c                __vector_17
 .text.st_lld_init
                0x00000000000010ca       0x2e ../../../os/hal/ports/AVR/MEGA/TIMv1/hal_st_lld.o
                0x00000000000010ca                st_lld_init
 .text.__vector_35
                0x00000000000010f8       0x70 ../../../os/hal/ports/AVR/MEGA/TIMv1/hal_pwm_lld.o
                0x00000000000010f8                __vector_35
 .text.__vector_32
                0x0000000000001168       0x70 ../../../os/hal/ports/AVR/MEGA/TIMv1/hal_pwm_lld.o
                0x0000000000001168                __vector_32
 .text.__vector_33
                0x00000000000011d8       0x70 ../../../os/hal/ports/AVR/MEGA/TIMv1/hal_pwm_lld.o
                0x00000000000011d8                __vector_33
 .text.__vector_34
                0x0000000000001248       0x70 ../../../os/hal/ports/AVR/MEGA/TIMv1/hal_pwm_lld.o
                0x0000000000001248                __vector_34
 .text.pwm_lld_init
                0x00000000000012b8       0x18 ../../../os/hal/ports/AVR/MEGA/TIMv1/hal_pwm_lld.o
                0x00000000000012b8                pwm_lld_init
 .text.pwm_lld_start
                0x00000000000012d0       0x5e ../../../os/hal/ports/AVR/MEGA/TIMv1/hal_pwm_lld.o
                0x00000000000012d0                pwm_lld_start
 .text.pwm_lld_enable_channel
                0x000000000000132e      0x19e ../../../os/hal/ports/AVR/MEGA/TIMv1/hal_pwm_lld.o
                0x000000000000132e                pwm_lld_enable_channel
 .text.notify1  0x00000000000014cc        0xc ../../../os/hal/ports/AVR/MEGA/USARTv1/hal_serial_lld.o
 .text.__vector_25
                0x00000000000014d8       0x8a ../../../os/hal/ports/AVR/MEGA/USARTv1/hal_serial_lld.o
                0x00000000000014d8                __vector_25
 .text.__vector_26
                0x0000000000001562       0x76 ../../../os/hal/ports/AVR/MEGA/USARTv1/hal_serial_lld.o
                0x0000000000001562                __vector_26
 .text.sd_lld_init
                0x00000000000015d8        0xe ../../../os/hal/ports/AVR/MEGA/USARTv1/hal_serial_lld.o
                0x00000000000015d8                sd_lld_init
 .text.boardInit
                0x00000000000015e6        0xc ../../../os/hal/boards/ARDUINO_MEGA/board.o
                0x00000000000015e6                boardInit
 .text.startup.main
                0x00000000000015f2       0x54 main.o
                0x00000000000015f2                main
 .text.avr-libc
                0x0000000000001646      0x25e /usr/lib/gcc/avr/5.4.0/../../../avr/lib/avr6/libprintf_min.a(vfprintf_min.o)
                0x0000000000001646                vfprintf
 .text.avr-libc
                0x00000000000018a4      0x3bc /usr/lib/gcc/avr/5.4.0/../../../avr/lib/avr6/libscanf_min.a(vfscanf_min.o)
                0x0000000000001a4a                vfscanf
 .text.avr-libc
                0x0000000000001c60       0x10 /usr/lib/gcc/avr/5.4.0/../../../avr/lib/avr6/libc.a(isspace.o)
                0x0000000000001c60                isspace
 .text.avr-libc
                0x0000000000001c70       0x16 /usr/lib/gcc/avr/5.4.0/../../../avr/lib/avr6/libc.a(strchr_P.o)
                0x0000000000001c70                strchr_P
 .text.avr-libc
                0x0000000000001c86       0x7c /usr/lib/gcc/avr/5.4.0/../../../avr/lib/avr6/libc.a(fgetc.o)
                0x0000000000001c86                fgetc
 .text.avr-libc
                0x0000000000001d02       0x78 /usr/lib/gcc/avr/5.4.0/../../../avr/lib/avr6/libc.a(fputc.o)
                0x0000000000001d02                fputc
 .text.avr-libc
                0x0000000000001d7a       0x32 /usr/lib/gcc/avr/5.4.0/../../../avr/lib/avr6/libc.a(ungetc.o)
                0x0000000000001d7a                ungetc
 .text.avr-libc
                0x0000000000001dac       0xbc /usr/lib/gcc/avr/5.4.0/../../../avr/lib/avr6/libc.a(ultoa_invert.o)
                0x0000000000001dac                __ultoa_invert
 .text.avr-libc
                0x0000000000001e68        0x6 /usr/lib/gcc/avr/5.4.0/../../../avr/lib/avr6/libc.a(cty_isfalse.o)
                0x0000000000001e68                __ctype_isfalse
                0x0000000000001e6c                __ctype_istrue
                0x0000000000001e6e                . = ALIGN (0x2)
 *(.fini9)
 .fini9         0x0000000000001e6e        0x0 /usr/lib/gcc/avr/5.4.0/avr6/libgcc.a(_exit.o)
                0x0000000000001e6e                exit
                0x0000000000001e6e                _exit
 *(.fini9)
 *(.fini8)
 *(.fini8)
 *(.fini7)
 *(.fini7)
 *(.fini6)
 *(.fini6)
 *(.fini5)
 *(.fini5)
 *(.fini4)
 *(.fini4)
 *(.fini3)
 *(.fini3)
 *(.fini2)
 *(.fini2)
 *(.fini1)
 *(.fini1)
 *(.fini0)
 .fini0         0x0000000000001e6e        0x4 /usr/lib/gcc/avr/5.4.0/avr6/libgcc.a(_exit.o)
 *(.fini0)
                0x0000000000001e72                _etext = .

.data           0x0000000000800200       0x70 load address 0x0000000000001e72
                0x0000000000800200                PROVIDE (__data_start, .)
 *(.data)
 *(.data*)
 .data.pwm3cfg.3125
                0x0000000000800200        0xf main.o
 *(.gnu.linkonce.d*)
 *(.rodata)
 *(.rodata*)
 .rodata.str1.1
                0x000000000080020f        0x5 ../../../os/rt/src/chsys.o
 .rodata.idle_descriptor.2514
                0x0000000000800214        0xb ../../../os/rt/src/chsys.o
 .rodata.ch_debug
                0x000000000080021f       0x16 ../../../os/rt/src/chregistry.o
                0x000000000080021f                ch_debug
 .rodata.vmt    0x0000000000800235       0x10 ../../../os/hal/src/hal_serial.o
 .rodata.regs_table
                0x0000000000800245       0x14 ../../../os/hal/ports/AVR/MEGA/TIMv1/hal_pwm_lld.o
 .rodata.pal_default_config
                0x0000000000800259       0x16 ../../../os/hal/boards/ARDUINO_MEGA/board.o
                0x0000000000800259                pal_default_config
 *(.gnu.linkonce.r*)
                0x0000000000800270                . = ALIGN (0x2)
 *fill*         0x000000000080026f        0x1 
                0x0000000000800270                _edata = .
                0x0000000000800270                PROVIDE (__data_end, .)

.bss            0x0000000000800270       0xef
                0x0000000000800270                PROVIDE (__bss_start, .)
 *(.bss)
 *(.bss*)
 *(COMMON)
 COMMON         0x0000000000800270       0x6b ../../../os/rt/src/chsys.o
                0x0000000000800270                ch_idle_thread_wa
 COMMON         0x00000000008002db       0x33 ../../../os/rt/src/chschd.o
                0x00000000008002db                ch
 COMMON         0x000000000080030e        0x1 ../../../os/common/ports/AVR/chcore.o
                0x000000000080030e                __avr_in_isr
 COMMON         0x000000000080030f        0x7 ../../../os/hal/ports/AVR/MEGA/TIMv1/hal_pwm_lld.o
                0x000000000080030f                PWMD3
 COMMON         0x0000000000800316       0x49 ../../../os/hal/ports/AVR/MEGA/USARTv1/hal_serial_lld.o
                0x0000000000800316                SD1
                0x000000000080035f                PROVIDE (__bss_end, .)
                0x0000000000001e72                __data_load_start = LOADADDR (.data)
                0x0000000000001ee2                __data_load_end = (__data_load_start + SIZEOF (.data))

.noinit         0x000000000080035f        0x0
                [!provide]                        PROVIDE (__noinit_start, .)
 *(.noinit*)
                [!provide]                        PROVIDE (__noinit_end, .)
                0x000000000080035f                _end = .
                [!provide]                        PROVIDE (__heap_start, .)

.eeprom         0x0000000000810000        0x0
 *(.eeprom*)
                0x0000000000810000                __eeprom_end = .

.fuse
 *(.fuse)
 *(.lfuse)
 *(.hfuse)
 *(.efuse)

.lock
 *(.lock*)

.signature
 *(.signature*)

.user_signatures
 *(.user_signatures*)

.stab
 *(.stab)

.stabstr
 *(.stabstr)

.stab.excl
 *(.stab.excl)

.stab.exclstr
 *(.stab.exclstr)

.stab.index
 *(.stab.index)

.stab.indexstr
 *(.stab.indexstr)

.comment        0x0000000000000000       0x11
 *(.comment)
 .comment       0x0000000000000000       0x11 ../../../os/rt/src/chsys.o
                                         0x12 (size before relaxing)
 .comment       0x0000000000000011       0x12 ../../../os/rt/src/chvt.o
 .comment       0x0000000000000011       0x12 ../../../os/rt/src/chschd.o
 .comment       0x0000000000000011       0x12 ../../../os/rt/src/chthreads.o
 .comment       0x0000000000000011       0x12 ../../../os/rt/src/chregistry.o
 .comment       0x0000000000000011       0x12 ../../../os/rt/src/chevents.o
 .comment       0x0000000000000011       0x12 ../../../os/common/ports/AVR/chcore.o
 .comment       0x0000000000000011       0x12 ../../../os/hal/src/hal.o
 .comment       0x0000000000000011       0x12 ../../../os/hal/src/hal_st.o
 .comment       0x0000000000000011       0x12 ../../../os/hal/src/hal_queues.o
 .comment       0x0000000000000011       0x12 ../../../os/hal/src/hal_pwm.o
 .comment       0x0000000000000011       0x12 ../../../os/hal/src/hal_serial.o
 .comment       0x0000000000000011       0x12 ../../../os/hal/ports/AVR/MEGA/hal_lld.o
 .comment       0x0000000000000011       0x12 ../../../os/hal/ports/AVR/MEGA/GPIOv1/hal_pal_lld.o
 .comment       0x0000000000000011       0x12 ../../../os/hal/ports/AVR/MEGA/TIMv1/hal_st_lld.o
 .comment       0x0000000000000011       0x12 ../../../os/hal/ports/AVR/MEGA/TIMv1/hal_pwm_lld.o
 .comment       0x0000000000000011       0x12 ../../../os/hal/ports/AVR/MEGA/USARTv1/hal_serial_lld.o
 .comment       0x0000000000000011       0x12 ../../../os/hal/boards/ARDUINO_MEGA/board.o
 .comment       0x0000000000000011       0x12 main.o
 .comment       0x0000000000000011       0x12 /usr/lib/gcc/avr/5.4.0/../../../avr/lib/avr6/libprintf_min.a(vfprintf_min.o)
 .comment       0x0000000000000011       0x12 /usr/lib/gcc/avr/5.4.0/../../../avr/lib/avr6/libscanf_min.a(vfscanf_min.o)
 .comment       0x0000000000000011       0x12 /usr/lib/gcc/avr/5.4.0/../../../avr/lib/avr6/libc.a(fgetc.o)
 .comment       0x0000000000000011       0x12 /usr/lib/gcc/avr/5.4.0/../../../avr/lib/avr6/libc.a(fputc.o)
 .comment       0x0000000000000011       0x12 /usr/lib/gcc/avr/5.4.0/../../../avr/lib/avr6/libc.a(ungetc.o)

.note.gnu.avr.deviceinfo
                0x0000000000000000       0x40
 .note.gnu.avr.deviceinfo
                0x0000000000000000       0x40 /usr/lib/gcc/avr/5.4.0/../../../avr/lib/avr6/crtatmega2560.o

.note.gnu.build-id
 *(.note.gnu.build-id)

.debug
 *(.debug)

.line
 *(.line)

.debug_srcinfo
 *(.debug_srcinfo)

.debug_sfnames
 *(.debug_sfnames)

.debug_aranges  0x0000000000000000      0x628
 *(.debug_aranges)
 .debug_aranges
                0x0000000000000000       0x50 ../../../os/rt/src/chsys.o
 .debug_aranges
                0x0000000000000050       0x30 ../../../os/rt/src/chvt.o
 .debug_aranges
                0x0000000000000080       0x70 ../../../os/rt/src/chschd.o
 .debug_aranges
                0x00000000000000f0       0xe8 ../../../os/rt/src/chthreads.o
 .debug_aranges
                0x00000000000001d8       0x38 ../../../os/rt/src/chregistry.o
 .debug_aranges
                0x0000000000000210       0xa0 ../../../os/rt/src/chevents.o
 .debug_aranges
                0x00000000000002b0       0x28 ../../../os/common/ports/AVR/chcore.o
 .debug_aranges
                0x00000000000002d8       0x20 ../../../os/hal/src/hal.o
 .debug_aranges
                0x00000000000002f8       0x40 ../../../os/hal/src/hal_st.o
 .debug_aranges
                0x0000000000000338       0x68 ../../../os/hal/src/hal_queues.o
 .debug_aranges
                0x00000000000003a0       0x70 ../../../os/hal/src/hal_pwm.o
 .debug_aranges
                0x0000000000000410       0x98 ../../../os/hal/src/hal_serial.o
 .debug_aranges
                0x00000000000004a8       0x20 ../../../os/hal/ports/AVR/MEGA/hal_lld.o
 .debug_aranges
                0x00000000000004c8       0x28 ../../../os/hal/ports/AVR/MEGA/GPIOv1/hal_pal_lld.o
 .debug_aranges
                0x00000000000004f0       0x28 ../../../os/hal/ports/AVR/MEGA/TIMv1/hal_st_lld.o
 .debug_aranges
                0x0000000000000518       0x88 ../../../os/hal/ports/AVR/MEGA/TIMv1/hal_pwm_lld.o
 .debug_aranges
                0x00000000000005a0       0x48 ../../../os/hal/ports/AVR/MEGA/USARTv1/hal_serial_lld.o
 .debug_aranges
                0x00000000000005e8       0x20 ../../../os/hal/boards/ARDUINO_MEGA/board.o
 .debug_aranges
                0x0000000000000608       0x20 main.o

.debug_pubnames
 *(.debug_pubnames)

.debug_info     0x0000000000000000    0x104c9
 *(.debug_info .gnu.linkonce.wi.*)
 .debug_info    0x0000000000000000      0xbbc /usr/lib/gcc/avr/5.4.0/../../../avr/lib/avr6/crtatmega2560.o
 .debug_info    0x0000000000000bbc      0xdb5 ../../../os/rt/src/chsys.o
 .debug_info    0x0000000000001971      0x92f ../../../os/rt/src/chvt.o
 .debug_info    0x00000000000022a0      0xdbc ../../../os/rt/src/chschd.o
 .debug_info    0x000000000000305c     0x1d21 ../../../os/rt/src/chthreads.o
 .debug_info    0x0000000000004d7d      0xbfd ../../../os/rt/src/chregistry.o
 .debug_info    0x000000000000597a     0x132d ../../../os/rt/src/chevents.o
 .debug_info    0x0000000000006ca7      0x75c ../../../os/common/ports/AVR/chcore.o
 .debug_info    0x0000000000007403      0x830 ../../../os/hal/src/hal.o
 .debug_info    0x0000000000007c33      0x83a ../../../os/hal/src/hal_st.o
 .debug_info    0x000000000000846d     0x1524 ../../../os/hal/src/hal_queues.o
 .debug_info    0x0000000000009991     0x1162 ../../../os/hal/src/hal_pwm.o
 .debug_info    0x000000000000aaf3     0x164c ../../../os/hal/src/hal_serial.o
 .debug_info    0x000000000000c13f      0x6a8 ../../../os/hal/ports/AVR/MEGA/hal_lld.o
 .debug_info    0x000000000000c7e7      0x859 ../../../os/hal/ports/AVR/MEGA/GPIOv1/hal_pal_lld.o
 .debug_info    0x000000000000d040      0x762 ../../../os/hal/ports/AVR/MEGA/TIMv1/hal_st_lld.o
 .debug_info    0x000000000000d7a2      0xd9d ../../../os/hal/ports/AVR/MEGA/TIMv1/hal_pwm_lld.o
 .debug_info    0x000000000000e53f      0xe29 ../../../os/hal/ports/AVR/MEGA/USARTv1/hal_serial_lld.o
 .debug_info    0x000000000000f368      0x79d ../../../os/hal/boards/ARDUINO_MEGA/board.o
 .debug_info    0x000000000000fb05      0x9c4 main.o

.debug_abbrev   0x0000000000000000     0x3c16
 *(.debug_abbrev)
 .debug_abbrev  0x0000000000000000      0xb1a /usr/lib/gcc/avr/5.4.0/../../../avr/lib/avr6/crtatmega2560.o
 .debug_abbrev  0x0000000000000b1a      0x423 ../../../os/rt/src/chsys.o
 .debug_abbrev  0x0000000000000f3d      0x28a ../../../os/rt/src/chvt.o
 .debug_abbrev  0x00000000000011c7      0x397 ../../../os/rt/src/chschd.o
 .debug_abbrev  0x000000000000155e      0x456 ../../../os/rt/src/chthreads.o
 .debug_abbrev  0x00000000000019b4      0x2d9 ../../../os/rt/src/chregistry.o
 .debug_abbrev  0x0000000000001c8d      0x373 ../../../os/rt/src/chevents.o
 .debug_abbrev  0x0000000000002000      0x1a0 ../../../os/common/ports/AVR/chcore.o
 .debug_abbrev  0x00000000000021a0      0x18e ../../../os/hal/src/hal.o
 .debug_abbrev  0x000000000000232e      0x200 ../../../os/hal/src/hal_st.o
 .debug_abbrev  0x000000000000252e      0x414 ../../../os/hal/src/hal_queues.o
 .debug_abbrev  0x0000000000002942      0x26c ../../../os/hal/src/hal_pwm.o
 .debug_abbrev  0x0000000000002bae      0x37e ../../../os/hal/src/hal_serial.o
 .debug_abbrev  0x0000000000002f2c      0x122 ../../../os/hal/ports/AVR/MEGA/hal_lld.o
 .debug_abbrev  0x000000000000304e      0x14f ../../../os/hal/ports/AVR/MEGA/GPIOv1/hal_pal_lld.o
 .debug_abbrev  0x000000000000319d      0x179 ../../../os/hal/ports/AVR/MEGA/TIMv1/hal_st_lld.o
 .debug_abbrev  0x0000000000003316      0x2a5 ../../../os/hal/ports/AVR/MEGA/TIMv1/hal_pwm_lld.o
 .debug_abbrev  0x00000000000035bb      0x364 ../../../os/hal/ports/AVR/MEGA/USARTv1/hal_serial_lld.o
 .debug_abbrev  0x000000000000391f      0x140 ../../../os/hal/boards/ARDUINO_MEGA/board.o
 .debug_abbrev  0x0000000000003a5f      0x1b7 main.o

.debug_line     0x0000000000000000     0x4263
 *(.debug_line .debug_line.* .debug_line_end)
 .debug_line    0x0000000000000000       0x1a /usr/lib/gcc/avr/5.4.0/../../../avr/lib/avr6/crtatmega2560.o
 .debug_line    0x000000000000001a      0x471 ../../../os/rt/src/chsys.o
 .debug_line    0x000000000000048b      0x336 ../../../os/rt/src/chvt.o
 .debug_line    0x00000000000007c1      0x4cb ../../../os/rt/src/chschd.o
 .debug_line    0x0000000000000c8c      0x8cc ../../../os/rt/src/chthreads.o
 .debug_line    0x0000000000001558      0x2ca ../../../os/rt/src/chregistry.o
 .debug_line    0x0000000000001822      0x61c ../../../os/rt/src/chevents.o
 .debug_line    0x0000000000001e3e      0x262 ../../../os/common/ports/AVR/chcore.o
 .debug_line    0x00000000000020a0      0x22b ../../../os/hal/src/hal.o
 .debug_line    0x00000000000022cb      0x1c8 ../../../os/hal/src/hal_st.o
 .debug_line    0x0000000000002493      0x64d ../../../os/hal/src/hal_queues.o
 .debug_line    0x0000000000002ae0      0x395 ../../../os/hal/src/hal_pwm.o
 .debug_line    0x0000000000002e75      0x46d ../../../os/hal/src/hal_serial.o
 .debug_line    0x00000000000032e2      0x121 ../../../os/hal/ports/AVR/MEGA/hal_lld.o
 .debug_line    0x0000000000003403      0x20e ../../../os/hal/ports/AVR/MEGA/GPIOv1/hal_pal_lld.o
 .debug_line    0x0000000000003611      0x1c3 ../../../os/hal/ports/AVR/MEGA/TIMv1/hal_st_lld.o
 .debug_line    0x00000000000037d4      0x3ef ../../../os/hal/ports/AVR/MEGA/TIMv1/hal_pwm_lld.o
 .debug_line    0x0000000000003bc3      0x357 ../../../os/hal/ports/AVR/MEGA/USARTv1/hal_serial_lld.o
 .debug_line    0x0000000000003f1a      0x16e ../../../os/hal/boards/ARDUINO_MEGA/board.o
 .debug_line    0x0000000000004088      0x1db main.o

.debug_frame    0x0000000000000000     0x1100
 *(.debug_frame)
 .debug_frame   0x0000000000000000       0xa8 ../../../os/rt/src/chsys.o
 .debug_frame   0x00000000000000a8       0x74 ../../../os/rt/src/chvt.o
 .debug_frame   0x000000000000011c      0x140 ../../../os/rt/src/chschd.o
 .debug_frame   0x000000000000025c      0x27c ../../../os/rt/src/chthreads.o
 .debug_frame   0x00000000000004d8       0x6c ../../../os/rt/src/chregistry.o
 .debug_frame   0x0000000000000544      0x1f4 ../../../os/rt/src/chevents.o
 .debug_frame   0x0000000000000738       0x34 ../../../os/common/ports/AVR/chcore.o
 .debug_frame   0x000000000000076c       0x24 ../../../os/hal/src/hal.o
 .debug_frame   0x0000000000000790       0x64 ../../../os/hal/src/hal_st.o
 .debug_frame   0x00000000000007f4      0x1e4 ../../../os/hal/src/hal_queues.o
 .debug_frame   0x00000000000009d8       0xdc ../../../os/hal/src/hal_pwm.o
 .debug_frame   0x0000000000000ab4      0x17c ../../../os/hal/src/hal_serial.o
 .debug_frame   0x0000000000000c30       0x24 ../../../os/hal/ports/AVR/MEGA/hal_lld.o
 .debug_frame   0x0000000000000c54       0x34 ../../../os/hal/ports/AVR/MEGA/GPIOv1/hal_pal_lld.o
 .debug_frame   0x0000000000000c88       0x88 ../../../os/hal/ports/AVR/MEGA/TIMv1/hal_st_lld.o
 .debug_frame   0x0000000000000d10      0x28c ../../../os/hal/ports/AVR/MEGA/TIMv1/hal_pwm_lld.o
 .debug_frame   0x0000000000000f9c      0x11c ../../../os/hal/ports/AVR/MEGA/USARTv1/hal_serial_lld.o
 .debug_frame   0x00000000000010b8       0x24 ../../../os/hal/boards/ARDUINO_MEGA/board.o
 .debug_frame   0x00000000000010dc       0x24 main.o

.debug_str      0x0000000000000000     0x1b93
 *(.debug_str)
 .debug_str     0x0000000000000000      0x3e6 /usr/lib/gcc/avr/5.4.0/../../../avr/lib/avr6/crtatmega2560.o
 .debug_str     0x00000000000003e6      0x6ea ../../../os/rt/src/chsys.o
                                        0x78f (size before relaxing)
 .debug_str     0x0000000000000ad0       0x6c ../../../os/rt/src/chvt.o
                                        0x505 (size before relaxing)
 .debug_str     0x0000000000000b3c      0x134 ../../../os/rt/src/chschd.o
                                        0x5cd (size before relaxing)
 .debug_str     0x0000000000000c70      0x244 ../../../os/rt/src/chthreads.o
                                        0x7ab (size before relaxing)
 .debug_str     0x0000000000000eb4       0x8b ../../../os/rt/src/chregistry.o
                                        0x586 (size before relaxing)
 .debug_str     0x0000000000000f3f      0x1cd ../../../os/rt/src/chevents.o
                                        0x656 (size before relaxing)
 .debug_str     0x000000000000110c       0x39 ../../../os/common/ports/AVR/chcore.o
                                        0x46d (size before relaxing)
 .debug_str     0x0000000000001145       0xd6 ../../../os/hal/src/hal.o
                                        0x4dc (size before relaxing)
 .debug_str     0x000000000000121b       0x83 ../../../os/hal/src/hal_st.o
                                        0x4c2 (size before relaxing)
 .debug_str     0x000000000000129e      0x1d5 ../../../os/hal/src/hal_queues.o
                                        0x6ab (size before relaxing)
 .debug_str     0x0000000000001473      0x298 ../../../os/hal/src/hal_pwm.o
                                        0x718 (size before relaxing)
 .debug_str     0x000000000000170b      0x1ad ../../../os/hal/src/hal_serial.o
                                        0x7b6 (size before relaxing)
 .debug_str     0x00000000000018b8       0x29 ../../../os/hal/ports/AVR/MEGA/hal_lld.o
                                        0x43c (size before relaxing)
 .debug_str     0x00000000000018e1       0x85 ../../../os/hal/ports/AVR/MEGA/GPIOv1/hal_pal_lld.o
                                        0x507 (size before relaxing)
 .debug_str     0x0000000000001966       0x7a ../../../os/hal/ports/AVR/MEGA/TIMv1/hal_st_lld.o
                                        0x517 (size before relaxing)
 .debug_str     0x00000000000019e0       0xf0 ../../../os/hal/ports/AVR/MEGA/TIMv1/hal_pwm_lld.o
                                        0x709 (size before relaxing)
 .debug_str     0x0000000000001ad0       0x83 ../../../os/hal/ports/AVR/MEGA/USARTv1/hal_serial_lld.o
                                        0x740 (size before relaxing)
 .debug_str     0x0000000000001b53       0x2c ../../../os/hal/boards/ARDUINO_MEGA/board.o
                                        0x4ac (size before relaxing)
 .debug_str     0x0000000000001b7f       0x14 main.o
                                        0x543 (size before relaxing)

.debug_loc      0x0000000000000000     0x4bb1
 *(.debug_loc)
 .debug_loc     0x0000000000000000      0x253 ../../../os/rt/src/chsys.o
 .debug_loc     0x0000000000000253      0x3fe ../../../os/rt/src/chvt.o
 .debug_loc     0x0000000000000651      0x538 ../../../os/rt/src/chschd.o
 .debug_loc     0x0000000000000b89      0xeb9 ../../../os/rt/src/chthreads.o
 .debug_loc     0x0000000000001a42      0x24f ../../../os/rt/src/chregistry.o
 .debug_loc     0x0000000000001c91      0x93b ../../../os/rt/src/chevents.o
 .debug_loc     0x00000000000025cc       0x7c ../../../os/hal/src/hal_st.o
 .debug_loc     0x0000000000002648      0xc7c ../../../os/hal/src/hal_queues.o
 .debug_loc     0x00000000000032c4      0x2f2 ../../../os/hal/src/hal_pwm.o
 .debug_loc     0x00000000000035b6      0x883 ../../../os/hal/src/hal_serial.o
 .debug_loc     0x0000000000003e39       0xf1 ../../../os/hal/ports/AVR/MEGA/GPIOv1/hal_pal_lld.o
 .debug_loc     0x0000000000003f2a       0xcb ../../../os/hal/ports/AVR/MEGA/TIMv1/hal_st_lld.o
 .debug_loc     0x0000000000003ff5      0x852 ../../../os/hal/ports/AVR/MEGA/TIMv1/hal_pwm_lld.o
 .debug_loc     0x0000000000004847      0x36a ../../../os/hal/ports/AVR/MEGA/USARTv1/hal_serial_lld.o

.debug_macinfo
 *(.debug_macinfo)

.debug_weaknames
 *(.debug_weaknames)

.debug_funcnames
 *(.debug_funcnames)

.debug_typenames
 *(.debug_typenames)

.debug_varnames
 *(.debug_varnames)

.debug_pubtypes
 *(.debug_pubtypes)

.debug_ranges   0x0000000000000000      0x738
 *(.debug_ranges)
 .debug_ranges  0x0000000000000000       0xd0 ../../../os/rt/src/chsys.o
 .debug_ranges  0x00000000000000d0       0x78 ../../../os/rt/src/chvt.o
 .debug_ranges  0x0000000000000148       0x60 ../../../os/rt/src/chschd.o
 .debug_ranges  0x00000000000001a8      0x120 ../../../os/rt/src/chthreads.o
 .debug_ranges  0x00000000000002c8       0x70 ../../../os/rt/src/chregistry.o
 .debug_ranges  0x0000000000000338       0xa8 ../../../os/rt/src/chevents.o
 .debug_ranges  0x00000000000003e0       0x18 ../../../os/common/ports/AVR/chcore.o
 .debug_ranges  0x00000000000003f8       0x10 ../../../os/hal/src/hal.o
 .debug_ranges  0x0000000000000408       0x30 ../../../os/hal/src/hal_st.o
 .debug_ranges  0x0000000000000438       0xc0 ../../../os/hal/src/hal_queues.o
 .debug_ranges  0x00000000000004f8       0x60 ../../../os/hal/src/hal_pwm.o
 .debug_ranges  0x0000000000000558       0xa0 ../../../os/hal/src/hal_serial.o
 .debug_ranges  0x00000000000005f8       0x10 ../../../os/hal/ports/AVR/MEGA/hal_lld.o
 .debug_ranges  0x0000000000000608       0x18 ../../../os/hal/ports/AVR/MEGA/GPIOv1/hal_pal_lld.o
 .debug_ranges  0x0000000000000620       0x18 ../../../os/hal/ports/AVR/MEGA/TIMv1/hal_st_lld.o
 .debug_ranges  0x0000000000000638       0x90 ../../../os/hal/ports/AVR/MEGA/TIMv1/hal_pwm_lld.o
 .debug_ranges  0x00000000000006c8       0x50 ../../../os/hal/ports/AVR/MEGA/USARTv1/hal_serial_lld.o
 .debug_ranges  0x0000000000000718       0x10 ../../../os/hal/boards/ARDUINO_MEGA/board.o
 .debug_ranges  0x0000000000000728       0x10 main.o

.debug_macro
 *(.debug_macro)
OUTPUT(ch.elf elf32-avr)
LOAD linker stubs

Cross Reference Table

Symbol                                            File
PWMD3                                             ../../../os/hal/ports/AVR/MEGA/TIMv1/hal_pwm_lld.o
                                                  main.o
SD1                                               ../../../os/hal/ports/AVR/MEGA/USARTv1/hal_serial_lld.o
__DATA_REGION_LENGTH__                            /usr/lib/gcc/avr/5.4.0/../../../avr/lib/avr6/crtatmega2560.o
__DATA_REGION_ORIGIN__                            /usr/lib/gcc/avr/5.4.0/../../../avr/lib/avr6/crtatmega2560.o
__EEPROM_REGION_LENGTH__                          /usr/lib/gcc/avr/5.4.0/../../../avr/lib/avr6/crtatmega2560.o
__FUSE_REGION_LENGTH__                            /usr/lib/gcc/avr/5.4.0/../../../avr/lib/avr6/crtatmega2560.o
__TEXT_REGION_LENGTH__                            /usr/lib/gcc/avr/5.4.0/../../../avr/lib/avr6/crtatmega2560.o
__addsf3                                          /usr/lib/gcc/avr/5.4.0/../../../avr/lib/avr6/libm.a(addsf3.o)
__addsf3x                                         /usr/lib/gcc/avr/5.4.0/../../../avr/lib/avr6/libm.a(addsf3x.o)
                                                  /usr/lib/gcc/avr/5.4.0/../../../avr/lib/avr6/libm.a(addsf3.o)
__avr_in_isr                                      ../../../os/common/ports/AVR/chcore.o
                                                  ../../../os/hal/ports/AVR/MEGA/USARTv1/hal_serial_lld.o
                                                  ../../../os/hal/ports/AVR/MEGA/TIMv1/hal_pwm_lld.o
                                                  ../../../os/hal/ports/AVR/MEGA/TIMv1/hal_st_lld.o
                                                  ../../../os/rt/src/chsys.o
__bad_interrupt                                   /usr/lib/gcc/avr/5.4.0/../../../avr/lib/avr6/crtatmega2560.o
__bss_end                                         /usr/lib/gcc/avr/5.4.0/avr6/libgcc.a(_clear_bss.o)
__bss_start                                       /usr/lib/gcc/avr/5.4.0/avr6/libgcc.a(_clear_bss.o)
__cmpsf2                                          /usr/lib/gcc/avr/5.4.0/../../../avr/lib/avr6/libm.a(cmpsf2.o)
__ctype_isfalse                                   /usr/lib/gcc/avr/5.4.0/../../../avr/lib/avr6/libc.a(cty_isfalse.o)
                                                  /usr/lib/gcc/avr/5.4.0/../../../avr/lib/avr6/libc.a(isspace.o)
__ctype_istrue                                    /usr/lib/gcc/avr/5.4.0/../../../avr/lib/avr6/libc.a(cty_isfalse.o)
__data_end                                        /usr/lib/gcc/avr/5.4.0/avr6/libgcc.a(_copy_data.o)
__data_load_start                                 /usr/lib/gcc/avr/5.4.0/avr6/libgcc.a(_copy_data.o)
__data_start                                      /usr/lib/gcc/avr/5.4.0/avr6/libgcc.a(_copy_data.o)
__divmodsi4                                       /usr/lib/gcc/avr/5.4.0/avr6/libgcc.a(_divmodsi4.o)
                                                  ../../../os/hal/lib/streams/chprintf.o
__do_clear_bss                                    /usr/lib/gcc/avr/5.4.0/avr6/libgcc.a(_clear_bss.o)
                                                  ../../../os/hal/ports/AVR/MEGA/USARTv1/hal_serial_lld.o
                                                  ../../../os/hal/ports/AVR/MEGA/TIMv1/hal_pwm_lld.o
                                                  ../../../os/common/ports/AVR/chcore.o
                                                  ../../../os/rt/src/chschd.o
                                                  ../../../os/rt/src/chsys.o
__do_copy_data                                    /usr/lib/gcc/avr/5.4.0/avr6/libgcc.a(_copy_data.o)
                                                  main.o
                                                  ../../../os/hal/lib/streams/nullstreams.o
                                                  ../../../os/hal/lib/streams/memstreams.o
                                                  ../../../os/hal/lib/streams/chprintf.o
                                                  ../../../os/hal/boards/ARDUINO_MEGA/board.o
                                                  ../../../os/hal/ports/AVR/MEGA/USARTv1/hal_serial_lld.o
                                                  ../../../os/hal/ports/AVR/MEGA/TIMv1/hal_pwm_lld.o
                                                  ../../../os/hal/src/hal_serial.o
                                                  ../../../os/rt/src/chregistry.o
                                                  ../../../os/rt/src/chthreads.o
                                                  ../../../os/rt/src/chsys.o
__eqsf2                                           /usr/lib/gcc/avr/5.4.0/../../../avr/lib/avr6/libm.a(cmpsf2.o)
__fixsfsi                                         /usr/lib/gcc/avr/5.4.0/../../../avr/lib/avr6/libm.a(fixsfsi.o)
                                                  ../../../os/hal/lib/streams/chprintf.o
__fixunssfsi                                      /usr/lib/gcc/avr/5.4.0/../../../avr/lib/avr6/libm.a(fixunssfsi.o)
                                                  /usr/lib/gcc/avr/5.4.0/../../../avr/lib/avr6/libm.a(fixsfsi.o)
__floatsisf                                       /usr/lib/gcc/avr/5.4.0/../../../avr/lib/avr6/libm.a(floatsisf.o)
                                                  ../../../os/hal/lib/streams/chprintf.o
__floatunsisf                                     /usr/lib/gcc/avr/5.4.0/../../../avr/lib/avr6/libm.a(floatsisf.o)
                                                  ../../../os/hal/lib/streams/chprintf.o
__fp_cmp                                          /usr/lib/gcc/avr/5.4.0/../../../avr/lib/avr6/libm.a(fp_cmp.o)
                                                  /usr/lib/gcc/avr/5.4.0/../../../avr/lib/avr6/libm.a(cmpsf2.o)
__fp_inf                                          /usr/lib/gcc/avr/5.4.0/../../../avr/lib/avr6/libm.a(fp_inf.o)
                                                  /usr/lib/gcc/avr/5.4.0/../../../avr/lib/avr6/libm.a(mulsf3x.o)
                                                  /usr/lib/gcc/avr/5.4.0/../../../avr/lib/avr6/libm.a(addsf3x.o)
__fp_nan                                          /usr/lib/gcc/avr/5.4.0/../../../avr/lib/avr6/libm.a(fp_nan.o)
                                                  /usr/lib/gcc/avr/5.4.0/../../../avr/lib/avr6/libm.a(mulsf3x.o)
                                                  /usr/lib/gcc/avr/5.4.0/../../../avr/lib/avr6/libm.a(addsf3x.o)
__fp_pscA                                         /usr/lib/gcc/avr/5.4.0/../../../avr/lib/avr6/libm.a(fp_pscA.o)
                                                  /usr/lib/gcc/avr/5.4.0/../../../avr/lib/avr6/libm.a(mulsf3x.o)
                                                  /usr/lib/gcc/avr/5.4.0/../../../avr/lib/avr6/libm.a(addsf3x.o)
__fp_pscB                                         /usr/lib/gcc/avr/5.4.0/../../../avr/lib/avr6/libm.a(fp_pscB.o)
                                                  /usr/lib/gcc/avr/5.4.0/../../../avr/lib/avr6/libm.a(mulsf3x.o)
                                                  /usr/lib/gcc/avr/5.4.0/../../../avr/lib/avr6/libm.a(addsf3x.o)
__fp_round                                        /usr/lib/gcc/avr/5.4.0/../../../avr/lib/avr6/libm.a(fp_round.o)
                                                  /usr/lib/gcc/avr/5.4.0/../../../avr/lib/avr6/libm.a(mulsf3.o)
                                                  /usr/lib/gcc/avr/5.4.0/../../../avr/lib/avr6/libm.a(addsf3.o)
__fp_split3                                       /usr/lib/gcc/avr/5.4.0/../../../avr/lib/avr6/libm.a(fp_split3.o)
                                                  /usr/lib/gcc/avr/5.4.0/../../../avr/lib/avr6/libm.a(mulsf3x.o)
                                                  /usr/lib/gcc/avr/5.4.0/../../../avr/lib/avr6/libm.a(addsf3x.o)
__fp_splitA                                       /usr/lib/gcc/avr/5.4.0/../../../avr/lib/avr6/libm.a(fp_split3.o)
                                                  /usr/lib/gcc/avr/5.4.0/../../../avr/lib/avr6/libm.a(fixunssfsi.o)
__fp_szero                                        /usr/lib/gcc/avr/5.4.0/../../../avr/lib/avr6/libm.a(fp_zero.o)
                                                  /usr/lib/gcc/avr/5.4.0/../../../avr/lib/avr6/libm.a(mulsf3x.o)
                                                  /usr/lib/gcc/avr/5.4.0/../../../avr/lib/avr6/libm.a(fixsfsi.o)
__fp_zero                                         /usr/lib/gcc/avr/5.4.0/../../../avr/lib/avr6/libm.a(fp_zero.o)
                                                  /usr/lib/gcc/avr/5.4.0/../../../avr/lib/avr6/libm.a(fixunssfsi.o)
                                                  /usr/lib/gcc/avr/5.4.0/../../../avr/lib/avr6/libm.a(addsf3x.o)
__heap_end                                        /usr/lib/gcc/avr/5.4.0/../../../avr/lib/avr6/crtatmega2560.o
__init                                            /usr/lib/gcc/avr/5.4.0/../../../avr/lib/avr6/crtatmega2560.o
__lesf2                                           /usr/lib/gcc/avr/5.4.0/../../../avr/lib/avr6/libm.a(cmpsf2.o)
__ltsf2                                           /usr/lib/gcc/avr/5.4.0/../../../avr/lib/avr6/libm.a(cmpsf2.o)
                                                  ../../../os/hal/lib/streams/chprintf.o
__mulsf3                                          /usr/lib/gcc/avr/5.4.0/../../../avr/lib/avr6/libm.a(mulsf3.o)
                                                  ../../../os/hal/lib/streams/chprintf.o
__mulsf3_pse                                      /usr/lib/gcc/avr/5.4.0/../../../avr/lib/avr6/libm.a(mulsf3x.o)
__mulsf3x                                         /usr/lib/gcc/avr/5.4.0/../../../avr/lib/avr6/libm.a(mulsf3x.o)
                                                  /usr/lib/gcc/avr/5.4.0/../../../avr/lib/avr6/libm.a(mulsf3.o)
__negsi2                                          /usr/lib/gcc/avr/5.4.0/avr6/libgcc.a(_negsi2.o)
                                                  /usr/lib/gcc/avr/5.4.0/avr6/libgcc.a(_divmodsi4.o)
__nesf2                                           /usr/lib/gcc/avr/5.4.0/../../../avr/lib/avr6/libm.a(cmpsf2.o)
__stack                                           /usr/lib/gcc/avr/5.4.0/../../../avr/lib/avr6/crtatmega2560.o
__subsf3                                          /usr/lib/gcc/avr/5.4.0/../../../avr/lib/avr6/libm.a(addsf3.o)
                                                  ../../../os/hal/lib/streams/chprintf.o
__tablejump2__                                    /usr/lib/gcc/avr/5.4.0/avr6/libgcc.a(_tablejump2.o)
                                                  ../../../os/hal/lib/streams/chprintf.o
__udivmodsi4                                      /usr/lib/gcc/avr/5.4.0/avr6/libgcc.a(_udivmodsi4.o)
                                                  /usr/lib/gcc/avr/5.4.0/avr6/libgcc.a(_divmodsi4.o)
                                                  ../../../os/hal/lib/streams/chprintf.o
__ultoa_invert                                    /usr/lib/gcc/avr/5.4.0/../../../avr/lib/avr6/libc.a(ultoa_invert.o)
                                                  /usr/lib/gcc/avr/5.4.0/../../../avr/lib/avr6/libprintf_min.a(vfprintf_min.o)
__vector_1                                        /usr/lib/gcc/avr/5.4.0/../../../avr/lib/avr6/crtatmega2560.o
__vector_10                                       /usr/lib/gcc/avr/5.4.0/../../../avr/lib/avr6/crtatmega2560.o
__vector_11                                       /usr/lib/gcc/avr/5.4.0/../../../avr/lib/avr6/crtatmega2560.o
__vector_12                                       /usr/lib/gcc/avr/5.4.0/../../../avr/lib/avr6/crtatmega2560.o
__vector_13                                       /usr/lib/gcc/avr/5.4.0/../../../avr/lib/avr6/crtatmega2560.o
__vector_14                                       /usr/lib/gcc/avr/5.4.0/../../../avr/lib/avr6/crtatmega2560.o
__vector_15                                       /usr/lib/gcc/avr/5.4.0/../../../avr/lib/avr6/crtatmega2560.o
__vector_16                                       /usr/lib/gcc/avr/5.4.0/../../../avr/lib/avr6/crtatmega2560.o
__vector_17                                       ../../../os/hal/ports/AVR/MEGA/TIMv1/hal_st_lld.o
                                                  /usr/lib/gcc/avr/5.4.0/../../../avr/lib/avr6/crtatmega2560.o
__vector_18                                       /usr/lib/gcc/avr/5.4.0/../../../avr/lib/avr6/crtatmega2560.o
__vector_19                                       /usr/lib/gcc/avr/5.4.0/../../../avr/lib/avr6/crtatmega2560.o
__vector_2                                        /usr/lib/gcc/avr/5.4.0/../../../avr/lib/avr6/crtatmega2560.o
__vector_20                                       /usr/lib/gcc/avr/5.4.0/../../../avr/lib/avr6/crtatmega2560.o
__vector_21                                       /usr/lib/gcc/avr/5.4.0/../../../avr/lib/avr6/crtatmega2560.o
__vector_22                                       /usr/lib/gcc/avr/5.4.0/../../../avr/lib/avr6/crtatmega2560.o
__vector_23                                       /usr/lib/gcc/avr/5.4.0/../../../avr/lib/avr6/crtatmega2560.o
__vector_24                                       /usr/lib/gcc/avr/5.4.0/../../../avr/lib/avr6/crtatmega2560.o
__vector_25                                       ../../../os/hal/ports/AVR/MEGA/USARTv1/hal_serial_lld.o
                                                  /usr/lib/gcc/avr/5.4.0/../../../avr/lib/avr6/crtatmega2560.o
__vector_26                                       ../../../os/hal/ports/AVR/MEGA/USARTv1/hal_serial_lld.o
                                                  /usr/lib/gcc/avr/5.4.0/../../../avr/lib/avr6/crtatmega2560.o
__vector_27                                       /usr/lib/gcc/avr/5.4.0/../../../avr/lib/avr6/crtatmega2560.o
__vector_28                                       /usr/lib/gcc/avr/5.4.0/../../../avr/lib/avr6/crtatmega2560.o
__vector_29                                       /usr/lib/gcc/avr/5.4.0/../../../avr/lib/avr6/crtatmega2560.o
__vector_3                                        /usr/lib/gcc/avr/5.4.0/../../../avr/lib/avr6/crtatmega2560.o
__vector_30                                       /usr/lib/gcc/avr/5.4.0/../../../avr/lib/avr6/crtatmega2560.o
__vector_31                                       /usr/lib/gcc/avr/5.4.0/../../../avr/lib/avr6/crtatmega2560.o
__vector_32                                       ../../../os/hal/ports/AVR/MEGA/TIMv1/hal_pwm_lld.o
                                                  /usr/lib/gcc/avr/5.4.0/../../../avr/lib/avr6/crtatmega2560.o
__vector_33                                       ../../../os/hal/ports/AVR/MEGA/TIMv1/hal_pwm_lld.o
                                                  /usr/lib/gcc/avr/5.4.0/../../../avr/lib/avr6/crtatmega2560.o
__vector_34                                       ../../../os/hal/ports/AVR/MEGA/TIMv1/hal_pwm_lld.o
                                                  /usr/lib/gcc/avr/5.4.0/../../../avr/lib/avr6/crtatmega2560.o
__vector_35                                       ../../../os/hal/ports/AVR/MEGA/TIMv1/hal_pwm_lld.o
                                                  /usr/lib/gcc/avr/5.4.0/../../../avr/lib/avr6/crtatmega2560.o
__vector_36                                       /usr/lib/gcc/avr/5.4.0/../../../avr/lib/avr6/crtatmega2560.o
__vector_37                                       /usr/lib/gcc/avr/5.4.0/../../../avr/lib/avr6/crtatmega2560.o
__vector_38                                       /usr/lib/gcc/avr/5.4.0/../../../avr/lib/avr6/crtatmega2560.o
__vector_39                                       /usr/lib/gcc/avr/5.4.0/../../../avr/lib/avr6/crtatmega2560.o
__vector_4                                        /usr/lib/gcc/avr/5.4.0/../../../avr/lib/avr6/crtatmega2560.o
__vector_40                                       /usr/lib/gcc/avr/5.4.0/../../../avr/lib/avr6/crtatmega2560.o
__vector_41                                       /usr/lib/gcc/avr/5.4.0/../../../avr/lib/avr6/crtatmega2560.o
__vector_42                                       /usr/lib/gcc/avr/5.4.0/../../../avr/lib/avr6/crtatmega2560.o
__vector_43                                       /usr/lib/gcc/avr/5.4.0/../../../avr/lib/avr6/crtatmega2560.o
__vector_44                                       /usr/lib/gcc/avr/5.4.0/../../../avr/lib/avr6/crtatmega2560.o
__vector_45                                       /usr/lib/gcc/avr/5.4.0/../../../avr/lib/avr6/crtatmega2560.o
__vector_46                                       /usr/lib/gcc/avr/5.4.0/../../../avr/lib/avr6/crtatmega2560.o
__vector_47                                       /usr/lib/gcc/avr/5.4.0/../../../avr/lib/avr6/crtatmega2560.o
__vector_48                                       /usr/lib/gcc/avr/5.4.0/../../../avr/lib/avr6/crtatmega2560.o
__vector_49                                       /usr/lib/gcc/avr/5.4.0/../../../avr/lib/avr6/crtatmega2560.o
__vector_5                                        /usr/lib/gcc/avr/5.4.0/../../../avr/lib/avr6/crtatmega2560.o
__vector_50                                       /usr/lib/gcc/avr/5.4.0/../../../avr/lib/avr6/crtatmega2560.o
__vector_51                                       /usr/lib/gcc/avr/5.4.0/../../../avr/lib/avr6/crtatmega2560.o
__vector_52                                       /usr/lib/gcc/avr/5.4.0/../../../avr/lib/avr6/crtatmega2560.o
__vector_53                                       /usr/lib/gcc/avr/5.4.0/../../../avr/lib/avr6/crtatmega2560.o
__vector_54                                       /usr/lib/gcc/avr/5.4.0/../../../avr/lib/avr6/crtatmega2560.o
__vector_55                                       /usr/lib/gcc/avr/5.4.0/../../../avr/lib/avr6/crtatmega2560.o
__vector_56                                       /usr/lib/gcc/avr/5.4.0/../../../avr/lib/avr6/crtatmega2560.o
__vector_6                                        /usr/lib/gcc/avr/5.4.0/../../../avr/lib/avr6/crtatmega2560.o
__vector_7                                        /usr/lib/gcc/avr/5.4.0/../../../avr/lib/avr6/crtatmega2560.o
__vector_8                                        /usr/lib/gcc/avr/5.4.0/../../../avr/lib/avr6/crtatmega2560.o
__vector_9                                        /usr/lib/gcc/avr/5.4.0/../../../avr/lib/avr6/crtatmega2560.o
__vector_default                                  /usr/lib/gcc/avr/5.4.0/../../../avr/lib/avr6/crtatmega2560.o
__vectors                                         /usr/lib/gcc/avr/5.4.0/../../../avr/lib/avr6/crtatmega2560.o
_exit                                             /usr/lib/gcc/avr/5.4.0/avr6/libgcc.a(_exit.o)
_pal_lld_init                                     ../../../os/hal/ports/AVR/MEGA/GPIOv1/hal_pal_lld.o
                                                  ../../../os/hal/src/hal.o
_pal_lld_setgroupmode                             ../../../os/hal/ports/AVR/MEGA/GPIOv1/hal_pal_lld.o
                                                  main.o
                                                  ../../../os/hal/src/hal_pal.o
_port_switch                                      ../../../os/common/ports/AVR/chcore.o
                                                  ../../../os/rt/src/chschd.o
_port_thread_start                                ../../../os/common/ports/AVR/chcore.o
                                                  ../../../os/rt/src/chthreads.o
_scheduler_init                                   ../../../os/rt/src/chschd.o
                                                  ../../../os/rt/src/chsys.o
_thread_init                                      ../../../os/rt/src/chthreads.o
                                                  ../../../os/rt/src/chsys.o
_vt_init                                          ../../../os/rt/src/chvt.o
                                                  ../../../os/rt/src/chsys.o
boardInit                                         ../../../os/hal/boards/ARDUINO_MEGA/board.o
                                                  ../../../os/hal/src/hal.o
ch                                                ../../../os/rt/src/chschd.o
                                                  ../../../os/rt/src/chmsg.o
                                                  ../../../os/rt/src/chevents.o
                                                  ../../../os/rt/src/chcond.o
                                                  ../../../os/rt/src/chmtx.o
                                                  ../../../os/rt/src/chsem.o
                                                  ../../../os/rt/src/chregistry.o
                                                  ../../../os/rt/src/chthreads.o
                                                  ../../../os/rt/src/chvt.o
                                                  ../../../os/rt/src/chsys.o
chCondBroadcast                                   ../../../os/rt/src/chcond.o
chCondBroadcastI                                  ../../../os/rt/src/chcond.o
chCondObjectInit                                  ../../../os/rt/src/chcond.o
chCondSignal                                      ../../../os/rt/src/chcond.o
chCondSignalI                                     ../../../os/rt/src/chcond.o
chCondWait                                        ../../../os/rt/src/chcond.o
chCondWaitS                                       ../../../os/rt/src/chcond.o
chCondWaitTimeout                                 ../../../os/rt/src/chcond.o
chCondWaitTimeoutS                                ../../../os/rt/src/chcond.o
chEvtAddEvents                                    ../../../os/rt/src/chevents.o
chEvtBroadcastFlags                               ../../../os/rt/src/chevents.o
chEvtBroadcastFlagsI                              ../../../os/rt/src/chevents.o
                                                  ../../../os/various/evtimer.o
                                                  ../../../os/hal/ports/AVR/MEGA/USARTv1/hal_serial_lld.o
                                                  ../../../os/hal/src/hal_serial.o
chEvtDispatch                                     ../../../os/rt/src/chevents.o
chEvtGetAndClearEvents                            ../../../os/rt/src/chevents.o
chEvtGetAndClearFlags                             ../../../os/rt/src/chevents.o
chEvtGetAndClearFlagsI                            ../../../os/rt/src/chevents.o
chEvtRegisterMaskWithFlags                        ../../../os/rt/src/chevents.o
chEvtSignal                                       ../../../os/rt/src/chevents.o
chEvtSignalI                                      ../../../os/rt/src/chevents.o
chEvtUnregister                                   ../../../os/rt/src/chevents.o
chEvtWaitAll                                      ../../../os/rt/src/chevents.o
chEvtWaitAllTimeout                               ../../../os/rt/src/chevents.o
chEvtWaitAny                                      ../../../os/rt/src/chevents.o
chEvtWaitAnyTimeout                               ../../../os/rt/src/chevents.o
chEvtWaitOne                                      ../../../os/rt/src/chevents.o
chEvtWaitOneTimeout                               ../../../os/rt/src/chevents.o
chMBFetch                                         ../../../os/common/oslib/src/chmboxes.o
chMBFetchI                                        ../../../os/common/oslib/src/chmboxes.o
chMBFetchS                                        ../../../os/common/oslib/src/chmboxes.o
chMBObjectInit                                    ../../../os/common/oslib/src/chmboxes.o
chMBPost                                          ../../../os/common/oslib/src/chmboxes.o
chMBPostAhead                                     ../../../os/common/oslib/src/chmboxes.o
chMBPostAheadI                                    ../../../os/common/oslib/src/chmboxes.o
chMBPostAheadS                                    ../../../os/common/oslib/src/chmboxes.o
chMBPostI                                         ../../../os/common/oslib/src/chmboxes.o
chMBPostS                                         ../../../os/common/oslib/src/chmboxes.o
chMBReset                                         ../../../os/common/oslib/src/chmboxes.o
chMBResetI                                        ../../../os/common/oslib/src/chmboxes.o
chMsgRelease                                      ../../../os/rt/src/chmsg.o
chMsgSend                                         ../../../os/rt/src/chmsg.o
chMsgWait                                         ../../../os/rt/src/chmsg.o
chMtxLock                                         ../../../os/rt/src/chmtx.o
chMtxLockS                                        ../../../os/rt/src/chmtx.o
                                                  ../../../os/rt/src/chcond.o
chMtxObjectInit                                   ../../../os/rt/src/chmtx.o
chMtxTryLock                                      ../../../os/rt/src/chmtx.o
chMtxTryLockS                                     ../../../os/rt/src/chmtx.o
chMtxUnlock                                       ../../../os/rt/src/chmtx.o
chMtxUnlockAll                                    ../../../os/rt/src/chmtx.o
chMtxUnlockAllS                                   ../../../os/rt/src/chmtx.o
chMtxUnlockS                                      ../../../os/rt/src/chmtx.o
                                                  ../../../os/rt/src/chcond.o
chRegFindThreadByName                             ../../../os/rt/src/chregistry.o
chRegFindThreadByPointer                          ../../../os/rt/src/chregistry.o
chRegFirstThread                                  ../../../os/rt/src/chregistry.o
chRegNextThread                                   ../../../os/rt/src/chregistry.o
chSchDoReschedule                                 ../../../os/rt/src/chschd.o
                                                  ../../../os/hal/ports/AVR/MEGA/USARTv1/hal_serial_lld.o
                                                  ../../../os/hal/ports/AVR/MEGA/TIMv1/hal_pwm_lld.o
                                                  ../../../os/hal/ports/AVR/MEGA/TIMv1/hal_st_lld.o
chSchDoRescheduleAhead                            ../../../os/rt/src/chschd.o
chSchDoRescheduleBehind                           ../../../os/rt/src/chschd.o
                                                  ../../../os/rt/src/chthreads.o
chSchGoSleepS                                     ../../../os/rt/src/chschd.o
                                                  ../../../os/rt/src/chmsg.o
                                                  ../../../os/rt/src/chevents.o
                                                  ../../../os/rt/src/chcond.o
                                                  ../../../os/rt/src/chmtx.o
                                                  ../../../os/rt/src/chsem.o
                                                  ../../../os/rt/src/chthreads.o
chSchGoSleepTimeoutS                              ../../../os/rt/src/chschd.o
                                                  ../../../os/rt/src/chevents.o
                                                  ../../../os/rt/src/chcond.o
                                                  ../../../os/rt/src/chsem.o
                                                  ../../../os/rt/src/chthreads.o
chSchIsPreemptionRequired                         ../../../os/rt/src/chschd.o
                                                  ../../../os/hal/ports/AVR/MEGA/USARTv1/hal_serial_lld.o
                                                  ../../../os/hal/ports/AVR/MEGA/TIMv1/hal_pwm_lld.o
                                                  ../../../os/hal/ports/AVR/MEGA/TIMv1/hal_st_lld.o
chSchReadyAheadI                                  ../../../os/rt/src/chschd.o
chSchReadyI                                       ../../../os/rt/src/chschd.o
                                                  ../../../os/rt/src/chmsg.o
                                                  ../../../os/rt/src/chevents.o
                                                  ../../../os/rt/src/chcond.o
                                                  ../../../os/rt/src/chmtx.o
                                                  ../../../os/rt/src/chsem.o
                                                  ../../../os/rt/src/chthreads.o
chSchRescheduleS                                  ../../../os/rt/src/chschd.o
                                                  ../../../os/hal/src/hal_serial.o
                                                  ../../../os/common/oslib/src/chmboxes.o
                                                  ../../../os/rt/src/chevents.o
                                                  ../../../os/rt/src/chcond.o
                                                  ../../../os/rt/src/chmtx.o
                                                  ../../../os/rt/src/chsem.o
                                                  ../../../os/rt/src/chthreads.o
                                                  ../../../os/rt/src/chsys.o
chSchWakeupS                                      ../../../os/rt/src/chschd.o
                                                  ../../../os/rt/src/chmsg.o
                                                  ../../../os/rt/src/chcond.o
                                                  ../../../os/rt/src/chsem.o
                                                  ../../../os/rt/src/chthreads.o
chSemAddCounterI                                  ../../../os/rt/src/chsem.o
chSemObjectInit                                   ../../../os/rt/src/chsem.o
chSemReset                                        ../../../os/rt/src/chsem.o
chSemResetI                                       ../../../os/rt/src/chsem.o
chSemSignal                                       ../../../os/rt/src/chsem.o
chSemSignalI                                      ../../../os/rt/src/chsem.o
chSemSignalWait                                   ../../../os/rt/src/chsem.o
chSemWait                                         ../../../os/rt/src/chsem.o
chSemWaitS                                        ../../../os/rt/src/chsem.o
chSemWaitTimeout                                  ../../../os/rt/src/chsem.o
chSemWaitTimeoutS                                 ../../../os/rt/src/chsem.o
chSysGetStatusAndLockX                            ../../../os/rt/src/chsys.o
chSysHalt                                         ../../../os/rt/src/chsys.o
chSysInit                                         ../../../os/rt/src/chsys.o
                                                  main.o
chSysIntegrityCheckI                              ../../../os/rt/src/chsys.o
chSysRestoreStatusX                               ../../../os/rt/src/chsys.o
chSysTimerHandlerI                                ../../../os/rt/src/chsys.o
                                                  ../../../os/hal/ports/AVR/MEGA/TIMv1/hal_st_lld.o
chThdAddRef                                       ../../../os/rt/src/chthreads.o
chThdCreate                                       ../../../os/rt/src/chthreads.o
                                                  ../../../os/rt/src/chsys.o
chThdCreateI                                      ../../../os/rt/src/chthreads.o
chThdCreateStatic                                 ../../../os/rt/src/chthreads.o
chThdCreateSuspended                              ../../../os/rt/src/chthreads.o
chThdCreateSuspendedI                             ../../../os/rt/src/chthreads.o
chThdDequeueAllI                                  ../../../os/rt/src/chthreads.o
                                                  ../../../os/hal/src/hal_queues.o
                                                  ../../../os/hal/src/hal_buffers.o
                                                  ../../../os/common/oslib/src/chmboxes.o
chThdDequeueNextI                                 ../../../os/rt/src/chthreads.o
                                                  ../../../os/hal/src/hal_queues.o
                                                  ../../../os/hal/src/hal_buffers.o
                                                  ../../../os/common/oslib/src/chmboxes.o
chThdEnqueueTimeoutS                              ../../../os/rt/src/chthreads.o
                                                  ../../../os/hal/src/hal_queues.o
                                                  ../../../os/hal/src/hal_buffers.o
                                                  ../../../os/common/oslib/src/chmboxes.o
chThdExit                                         ../../../os/rt/src/chthreads.o
                                                  ../../../os/common/ports/AVR/chcore.o
chThdExitS                                        ../../../os/rt/src/chthreads.o
chThdRelease                                      ../../../os/rt/src/chthreads.o
chThdResume                                       ../../../os/rt/src/chthreads.o
chThdResumeI                                      ../../../os/rt/src/chthreads.o
chThdResumeS                                      ../../../os/rt/src/chthreads.o
chThdSetPriority                                  ../../../os/rt/src/chthreads.o
chThdSleep                                        ../../../os/rt/src/chthreads.o
chThdSleepUntil                                   ../../../os/rt/src/chthreads.o
chThdSleepUntilWindowed                           ../../../os/rt/src/chthreads.o
chThdStart                                        ../../../os/rt/src/chthreads.o
chThdSuspendS                                     ../../../os/rt/src/chthreads.o
chThdSuspendTimeoutS                              ../../../os/rt/src/chthreads.o
chThdTerminate                                    ../../../os/rt/src/chthreads.o
chThdWait                                         ../../../os/rt/src/chthreads.o
chThdYield                                        ../../../os/rt/src/chthreads.o
chVTDoResetI                                      ../../../os/rt/src/chvt.o
                                                  ../../../os/various/evtimer.o
                                                  ../../../os/rt/src/chschd.o
chVTDoSetI                                        ../../../os/rt/src/chvt.o
                                                  ../../../os/various/evtimer.o
                                                  ../../../os/rt/src/chschd.o
ch_debug                                          ../../../os/rt/src/chregistry.o
                                                  ../../../os/rt/src/chsys.o
ch_idle_thread_wa                                 ../../../os/rt/src/chsys.o
chprintf                                          ../../../os/hal/lib/streams/chprintf.o
chsnprintf                                        ../../../os/hal/lib/streams/chprintf.o
chvprintf                                         ../../../os/hal/lib/streams/chprintf.o
evtObjectInit                                     ../../../os/various/evtimer.o
evtStart                                          ../../../os/various/evtimer.o
exit                                              /usr/lib/gcc/avr/5.4.0/avr6/libgcc.a(_exit.o)
                                                  /usr/lib/gcc/avr/5.4.0/../../../avr/lib/avr6/crtatmega2560.o
fgetc                                             /usr/lib/gcc/avr/5.4.0/../../../avr/lib/avr6/libc.a(fgetc.o)
                                                  /usr/lib/gcc/avr/5.4.0/../../../avr/lib/avr6/libscanf_min.a(vfscanf_min.o)
fputc                                             /usr/lib/gcc/avr/5.4.0/../../../avr/lib/avr6/libc.a(fputc.o)
                                                  /usr/lib/gcc/avr/5.4.0/../../../avr/lib/avr6/libprintf_min.a(vfprintf_min.o)
halInit                                           ../../../os/hal/src/hal.o
                                                  main.o
hal_lld_init                                      ../../../os/hal/ports/AVR/MEGA/hal_lld.o
                                                  ../../../os/hal/src/hal.o
ibqGetEmptyBufferI                                ../../../os/hal/src/hal_buffers.o
ibqGetFullBufferTimeout                           ../../../os/hal/src/hal_buffers.o
ibqGetFullBufferTimeoutS                          ../../../os/hal/src/hal_buffers.o
ibqGetTimeout                                     ../../../os/hal/src/hal_buffers.o
ibqObjectInit                                     ../../../os/hal/src/hal_buffers.o
ibqPostFullBufferI                                ../../../os/hal/src/hal_buffers.o
ibqReadTimeout                                    ../../../os/hal/src/hal_buffers.o
ibqReleaseEmptyBuffer                             ../../../os/hal/src/hal_buffers.o
ibqReleaseEmptyBufferS                            ../../../os/hal/src/hal_buffers.o
ibqResetI                                         ../../../os/hal/src/hal_buffers.o
iqGetTimeout                                      ../../../os/hal/src/hal_queues.o
                                                  ../../../os/hal/src/hal_serial.o
iqObjectInit                                      ../../../os/hal/src/hal_queues.o
                                                  ../../../os/hal/src/hal_serial.o
iqPutI                                            ../../../os/hal/src/hal_queues.o
                                                  ../../../os/hal/src/hal_serial.o
iqReadTimeout                                     ../../../os/hal/src/hal_queues.o
                                                  ../../../os/hal/src/hal_serial.o
iqResetI                                          ../../../os/hal/src/hal_queues.o
                                                  ../../../os/hal/src/hal_serial.o
isspace                                           /usr/lib/gcc/avr/5.4.0/../../../avr/lib/avr6/libc.a(isspace.o)
                                                  /usr/lib/gcc/avr/5.4.0/../../../avr/lib/avr6/libscanf_min.a(vfscanf_min.o)
main                                              main.o
                                                  /usr/lib/gcc/avr/5.4.0/../../../avr/lib/avr6/crtatmega2560.o
memcpy                                            /usr/lib/gcc/avr/5.4.0/../../../avr/lib/avr6/libc.a(memcpy.o)
                                                  ../../../os/hal/lib/streams/memstreams.o
                                                  ../../../os/hal/src/hal_buffers.o
msObjectInit                                      ../../../os/hal/lib/streams/memstreams.o
                                                  ../../../os/hal/lib/streams/chprintf.o
nullObjectInit                                    ../../../os/hal/lib/streams/nullstreams.o
obqFlush                                          ../../../os/hal/src/hal_buffers.o
obqGetEmptyBufferTimeout                          ../../../os/hal/src/hal_buffers.o
obqGetEmptyBufferTimeoutS                         ../../../os/hal/src/hal_buffers.o
obqGetFullBufferI                                 ../../../os/hal/src/hal_buffers.o
obqObjectInit                                     ../../../os/hal/src/hal_buffers.o
obqPostFullBuffer                                 ../../../os/hal/src/hal_buffers.o
obqPostFullBufferS                                ../../../os/hal/src/hal_buffers.o
obqPutTimeout                                     ../../../os/hal/src/hal_buffers.o
obqReleaseEmptyBufferI                            ../../../os/hal/src/hal_buffers.o
obqResetI                                         ../../../os/hal/src/hal_buffers.o
obqTryFlushI                                      ../../../os/hal/src/hal_buffers.o
obqWriteTimeout                                   ../../../os/hal/src/hal_buffers.o
oqGetI                                            ../../../os/hal/src/hal_queues.o
                                                  ../../../os/hal/src/hal_serial.o
oqObjectInit                                      ../../../os/hal/src/hal_queues.o
                                                  ../../../os/hal/src/hal_serial.o
oqPutTimeout                                      ../../../os/hal/src/hal_queues.o
                                                  ../../../os/hal/src/hal_serial.o
oqResetI                                          ../../../os/hal/src/hal_queues.o
                                                  ../../../os/hal/src/hal_serial.o
oqWriteTimeout                                    ../../../os/hal/src/hal_queues.o
                                                  ../../../os/hal/src/hal_serial.o
palReadBus                                        ../../../os/hal/src/hal_pal.o
palSetBusMode                                     ../../../os/hal/src/hal_pal.o
palWriteBus                                       ../../../os/hal/src/hal_pal.o
pal_default_config                                ../../../os/hal/boards/ARDUINO_MEGA/board.o
                                                  ../../../os/hal/src/hal.o
pwmChangePeriod                                   ../../../os/hal/src/hal_pwm.o
pwmDisableChannel                                 ../../../os/hal/src/hal_pwm.o
pwmDisableChannelNotification                     ../../../os/hal/src/hal_pwm.o
pwmDisablePeriodicNotification                    ../../../os/hal/src/hal_pwm.o
pwmEnableChannel                                  ../../../os/hal/src/hal_pwm.o
                                                  main.o
pwmEnableChannelNotification                      ../../../os/hal/src/hal_pwm.o
pwmEnablePeriodicNotification                     ../../../os/hal/src/hal_pwm.o
pwmInit                                           ../../../os/hal/src/hal_pwm.o
                                                  ../../../os/hal/src/hal.o
pwmObjectInit                                     ../../../os/hal/src/hal_pwm.o
                                                  ../../../os/hal/ports/AVR/MEGA/TIMv1/hal_pwm_lld.o
pwmStart                                          ../../../os/hal/src/hal_pwm.o
                                                  main.o
pwmStop                                           ../../../os/hal/src/hal_pwm.o
pwm_lld_change_period                             ../../../os/hal/ports/AVR/MEGA/TIMv1/hal_pwm_lld.o
                                                  ../../../os/hal/src/hal_pwm.o
pwm_lld_disable_channel                           ../../../os/hal/ports/AVR/MEGA/TIMv1/hal_pwm_lld.o
                                                  ../../../os/hal/src/hal_pwm.o
pwm_lld_disable_channel_notification              ../../../os/hal/ports/AVR/MEGA/TIMv1/hal_pwm_lld.o
                                                  ../../../os/hal/src/hal_pwm.o
pwm_lld_disable_periodic_notification             ../../../os/hal/ports/AVR/MEGA/TIMv1/hal_pwm_lld.o
                                                  ../../../os/hal/src/hal_pwm.o
pwm_lld_enable_channel                            ../../../os/hal/ports/AVR/MEGA/TIMv1/hal_pwm_lld.o
                                                  ../../../os/hal/src/hal_pwm.o
pwm_lld_enable_channel_notification               ../../../os/hal/ports/AVR/MEGA/TIMv1/hal_pwm_lld.o
                                                  ../../../os/hal/src/hal_pwm.o
pwm_lld_enable_periodic_notification              ../../../os/hal/ports/AVR/MEGA/TIMv1/hal_pwm_lld.o
                                                  ../../../os/hal/src/hal_pwm.o
pwm_lld_init                                      ../../../os/hal/ports/AVR/MEGA/TIMv1/hal_pwm_lld.o
                                                  ../../../os/hal/src/hal_pwm.o
pwm_lld_start                                     ../../../os/hal/ports/AVR/MEGA/TIMv1/hal_pwm_lld.o
                                                  ../../../os/hal/src/hal_pwm.o
pwm_lld_stop                                      ../../../os/hal/ports/AVR/MEGA/TIMv1/hal_pwm_lld.o
                                                  ../../../os/hal/src/hal_pwm.o
sdGetWouldBlock                                   ../../../os/hal/src/hal_serial.o
sdIncomingDataI                                   ../../../os/hal/src/hal_serial.o
                                                  ../../../os/hal/ports/AVR/MEGA/USARTv1/hal_serial_lld.o
sdInit                                            ../../../os/hal/src/hal_serial.o
                                                  ../../../os/hal/src/hal.o
sdObjectInit                                      ../../../os/hal/src/hal_serial.o
                                                  ../../../os/hal/ports/AVR/MEGA/USARTv1/hal_serial_lld.o
sdPutWouldBlock                                   ../../../os/hal/src/hal_serial.o
sdRequestDataI                                    ../../../os/hal/src/hal_serial.o
                                                  ../../../os/hal/ports/AVR/MEGA/USARTv1/hal_serial_lld.o
sdStart                                           ../../../os/hal/src/hal_serial.o
sdStop                                            ../../../os/hal/src/hal_serial.o
sd_lld_init                                       ../../../os/hal/ports/AVR/MEGA/USARTv1/hal_serial_lld.o
                                                  ../../../os/hal/src/hal_serial.o
sd_lld_start                                      ../../../os/hal/ports/AVR/MEGA/USARTv1/hal_serial_lld.o
                                                  ../../../os/hal/src/hal_serial.o
sd_lld_stop                                       ../../../os/hal/ports/AVR/MEGA/USARTv1/hal_serial_lld.o
                                                  ../../../os/hal/src/hal_serial.o
stGetAlarm                                        ../../../os/hal/src/hal_st.o
stInit                                            ../../../os/hal/src/hal_st.o
                                                  ../../../os/hal/src/hal.o
stSetAlarm                                        ../../../os/hal/src/hal_st.o
                                                  ../../../os/rt/src/chvt.o
                                                  ../../../os/rt/src/chsys.o
stStartAlarm                                      ../../../os/hal/src/hal_st.o
                                                  ../../../os/rt/src/chvt.o
stStopAlarm                                       ../../../os/hal/src/hal_st.o
                                                  ../../../os/rt/src/chvt.o
                                                  ../../../os/rt/src/chsys.o
st_lld_init                                       ../../../os/hal/ports/AVR/MEGA/TIMv1/hal_st_lld.o
                                                  ../../../os/hal/src/hal_st.o
strchr_P                                          /usr/lib/gcc/avr/5.4.0/../../../avr/lib/avr6/libc.a(strchr_P.o)
                                                  /usr/lib/gcc/avr/5.4.0/../../../avr/lib/avr6/libscanf_min.a(vfscanf_min.o)
                                                  /usr/lib/gcc/avr/5.4.0/../../../avr/lib/avr6/libprintf_min.a(vfprintf_min.o)
strcmp                                            /usr/lib/gcc/avr/5.4.0/../../../avr/lib/avr6/libc.a(strcmp.o)
                                                  ../../../os/rt/src/chregistry.o
ungetc                                            /usr/lib/gcc/avr/5.4.0/../../../avr/lib/avr6/libc.a(ungetc.o)
                                                  /usr/lib/gcc/avr/5.4.0/../../../avr/lib/avr6/libscanf_min.a(vfscanf_min.o)
vfprintf                                          /usr/lib/gcc/avr/5.4.0/../../../avr/lib/avr6/libprintf_min.a(vfprintf_min.o)
vfscanf                                           /usr/lib/gcc/avr/5.4.0/../../../avr/lib/avr6/libscanf_min.a(vfscanf_min.o)
