Archive member included to satisfy reference by file (symbol)

/usr/lib/gcc/arm-none-eabi/10.3.1/thumb/v7e-m/nofp/libgcc.a(unwind-arm.o)
                              build/obj/ch.o (__aeabi_unwind_cpp_pr0)
/usr/lib/gcc/arm-none-eabi/10.3.1/thumb/v7e-m/nofp/libgcc.a(libunwind.o)
                              /usr/lib/gcc/arm-none-eabi/10.3.1/thumb/v7e-m/nofp/libgcc.a(unwind-arm.o) (restore_core_regs)
/usr/lib/gcc/arm-none-eabi/10.3.1/thumb/v7e-m/nofp/libgcc.a(pr-support.o)
                              /usr/lib/gcc/arm-none-eabi/10.3.1/thumb/v7e-m/nofp/libgcc.a(unwind-arm.o) (__gnu_unwind_execute)
/usr/lib/gcc/arm-none-eabi/10.3.1/../../../arm-none-eabi/lib/thumb/v7e-m/nofp/libg.a(lib_a-abort.o)
                              /usr/lib/gcc/arm-none-eabi/10.3.1/thumb/v7e-m/nofp/libgcc.a(unwind-arm.o) (abort)
/usr/lib/gcc/arm-none-eabi/10.3.1/../../../arm-none-eabi/lib/thumb/v7e-m/nofp/libg.a(lib_a-memcpy.o)
                              build/obj/hal_buffers.o (memcpy)
/usr/lib/gcc/arm-none-eabi/10.3.1/../../../arm-none-eabi/lib/thumb/v7e-m/nofp/libg.a(lib_a-memset.o)
                              build/obj/crt1.o (memset)
/usr/lib/gcc/arm-none-eabi/10.3.1/../../../arm-none-eabi/lib/thumb/v7e-m/nofp/libg.a(lib_a-reent.o)
                              build/obj/syscalls_cpp.o (errno)
/usr/lib/gcc/arm-none-eabi/10.3.1/../../../arm-none-eabi/lib/thumb/v7e-m/nofp/libg.a(lib_a-signal.o)
                              /usr/lib/gcc/arm-none-eabi/10.3.1/../../../arm-none-eabi/lib/thumb/v7e-m/nofp/libg.a(lib_a-abort.o) (raise)
/usr/lib/gcc/arm-none-eabi/10.3.1/../../../arm-none-eabi/lib/thumb/v7e-m/nofp/libg.a(lib_a-signalr.o)
                              /usr/lib/gcc/arm-none-eabi/10.3.1/../../../arm-none-eabi/lib/thumb/v7e-m/nofp/libg.a(lib_a-signal.o) (_kill_r)
/usr/lib/gcc/arm-none-eabi/10.3.1/../../../arm-none-eabi/lib/thumb/v7e-m/nofp/libg.a(lib_a-strcmp.o)
                              build/obj/chregistry.o (strcmp)
/usr/lib/gcc/arm-none-eabi/10.3.1/../../../arm-none-eabi/lib/thumb/v7e-m/nofp/libg.a(lib_a-freer.o)
                              /usr/lib/gcc/arm-none-eabi/10.3.1/../../../arm-none-eabi/lib/thumb/v7e-m/nofp/libg.a(lib_a-reent.o) (_free_r)
/usr/lib/gcc/arm-none-eabi/10.3.1/../../../arm-none-eabi/lib/thumb/v7e-m/nofp/libg.a(lib_a-impure.o)
                              /usr/lib/gcc/arm-none-eabi/10.3.1/../../../arm-none-eabi/lib/thumb/v7e-m/nofp/libg.a(lib_a-reent.o) (_impure_ptr)
/usr/lib/gcc/arm-none-eabi/10.3.1/../../../arm-none-eabi/lib/thumb/v7e-m/nofp/libg.a(lib_a-mallocr.o)
                              /usr/lib/gcc/arm-none-eabi/10.3.1/../../../arm-none-eabi/lib/thumb/v7e-m/nofp/libg.a(lib_a-signal.o) (_malloc_r)
/usr/lib/gcc/arm-none-eabi/10.3.1/../../../arm-none-eabi/lib/thumb/v7e-m/nofp/libg.a(lib_a-mlock.o)
                              /usr/lib/gcc/arm-none-eabi/10.3.1/../../../arm-none-eabi/lib/thumb/v7e-m/nofp/libg.a(lib_a-freer.o) (__malloc_lock)
/usr/lib/gcc/arm-none-eabi/10.3.1/../../../arm-none-eabi/lib/thumb/v7e-m/nofp/libg.a(lib_a-sbrkr.o)
                              /usr/lib/gcc/arm-none-eabi/10.3.1/../../../arm-none-eabi/lib/thumb/v7e-m/nofp/libg.a(lib_a-freer.o) (_sbrk_r)

Discarded input sections

 .data          0x0000000000000000        0x0 build/obj/crt0_v7m.o
 .bss           0x0000000000000000        0x0 build/obj/crt0_v7m.o
 .data          0x0000000000000000        0x0 build/obj/chcoreasm_v7m.o
 .bss           0x0000000000000000        0x0 build/obj/chcoreasm_v7m.o
 .text          0x0000000000000000        0x0 build/obj/crt1.o
 .data          0x0000000000000000        0x0 build/obj/crt1.o
 .bss           0x0000000000000000        0x0 build/obj/crt1.o
 .text.__early_init
                0x0000000000000000        0x4 build/obj/crt1.o
 .text          0x0000000000000000        0x0 build/obj/vectors.o
 .data          0x0000000000000000        0x0 build/obj/vectors.o
 .bss           0x0000000000000000        0x0 build/obj/vectors.o
 .text          0x0000000000000000        0x0 build/obj/chsys.o
 .data          0x0000000000000000        0x0 build/obj/chsys.o
 .bss           0x0000000000000000        0x0 build/obj/chsys.o
 .text.chSysIsCounterWithinX
                0x0000000000000000       0x10 build/obj/chsys.o
 .text.chSysPolledDelayX
                0x0000000000000000       0x14 build/obj/chsys.o
 .text          0x0000000000000000        0x0 build/obj/chdebug.o
 .data          0x0000000000000000        0x0 build/obj/chdebug.o
 .bss           0x0000000000000000        0x0 build/obj/chdebug.o
 .debug_info    0x0000000000000000       0x79 build/obj/chdebug.o
 .debug_abbrev  0x0000000000000000       0x26 build/obj/chdebug.o
 .debug_aranges
                0x0000000000000000       0x18 build/obj/chdebug.o
 .debug_line    0x0000000000000000       0x1d build/obj/chdebug.o
 .debug_str     0x0000000000000000      0x1cf build/obj/chdebug.o
 .comment       0x0000000000000000       0x34 build/obj/chdebug.o
 .ARM.attributes
[...]
Memory Configuration

Name             Origin             Length             Attributes
flash0           0x0000000008000000 0x0000000000100000
flash1           0x0000000000000000 0x0000000000000000
flash2           0x0000000000000000 0x0000000000000000
flash3           0x0000000000000000 0x0000000000000000
flash4           0x0000000000000000 0x0000000000000000
flash5           0x0000000000000000 0x0000000000000000
flash6           0x0000000000000000 0x0000000000000000
flash7           0x0000000000000000 0x0000000000000000
ram0             0x0000000020000000 0x0000000000020000
ram1             0x0000000020000000 0x000000000001c000
ram2             0x000000002001c000 0x0000000000004000
ram3             0x0000000000000000 0x0000000000000000
ram4             0x0000000010000000 0x0000000000010000
ram5             0x0000000040024000 0x0000000000001000
ram6             0x0000000000000000 0x0000000000000000
ram7             0x0000000000000000 0x0000000000000000
*default*        0x0000000000000000 0xffffffffffffffff

Linker script and memory map

LOAD build/obj/crt0_v7m.o
LOAD build/obj/chcoreasm_v7m.o
LOAD build/obj/crt1.o
LOAD build/obj/vectors.o
LOAD build/obj/chsys.o
LOAD build/obj/chdebug.o
LOAD build/obj/chtrace.o
LOAD build/obj/chvt.o
LOAD build/obj/chschd.o
LOAD build/obj/chthreads.o
LOAD build/obj/chtm.o
LOAD build/obj/chregistry.o
LOAD build/obj/chsem.o
LOAD build/obj/chmtx.o
LOAD build/obj/chcond.o
LOAD build/obj/chevents.o
LOAD build/obj/chmsg.o
LOAD build/obj/chdynamic.o
LOAD build/obj/chmboxes.o
LOAD build/obj/chmemcore.o
LOAD build/obj/chheap.o
LOAD build/obj/chmempools.o
LOAD build/obj/chcore.o
LOAD build/obj/chcore_v7m.o
LOAD build/obj/osal.o
LOAD build/obj/hal.o
LOAD build/obj/hal_st.o
LOAD build/obj/hal_buffers.o
LOAD build/obj/hal_queues.o
LOAD build/obj/hal_mmcsd.o
LOAD build/obj/hal_pal.o
LOAD build/obj/hal_pwm.o
LOAD build/obj/hal_serial.o
LOAD build/obj/hal_spi.o
LOAD build/obj/nvic.o
LOAD build/obj/hal_lld.o
LOAD build/obj/stm32_dma.o
LOAD build/obj/hal_pal_lld.o
LOAD build/obj/hal_spi_lld.o
LOAD build/obj/hal_st_lld.o
LOAD build/obj/hal_pwm_lld.o
LOAD build/obj/hal_serial_lld.o
LOAD build/obj/board.o
LOAD build/obj/ch_test.o
LOAD build/obj/test_root.o
LOAD build/obj/test_sequence_001.o
LOAD build/obj/test_sequence_002.o
LOAD build/obj/test_sequence_003.o
LOAD build/obj/test_sequence_004.o
LOAD build/obj/test_sequence_005.o
LOAD build/obj/test_sequence_006.o
LOAD build/obj/test_sequence_007.o
LOAD build/obj/test_sequence_008.o
LOAD build/obj/test_sequence_009.o
LOAD build/obj/test_sequence_010.o
LOAD build/obj/test_sequence_011.o
LOAD build/obj/test_sequence_012.o
LOAD build/obj/ch.o
LOAD build/obj/syscalls_cpp.o
LOAD build/obj/main.o

.mstack         0x0000000020000000      0x400
                0x0000000020000000                . = ALIGN (0x8)
                0x0000000020000000                __main_stack_base__ = .
                0x0000000020000400                . = (. + __main_stack_size__)
 *fill*         0x0000000020000000      0x400 
                0x0000000020000400                . = ALIGN (0x8)
                0x0000000020000400                __main_stack_end__ = .

.pstack         0x0000000020000400      0x400
                0x0000000020000400                __process_stack_base__ = .
                0x0000000020000400                __main_thread_stack_base__ = .
                0x0000000020000800                . = (. + __process_stack_size__)
 *fill*         0x0000000020000400      0x400 
                0x0000000020000800                . = ALIGN (0x8)
                0x0000000020000800                __process_stack_end__ = .
                0x0000000020000800                __main_thread_stack_end__ = .

.vectors        0x0000000008000000      0x1c0
 *(.vectors)
 .vectors       0x0000000008000000      0x1c0 build/obj/vectors.o
                0x0000000008000000                _vectors

.xtors          0x00000000080001c0        0x4
                0x00000000080001c0                __init_array_start = .
 *(SORT_BY_NAME(.init_array.*))
 *(.init_array)
 .init_array    0x00000000080001c0        0x4 build/obj/main.o
                0x00000000080001c4                __init_array_end = .
                0x00000000080001c4                __fini_array_start = .
 *(.fini_array)
 *(SORT_BY_NAME(.fini_array.*))
                0x00000000080001c4                __fini_array_end = .

.text           0x00000000080001d0     0x8ba0
 *(.text)
 .text          0x00000000080001d0       0xd4 build/obj/crt0_v7m.o
                0x00000000080001d0                Reset_Handler
 .text          0x00000000080002a4       0x28 build/obj/chcoreasm_v7m.o
                0x00000000080002a4                _port_switch
                0x00000000080002b4                _port_thread_start
                0x00000000080002c4                _port_switch_from_isr
                0x00000000080002c8                _port_exit_from_isr
 .text          0x00000000080002cc      0x9d8 /usr/lib/gcc/arm-none-eabi/10.3.1/thumb/v7e-m/nofp/libgcc.a(unwind-arm.o)
                0x0000000008000574                _Unwind_GetCFA
                0x0000000008000578                __gnu_Unwind_RaiseException
                0x00000000080005e0                __gnu_Unwind_ForcedUnwind
                0x00000000080005f0                __gnu_Unwind_Resume
                0x0000000008000634                __gnu_Unwind_Resume_or_Rethrow
                0x0000000008000644                _Unwind_Complete
                0x0000000008000648                _Unwind_DeleteException
                0x0000000008000654                _Unwind_VRS_Get
                0x00000000080006a0                _Unwind_VRS_Set
                0x00000000080006e8                __gnu_Unwind_Backtrace
                0x0000000008000a14                __aeabi_unwind_cpp_pr0
                0x0000000008000a18                __aeabi_unwind_cpp_pr1
                0x0000000008000a1c                __aeabi_unwind_cpp_pr2
                0x0000000008000a20                _Unwind_VRS_Pop
 .text          0x0000000008000ca4      0x1ac /usr/lib/gcc/arm-none-eabi/10.3.1/thumb/v7e-m/nofp/libgcc.a(libunwind.o)
                0x0000000008000ca4                __restore_core_regs
                0x0000000008000ca4                restore_core_regs
                0x0000000008000cbc                __gnu_Unwind_Restore_VFP
                0x0000000008000cc4                __gnu_Unwind_Save_VFP
                0x0000000008000ccc                __gnu_Unwind_Restore_VFP_D
                0x0000000008000cd4                __gnu_Unwind_Save_VFP_D
                0x0000000008000cdc                __gnu_Unwind_Restore_VFP_D_16_to_31
                0x0000000008000ce4                __gnu_Unwind_Save_VFP_D_16_to_31
                0x0000000008000cec                __gnu_Unwind_Restore_WMMXD
                0x0000000008000d30                __gnu_Unwind_Save_WMMXD
                0x0000000008000d74                __gnu_Unwind_Restore_WMMXC
                0x0000000008000d88                __gnu_Unwind_Save_WMMXC
                0x0000000008000d9c                ___Unwind_RaiseException
                0x0000000008000d9c                _Unwind_RaiseException
                0x0000000008000dc0                ___Unwind_Resume
                0x0000000008000dc0                _Unwind_Resume
                0x0000000008000de4                _Unwind_Resume_or_Rethrow
                0x0000000008000de4                ___Unwind_Resume_or_Rethrow
                0x0000000008000e08                ___Unwind_ForcedUnwind
                0x0000000008000e08                _Unwind_ForcedUnwind
                0x0000000008000e2c                _Unwind_Backtrace
                0x0000000008000e2c                ___Unwind_Backtrace
 .text          0x0000000008000e50      0x350 /usr/lib/gcc/arm-none-eabi/10.3.1/thumb/v7e-m/nofp/libgcc.a(pr-support.o)
                0x0000000008000ea8                __gnu_unwind_execute
                0x0000000008001154                __gnu_unwind_frame
                0x0000000008001180                _Unwind_GetRegionStart
                0x000000000800118c                _Unwind_GetLanguageSpecificData
 .text          0x00000000080011a0       0x10 /usr/lib/gcc/arm-none-eabi/10.3.1/../../../arm-none-eabi/lib/thumb/v7e-m/nofp/libg.a(lib_a-abort.o)
                0x00000000080011a0                abort
 .text          0x00000000080011b0      0x134 /usr/lib/gcc/arm-none-eabi/10.3.1/../../../arm-none-eabi/lib/thumb/v7e-m/nofp/libg.a(lib_a-memcpy.o)
                0x00000000080011b0                memcpy
 .text          0x00000000080012e4       0xa4 /usr/lib/gcc/arm-none-eabi/10.3.1/../../../arm-none-eabi/lib/thumb/v7e-m/nofp/libg.a(lib_a-memset.o)
                0x00000000080012e4                memset
 .text          0x0000000008001388      0x288 /usr/lib/gcc/arm-none-eabi/10.3.1/../../../arm-none-eabi/lib/thumb/v7e-m/nofp/libg.a(lib_a-signal.o)
                0x0000000008001388                _init_signal_r
                0x00000000080013b8                _signal_r
                0x0000000008001404                _raise_r
                0x000000000800145c                __sigtramp_r
                0x00000000080014c0                raise
                0x000000000800151c                signal
                0x0000000008001570                _init_signal
                0x00000000080015a8                __sigtramp
 .text          0x0000000008001610       0x30 /usr/lib/gcc/arm-none-eabi/10.3.1/../../../arm-none-eabi/lib/thumb/v7e-m/nofp/libg.a(lib_a-signalr.o)
                0x0000000008001610                _kill_r
                0x000000000800163c                _getpid_r
 .text          0x0000000008001640      0x2ac /usr/lib/gcc/arm-none-eabi/10.3.1/../../../arm-none-eabi/lib/thumb/v7e-m/nofp/libg.a(lib_a-freer.o)
                0x0000000008001640                _malloc_trim_r
                0x00000000080016e0                _free_r
 .text          0x00000000080018ec      0x554 /usr/lib/gcc/arm-none-eabi/10.3.1/../../../arm-none-eabi/lib/thumb/v7e-m/nofp/libg.a(lib_a-mallocr.o)
                0x00000000080018ec                _malloc_r
 .text          0x0000000008001e40        0x8 /usr/lib/gcc/arm-none-eabi/10.3.1/../../../arm-none-eabi/lib/thumb/v7e-m/nofp/libg.a(lib_a-mlock.o)
                0x0000000008001e40                __malloc_lock
                0x0000000008001e44                __malloc_unlock
 .text          0x0000000008001e48       0x24 /usr/lib/gcc/arm-none-eabi/10.3.1/../../../arm-none-eabi/lib/thumb/v7e-m/nofp/libg.a(lib_a-sbrkr.o)
                0x0000000008001e48                _sbrk_r
 *(.text.*)
 *fill*         0x0000000008001e6c        0x4 
 .text.__core_init
                0x0000000008001e70        0x4 build/obj/crt1.o
                0x0000000008001e70                __core_init
 *fill*         0x0000000008001e74        0xc 
 .text.__late_init
                0x0000000008001e80        0x4 build/obj/crt1.o
                0x0000000008001e80                __late_init
 *fill*         0x0000000008001e84        0xc 
 .text.__default_exit
                0x0000000008001e90        0x4 build/obj/crt1.o
                0x0000000008001e90                __default_exit
 *fill*         0x0000000008001e94        0xc 
 .text.__init_ram_areas
                0x0000000008001ea0       0x6c build/obj/crt1.o
                0x0000000008001ea0                __init_ram_areas
 *fill*         0x0000000008001f0c        0x4 
 .text._unhandled_exception
                0x0000000008001f10        0x4 build/obj/vectors.o
                0x0000000008001f10                Vector58
                0x0000000008001f10                Vector9C
                0x0000000008001f10                VectorE8
                0x0000000008001f10                VectorAC
                0x0000000008001f10                DebugMon_Handler
                0x0000000008001f10                Vector1A0
                0x0000000008001f10                Vector5C
                0x0000000008001f10                Vector11C
                0x0000000008001f10                HardFault_Handler
                0x0000000008001f10                Vector1B8
                0x0000000008001f10                Vector19C
                0x0000000008001f10                SysTick_Handler
                0x0000000008001f10                Vector8C
                0x0000000008001f10                VectorDC
                0x0000000008001f10                PendSV_Handler
                0x0000000008001f10                Vector168
                0x0000000008001f10                NMI_Handler
                0x0000000008001f10                Vector110
                0x0000000008001f10                VectorC8
                0x0000000008001f10                Vector94
                0x0000000008001f10                VectorA8
                0x0000000008001f10                VectorB4
                0x0000000008001f10                Vector160
                0x0000000008001f10                Vector1B0
                0x0000000008001f10                UsageFault_Handler
                0x0000000008001f10                VectorEC
                0x0000000008001f10                Vector40
                0x0000000008001f10                VectorF8
                0x0000000008001f10                Vector108
                0x0000000008001f10                VectorBC
                0x0000000008001f10                Vector190
                0x0000000008001f10                Vector148
                0x0000000008001f10                Vector188
                0x0000000008001f10                Vector198
                0x0000000008001f10                Vector118
                0x0000000008001f10                Vector64
                0x0000000008001f10                VectorCC
                0x0000000008001f10                Vector54
                0x0000000008001f10                Vector98
                0x0000000008001f10                Vector138
                0x0000000008001f10                Vector24
                0x0000000008001f10                Vector1AC
                0x0000000008001f10                Vector178
                0x0000000008001f10                Vector1A4
                0x0000000008001f10                VectorD0
                0x0000000008001f10                Vector1B4
                0x0000000008001f10                Vector140
                0x0000000008001f10                VectorE4
                0x0000000008001f10                VectorC0
                0x0000000008001f10                Vector134
                0x0000000008001f10                VectorF0
                0x0000000008001f10                Vector13C
                0x0000000008001f10                Vector100
                0x0000000008001f10                VectorE0
                0x0000000008001f10                VectorF4
                0x0000000008001f10                MemManage_Handler
                0x0000000008001f10                VectorA0
                0x0000000008001f10                VectorC4
                0x0000000008001f10                Vector180
                0x0000000008001f10                Vector90
                0x0000000008001f10                Vector114
                0x0000000008001f10                Vector60
                0x0000000008001f10                Vector164
                0x0000000008001f10                Vector1C
                0x0000000008001f10                Vector1BC
                0x0000000008001f10                Vector17C
                0x0000000008001f10                Vector48
                0x0000000008001f10                Vector1A8
                0x0000000008001f10                Vector16C
                0x0000000008001f10                VectorD4
                0x0000000008001f10                Vector4C
                0x0000000008001f10                Vector144
                0x0000000008001f10                Vector15C
                0x0000000008001f10                Vector68
                0x0000000008001f10                _unhandled_exception
                0x0000000008001f10                Vector170
                0x0000000008001f10                Vector88
                0x0000000008001f10                Vector104
                0x0000000008001f10                Vector184
                0x0000000008001f10                Vector10C
                0x0000000008001f10                Vector14C
                0x0000000008001f10                BusFault_Handler
                0x0000000008001f10                Vector50
                0x0000000008001f10                Vector194
                0x0000000008001f10                Vector44
                0x0000000008001f10                Vector28
                0x0000000008001f10                Vector34
                0x0000000008001f10                VectorA4
                0x0000000008001f10                Vector20
                0x0000000008001f10                Vector18C
                0x0000000008001f10                Vector174
 *fill*         0x0000000008001f14        0xc 
 .text._idle_thread
                0x0000000008001f20        0x4 build/obj/chsys.o
 *fill*         0x0000000008001f24        0xc 
 .text.chSysInit
                0x0000000008001f30       0x88 build/obj/chsys.o
                0x0000000008001f30                chSysInit
 *fill*         0x0000000008001fb8        0x8 
 .text.chSysHalt
                0x0000000008001fc0        0xc build/obj/chsys.o
                0x0000000008001fc0                chSysHalt
 *fill*         0x0000000008001fcc        0x4 
 .text.chSysIntegrityCheckI
                0x0000000008001fd0       0xb4 build/obj/chsys.o
                0x0000000008001fd0                chSysIntegrityCheckI
 *fill*         0x0000000008002084        0xc 
 .text.chSysTimerHandlerI
                0x0000000008002090       0x7c build/obj/chsys.o
                0x0000000008002090                chSysTimerHandlerI
 *fill*         0x000000000800210c        0x4 
 .text.chSysGetStatusAndLockX
                0x0000000008002110       0x14 build/obj/chsys.o
                0x0000000008002110                chSysGetStatusAndLockX
 *fill*         0x0000000008002124        0xc 
 .text.chSysRestoreStatusX
                0x0000000008002130       0x20 build/obj/chsys.o
                0x0000000008002130                chSysRestoreStatusX
 .text._vt_init
                0x0000000008002150       0x1c build/obj/chvt.o
                0x0000000008002150                _vt_init
 *fill*         0x000000000800216c        0x4 
 .text.chVTDoSetI
                0x0000000008002170       0x78 build/obj/chvt.o
                0x0000000008002170                chVTDoSetI
 *fill*         0x00000000080021e8        0x8 
 .text.chVTDoResetI
                0x00000000080021f0       0x6c build/obj/chvt.o
                0x00000000080021f0                chVTDoResetI
 *fill*         0x000000000800225c        0x4 
 .text.wakeup   0x0000000008002260       0x6c build/obj/chschd.o
 *fill*         0x00000000080022cc        0x4 
 .text._scheduler_init
                0x00000000080022d0       0x14 build/obj/chschd.o
                0x00000000080022d0                _scheduler_init
 *fill*         0x00000000080022e4        0xc 
 .text.chSchReadyI
                0x00000000080022f0       0x24 build/obj/chschd.o
                0x00000000080022f0                chSchReadyI
 *fill*         0x0000000008002314        0xc 
 .text.chSchGoSleepS
                0x0000000008002320       0x28 build/obj/chschd.o
                0x0000000008002320                chSchGoSleepS
 *fill*         0x0000000008002348        0x8 
 .text.chSchGoSleepTimeoutS
                0x0000000008002350       0x6c build/obj/chschd.o
                0x0000000008002350                chSchGoSleepTimeoutS
 *fill*         0x00000000080023bc        0x4 
 .text.chSchWakeupS
                0x00000000080023c0       0x5c build/obj/chschd.o
                0x00000000080023c0                chSchWakeupS
 *fill*         0x000000000800241c        0x4 
 .text.chSchIsPreemptionRequired
                0x0000000008002420       0x18 build/obj/chschd.o
                0x0000000008002420                chSchIsPreemptionRequired
 *fill*         0x0000000008002438        0x8 
 .text.chSchDoRescheduleBehind
                0x0000000008002440       0x3c build/obj/chschd.o
                0x0000000008002440                chSchDoRescheduleBehind
 *fill*         0x000000000800247c        0x4 
 .text.chSchDoRescheduleAhead
                0x0000000008002480       0x3c build/obj/chschd.o
                0x0000000008002480                chSchDoRescheduleAhead
 *fill*         0x00000000080024bc        0x4 
 .text.chSchRescheduleS
                0x00000000080024c0       0x18 build/obj/chschd.o
                0x00000000080024c0                chSchRescheduleS
 *fill*         0x00000000080024d8        0x8 
 .text.chSchDoReschedule
                0x00000000080024e0        0x4 build/obj/chschd.o
                0x00000000080024e0                chSchDoReschedule
 *fill*         0x00000000080024e4        0xc 
 .text._thread_init
                0x00000000080024f0       0x3c build/obj/chthreads.o
                0x00000000080024f0                _thread_init
 *fill*         0x000000000800252c        0x4 
 .text.chThdCreateSuspendedI
                0x0000000008002530       0x7c build/obj/chthreads.o
                0x0000000008002530                chThdCreateSuspendedI
 *fill*         0x00000000080025ac        0x4 
 .text.chThdCreate
                0x00000000080025b0       0x20 build/obj/chthreads.o
                0x00000000080025b0                chThdCreate
 .text.chThdCreateStatic
                0x00000000080025d0       0x74 build/obj/chthreads.o
                0x00000000080025d0                chThdCreateStatic
 *fill*         0x0000000008002644        0xc 
 .text.chThdRelease
                0x0000000008002650       0x54 build/obj/chthreads.o
                0x0000000008002650                chThdRelease
 *fill*         0x00000000080026a4        0xc 
 .text.chThdExitS
                0x00000000080026b0       0x48 build/obj/chthreads.o
                0x00000000080026b0                chThdExitS
 *fill*         0x00000000080026f8        0x8 
 .text.chThdExit
                0x0000000008002700        0xc build/obj/chthreads.o
                0x0000000008002700                chThdExit
 *fill*         0x000000000800270c        0x4 
 .text.chThdWait
                0x0000000008002710       0x80 build/obj/chthreads.o
                0x0000000008002710                chThdWait
 .text.chThdSetPriority
                0x0000000008002790       0x30 build/obj/chthreads.o
                0x0000000008002790                chThdSetPriority
 .text.chThdTerminate
                0x00000000080027c0       0x1c build/obj/chthreads.o
                0x00000000080027c0                chThdTerminate
 *fill*         0x00000000080027dc        0x4 
 .text.chThdSleep
                0x00000000080027e0       0x18 build/obj/chthreads.o
                0x00000000080027e0                chThdSleep
 *fill*         0x00000000080027f8        0x8 
 .text.chThdSleepUntil
                0x0000000008002800       0x28 build/obj/chthreads.o
                0x0000000008002800                chThdSleepUntil
 *fill*         0x0000000008002828        0x8 
 .text.chThdYield
                0x0000000008002830       0x30 build/obj/chthreads.o
                0x0000000008002830                chThdYield
 .text.chThdSuspendTimeoutS
                0x0000000008002860       0x1c build/obj/chthreads.o
                0x0000000008002860                chThdSuspendTimeoutS
 *fill*         0x000000000800287c        0x4 
 .text.chThdResumeI
                0x0000000008002880       0x14 build/obj/chthreads.o
                0x0000000008002880                chThdResumeI
 *fill*         0x0000000008002894        0xc 
 .text.chThdEnqueueTimeoutS
                0x00000000080028a0       0x28 build/obj/chthreads.o
                0x00000000080028a0                chThdEnqueueTimeoutS
 *fill*         0x00000000080028c8        0x8 
 .text.chThdDequeueNextI
                0x00000000080028d0       0x18 build/obj/chthreads.o
                0x00000000080028d0                chThdDequeueNextI
 *fill*         0x00000000080028e8        0x8 
 .text.chThdDequeueAllI
                0x00000000080028f0       0x20 build/obj/chthreads.o
                0x00000000080028f0                chThdDequeueAllI
 .text.chTMStartMeasurementX
                0x0000000008002910        0xc build/obj/chtm.o
                0x0000000008002910                chTMStartMeasurementX
 *fill*         0x000000000800291c        0x4 
 .text.chTMStopMeasurementX
                0x0000000008002920       0x44 build/obj/chtm.o
                0x0000000008002920                chTMStopMeasurementX
 *fill*         0x0000000008002964        0xc 
 .text._tm_init
                0x0000000008002970       0x34 build/obj/chtm.o
                0x0000000008002970                _tm_init
 *fill*         0x00000000080029a4        0xc 
 .text.chSemObjectInit
                0x00000000080029b0        0x8 build/obj/chsem.o
                0x00000000080029b0                chSemObjectInit
 *fill*         0x00000000080029b8        0x8 
 .text.chSemReset
                0x00000000080029c0       0x38 build/obj/chsem.o
                0x00000000080029c0                chSemReset
 *fill*         0x00000000080029f8        0x8 
 .text.chSemWait
                0x0000000008002a00       0x44 build/obj/chsem.o
                0x0000000008002a00                chSemWait
 *fill*         0x0000000008002a44        0xc 
 .text.chSemWaitTimeout
                0x0000000008002a50       0x4c build/obj/chsem.o
                0x0000000008002a50                chSemWaitTimeout
 *fill*         0x0000000008002a9c        0x4 
 .text.chSemWaitTimeoutS
                0x0000000008002aa0       0x3c build/obj/chsem.o
                0x0000000008002aa0                chSemWaitTimeoutS
 *fill*         0x0000000008002adc        0x4 
 .text.chSemSignal
                0x0000000008002ae0       0x34 build/obj/chsem.o
                0x0000000008002ae0                chSemSignal
 *fill*         0x0000000008002b14        0xc 
 .text.chSemSignalI
                0x0000000008002b20       0x20 build/obj/chsem.o
                0x0000000008002b20                chSemSignalI
 .text.chSemAddCounterI
                0x0000000008002b40       0x30 build/obj/chsem.o
                0x0000000008002b40                chSemAddCounterI
 .text.chSemSignalWait
                0x0000000008002b70       0x64 build/obj/chsem.o
                0x0000000008002b70                chSemSignalWait
 *fill*         0x0000000008002bd4        0xc 
 .text.chMtxObjectInit
                0x0000000008002be0        0xc build/obj/chmtx.o
                0x0000000008002be0                chMtxObjectInit
 *fill*         0x0000000008002bec        0x4 
 .text.chMtxLockS
                0x0000000008002bf0       0xc0 build/obj/chmtx.o
                0x0000000008002bf0                chMtxLockS
 .text.chMtxLock
                0x0000000008002cb0       0x14 build/obj/chmtx.o
                0x0000000008002cb0                chMtxLock
 *fill*         0x0000000008002cc4        0xc 
 .text.chMtxTryLock
                0x0000000008002cd0       0x30 build/obj/chmtx.o
                0x0000000008002cd0                chMtxTryLock
 .text.chMtxUnlock
                0x0000000008002d00       0x60 build/obj/chmtx.o
                0x0000000008002d00                chMtxUnlock
 .text.chMtxUnlockS
                0x0000000008002d60       0x4c build/obj/chmtx.o
                0x0000000008002d60                chMtxUnlockS
 *fill*         0x0000000008002dac        0x4 
 .text.chMtxUnlockAll
                0x0000000008002db0       0x54 build/obj/chmtx.o
                0x0000000008002db0                chMtxUnlockAll
 *fill*         0x0000000008002e04        0xc 
 .text.chCondObjectInit
                0x0000000008002e10        0x8 build/obj/chcond.o
                0x0000000008002e10                chCondObjectInit
 *fill*         0x0000000008002e18        0x8 
 .text.chCondSignal
                0x0000000008002e20       0x24 build/obj/chcond.o
                0x0000000008002e20                chCondSignal
 *fill*         0x0000000008002e44        0xc 
 .text.chCondSignalI
                0x0000000008002e50       0x18 build/obj/chcond.o
                0x0000000008002e50                chCondSignalI
 *fill*         0x0000000008002e68        0x8 
 .text.chCondBroadcast
                0x0000000008002e70       0x34 build/obj/chcond.o
                0x0000000008002e70                chCondBroadcast
 *fill*         0x0000000008002ea4        0xc 
 .text.chCondWaitS
                0x0000000008002eb0       0x44 build/obj/chcond.o
                0x0000000008002eb0                chCondWaitS
 *fill*         0x0000000008002ef4        0xc 
 .text.chCondWait
                0x0000000008002f00       0x14 build/obj/chcond.o
                0x0000000008002f00                chCondWait
 *fill*         0x0000000008002f14        0xc 
 .text.chCondWaitTimeoutS
                0x0000000008002f20       0x50 build/obj/chcond.o
                0x0000000008002f20                chCondWaitTimeoutS
 .text.chCondWaitTimeout
                0x0000000008002f70       0x14 build/obj/chcond.o
                0x0000000008002f70                chCondWaitTimeout
 *fill*         0x0000000008002f84        0xc 
 .text.chEvtRegisterMaskWithFlags
                0x0000000008002f90       0x28 build/obj/chevents.o
                0x0000000008002f90                chEvtRegisterMaskWithFlags
 *fill*         0x0000000008002fb8        0x8 
 .text.chEvtUnregister
                0x0000000008002fc0       0x2c build/obj/chevents.o
                0x0000000008002fc0                chEvtUnregister
 *fill*         0x0000000008002fec        0x4 
 .text.chEvtGetAndClearEvents
                0x0000000008002ff0       0x24 build/obj/chevents.o
                0x0000000008002ff0                chEvtGetAndClearEvents
 *fill*         0x0000000008003014        0xc 
 .text.chEvtAddEvents
                0x0000000008003020       0x1c build/obj/chevents.o
                0x0000000008003020                chEvtAddEvents
 *fill*         0x000000000800303c        0x4 
 .text.chEvtBroadcastFlagsI
                0x0000000008003040       0x58 build/obj/chevents.o
                0x0000000008003040                chEvtBroadcastFlagsI
 *fill*         0x0000000008003098        0x8 
 .text.chEvtSignal
                0x00000000080030a0       0x50 build/obj/chevents.o
                0x00000000080030a0                chEvtSignal
 .text.chEvtBroadcastFlags
                0x00000000080030f0       0x18 build/obj/chevents.o
                0x00000000080030f0                chEvtBroadcastFlags
 *fill*         0x0000000008003108        0x8 
 .text.chEvtDispatch
                0x0000000008003110       0x34 build/obj/chevents.o
                0x0000000008003110                chEvtDispatch
 *fill*         0x0000000008003144        0xc 
 .text.chEvtWaitOne
                0x0000000008003150       0x3c build/obj/chevents.o
                0x0000000008003150                chEvtWaitOne
 *fill*         0x000000000800318c        0x4 
 .text.chEvtWaitAny
                0x0000000008003190       0x38 build/obj/chevents.o
                0x0000000008003190                chEvtWaitAny
 *fill*         0x00000000080031c8        0x8 
 .text.chEvtWaitAll
                0x00000000080031d0       0x34 build/obj/chevents.o
                0x00000000080031d0                chEvtWaitAll
 *fill*         0x0000000008003204        0xc 
 .text.chEvtWaitOneTimeout
                0x0000000008003210       0x4c build/obj/chevents.o
                0x0000000008003210                chEvtWaitOneTimeout
 *fill*         0x000000000800325c        0x4 
 .text.chEvtWaitAnyTimeout
                0x0000000008003260       0x48 build/obj/chevents.o
                0x0000000008003260                chEvtWaitAnyTimeout
 *fill*         0x00000000080032a8        0x8 
 .text.chEvtWaitAllTimeout
                0x00000000080032b0       0x48 build/obj/chevents.o
                0x00000000080032b0                chEvtWaitAllTimeout
 *fill*         0x00000000080032f8        0x8 
 .text.chMsgSend
                0x0000000008003300       0x40 build/obj/chmsg.o
                0x0000000008003300                chMsgSend
 .text.chMsgWait
                0x0000000008003340       0x40 build/obj/chmsg.o
                0x0000000008003340                chMsgWait
 .text.chMsgRelease
                0x0000000008003380       0x14 build/obj/chmsg.o
                0x0000000008003380                chMsgRelease
 *fill*         0x0000000008003394        0xc 
 .text.chThdCreateFromHeap
                0x00000000080033a0       0x4c build/obj/chdynamic.o
                0x00000000080033a0                chThdCreateFromHeap
 *fill*         0x00000000080033ec        0x4 
 .text.chThdCreateFromMemoryPool
                0x00000000080033f0       0x54 build/obj/chdynamic.o
                0x00000000080033f0                chThdCreateFromMemoryPool
 *fill*         0x0000000008003444        0xc 
 .text.chMBObjectInit
                0x0000000008003450       0x28 build/obj/chmboxes.o
                0x0000000008003450                chMBObjectInit
 *fill*         0x0000000008003478        0x8 
 .text.chMBReset
                0x0000000008003480       0x38 build/obj/chmboxes.o
                0x0000000008003480                chMBReset
 *fill*         0x00000000080034b8        0x8 
 .text.chMBResetI
                0x00000000080034c0       0x30 build/obj/chmboxes.o
                0x00000000080034c0                chMBResetI
 .text.chMBPostS
                0x00000000080034f0       0x64 build/obj/chmboxes.o
                0x00000000080034f0                chMBPostS
 *fill*         0x0000000008003554        0xc 
 .text.chMBPost
                0x0000000008003560       0x14 build/obj/chmboxes.o
                0x0000000008003560                chMBPost
 *fill*         0x0000000008003574        0xc 
 .text.chMBPostI
                0x0000000008003580       0x44 build/obj/chmboxes.o
                0x0000000008003580                chMBPostI
 *fill*         0x00000000080035c4        0xc 
 .text.chMBPostAheadS
                0x00000000080035d0       0x64 build/obj/chmboxes.o
                0x00000000080035d0                chMBPostAheadS
 *fill*         0x0000000008003634        0xc 
 .text.chMBPostAhead
                0x0000000008003640       0x14 build/obj/chmboxes.o
                0x0000000008003640                chMBPostAhead
 *fill*         0x0000000008003654        0xc 
 .text.chMBPostAheadI
                0x0000000008003660       0x44 build/obj/chmboxes.o
                0x0000000008003660                chMBPostAheadI
 *fill*         0x00000000080036a4        0xc 
 .text.chMBFetchS
                0x00000000080036b0       0x58 build/obj/chmboxes.o
                0x00000000080036b0                chMBFetchS
 *fill*         0x0000000008003708        0x8 
 .text.chMBFetch
                0x0000000008003710       0x14 build/obj/chmboxes.o
                0x0000000008003710                chMBFetch
 *fill*         0x0000000008003724        0xc 
 .text.chMBFetchI
                0x0000000008003730       0x44 build/obj/chmboxes.o
                0x0000000008003730                chMBFetchI
 *fill*         0x0000000008003774        0xc 
 .text._core_init
                0x0000000008003780       0x20 build/obj/chmemcore.o
                0x0000000008003780                _core_init
 .text.chCoreAllocAligned
                0x00000000080037a0       0x44 build/obj/chmemcore.o
                0x00000000080037a0                chCoreAllocAligned
 *fill*         0x00000000080037e4        0xc 
 .text._heap_init
                0x00000000080037f0       0x1c build/obj/chheap.o
                0x00000000080037f0                _heap_init
 *fill*         0x000000000800380c        0x4 
 .text.chHeapObjectInit
                0x0000000008003810       0x18 build/obj/chheap.o
                0x0000000008003810                chHeapObjectInit
 *fill*         0x0000000008003828        0x8 
 .text.chHeapAllocAligned
                0x0000000008003830      0x11c build/obj/chheap.o
                0x0000000008003830                chHeapAllocAligned
 *fill*         0x000000000800394c        0x4 
 .text.chHeapFree
                0x0000000008003950       0x94 build/obj/chheap.o
                0x0000000008003950                chHeapFree
 *fill*         0x00000000080039e4        0xc 
 .text.chHeapStatus
                0x00000000080039f0       0x68 build/obj/chheap.o
                0x00000000080039f0                chHeapStatus
 *fill*         0x0000000008003a58        0x8 
 .text.chPoolObjectInit
                0x0000000008003a60        0xc build/obj/chmempools.o
                0x0000000008003a60                chPoolObjectInit
 *fill*         0x0000000008003a6c        0x4 
 .text.chPoolLoadArray
                0x0000000008003a70       0x28 build/obj/chmempools.o
                0x0000000008003a70                chPoolLoadArray
 *fill*         0x0000000008003a98        0x8 
 .text.chPoolAlloc
                0x0000000008003aa0       0x30 build/obj/chmempools.o
                0x0000000008003aa0                chPoolAlloc
 .text.chPoolFree
                0x0000000008003ad0       0x14 build/obj/chmempools.o
                0x0000000008003ad0                chPoolFree
 *fill*         0x0000000008003ae4        0xc 
 .text.chGuardedPoolObjectInit
                0x0000000008003af0       0x10 build/obj/chmempools.o
                0x0000000008003af0                chGuardedPoolObjectInit
 .text.chGuardedPoolLoadArray
                0x0000000008003b00       0x38 build/obj/chmempools.o
                0x0000000008003b00                chGuardedPoolLoadArray
 *fill*         0x0000000008003b38        0x8 
 .text.chGuardedPoolAllocTimeout
                0x0000000008003b40       0x40 build/obj/chmempools.o
                0x0000000008003b40                chGuardedPoolAllocTimeout
 .text.chGuardedPoolFree
                0x0000000008003b80       0x20 build/obj/chmempools.o
                0x0000000008003b80                chGuardedPoolFree
 .text.SVC_Handler
                0x0000000008003ba0       0x1c build/obj/chcore_v7m.o
                0x0000000008003ba0                SVC_Handler
 *fill*         0x0000000008003bbc        0x4 
 .text._port_irq_epilogue
                0x0000000008003bc0       0x50 build/obj/chcore_v7m.o
                0x0000000008003bc0                _port_irq_epilogue
 .text.halInit  0x0000000008003c10       0x28 build/obj/hal.o
                0x0000000008003c10                halInit
 *fill*         0x0000000008003c38        0x8 
 .text.stInit   0x0000000008003c40        0x4 build/obj/hal_st.o
                0x0000000008003c40                stInit
 *fill*         0x0000000008003c44        0xc 
 .text.stStartAlarm
                0x0000000008003c50       0x10 build/obj/hal_st.o
                0x0000000008003c50                stStartAlarm
 .text.stStopAlarm
                0x0000000008003c60        0xc build/obj/hal_st.o
                0x0000000008003c60                stStopAlarm
 *fill*         0x0000000008003c6c        0x4 
 .text.stSetAlarm
                0x0000000008003c70        0x8 build/obj/hal_st.o
                0x0000000008003c70                stSetAlarm
 *fill*         0x0000000008003c78        0x8 
 .text.iqObjectInit
                0x0000000008003c80       0x1c build/obj/hal_queues.o
                0x0000000008003c80                iqObjectInit
 *fill*         0x0000000008003c9c        0x4 
 .text.iqPutI   0x0000000008003ca0       0x38 build/obj/hal_queues.o
                0x0000000008003ca0                iqPutI
 *fill*         0x0000000008003cd8        0x8 
 .text.iqGetTimeout
                0x0000000008003ce0       0x50 build/obj/hal_queues.o
                0x0000000008003ce0                iqGetTimeout
 .text.iqReadTimeout
                0x0000000008003d30       0xb0 build/obj/hal_queues.o
                0x0000000008003d30                iqReadTimeout
 .text.oqObjectInit
                0x0000000008003de0       0x1c build/obj/hal_queues.o
                0x0000000008003de0                oqObjectInit
 *fill*         0x0000000008003dfc        0x4 
 .text.oqPutTimeout
                0x0000000008003e00       0x50 build/obj/hal_queues.o
                0x0000000008003e00                oqPutTimeout
 .text.oqGetI   0x0000000008003e50       0x38 build/obj/hal_queues.o
                0x0000000008003e50                oqGetI
 *fill*         0x0000000008003e88        0x8 
 .text.oqWriteTimeout
                0x0000000008003e90       0xb0 build/obj/hal_queues.o
                0x0000000008003e90                oqWriteTimeout
 .text.pwmInit  0x0000000008003f40        0x4 build/obj/hal_pwm.o
                0x0000000008003f40                pwmInit
 *fill*         0x0000000008003f44        0xc 
 .text.pwmObjectInit
                0x0000000008003f50       0x10 build/obj/hal_pwm.o
                0x0000000008003f50                pwmObjectInit
 .text._readt   0x0000000008003f60        0x8 build/obj/hal_serial.o
 *fill*         0x0000000008003f68        0x8 
 .text._read    0x0000000008003f70        0xc build/obj/hal_serial.o
 *fill*         0x0000000008003f7c        0x4 
 .text._writet  0x0000000008003f80        0x8 build/obj/hal_serial.o
 *fill*         0x0000000008003f88        0x8 
 .text._write   0x0000000008003f90        0xc build/obj/hal_serial.o
 *fill*         0x0000000008003f9c        0x4 
 .text._gett    0x0000000008003fa0        0x8 build/obj/hal_serial.o
 *fill*         0x0000000008003fa8        0x8 
 .text._get     0x0000000008003fb0        0xc build/obj/hal_serial.o
 *fill*         0x0000000008003fbc        0x4 
 .text._putt    0x0000000008003fc0        0x8 build/obj/hal_serial.o
 *fill*         0x0000000008003fc8        0x8 
 .text._put     0x0000000008003fd0        0xc build/obj/hal_serial.o
 *fill*         0x0000000008003fdc        0x4 
 .text.sdInit   0x0000000008003fe0        0x4 build/obj/hal_serial.o
                0x0000000008003fe0                sdInit
 *fill*         0x0000000008003fe4        0xc 
 .text.sdObjectInit
                0x0000000008003ff0       0x44 build/obj/hal_serial.o
                0x0000000008003ff0                sdObjectInit
 *fill*         0x0000000008004034        0xc 
 .text.sdStart  0x0000000008004040       0x1c build/obj/hal_serial.o
                0x0000000008004040                sdStart
 *fill*         0x000000000800405c        0x4 
 .text.sdIncomingDataI
                0x0000000008004060       0x40 build/obj/hal_serial.o
                0x0000000008004060                sdIncomingDataI
 .text.spiInit  0x00000000080040a0        0x4 build/obj/hal_spi.o
                0x00000000080040a0                spiInit
 *fill*         0x00000000080040a4        0xc 
 .text.spiObjectInit
                0x00000000080040b0       0x10 build/obj/hal_spi.o
                0x00000000080040b0                spiObjectInit
 .text.nvicEnableVector
                0x00000000080040c0       0x30 build/obj/nvic.o
                0x00000000080040c0                nvicEnableVector
 .text.hal_lld_init
                0x00000000080040f0       0x64 build/obj/hal_lld.o
                0x00000000080040f0                hal_lld_init
 *fill*         0x0000000008004154        0xc 
 .text.stm32_clock_init
                0x0000000008004160       0xf0 build/obj/hal_lld.o
                0x0000000008004160                stm32_clock_init
 .text.Vector6C
                0x0000000008004250       0x28 build/obj/stm32_dma.o
                0x0000000008004250                Vector6C
 *fill*         0x0000000008004278        0x8 
 .text.Vector70
                0x0000000008004280       0x2c build/obj/stm32_dma.o
                0x0000000008004280                Vector70
 *fill*         0x00000000080042ac        0x4 
 .text.Vector74
                0x00000000080042b0       0x2c build/obj/stm32_dma.o
                0x00000000080042b0                Vector74
 *fill*         0x00000000080042dc        0x4 
 .text.Vector78
                0x00000000080042e0       0x2c build/obj/stm32_dma.o
                0x00000000080042e0                Vector78
 *fill*         0x000000000800430c        0x4 
 .text.Vector7C
                0x0000000008004310       0x28 build/obj/stm32_dma.o
                0x0000000008004310                Vector7C
 *fill*         0x0000000008004338        0x8 
 .text.Vector80
                0x0000000008004340       0x2c build/obj/stm32_dma.o
                0x0000000008004340                Vector80
 *fill*         0x000000000800436c        0x4 
 .text.Vector84
                0x0000000008004370       0x2c build/obj/stm32_dma.o
                0x0000000008004370                Vector84
 *fill*         0x000000000800439c        0x4 
 .text.VectorFC
                0x00000000080043a0       0x2c build/obj/stm32_dma.o
                0x00000000080043a0                VectorFC
 *fill*         0x00000000080043cc        0x4 
 .text.Vector120
                0x00000000080043d0       0x28 build/obj/stm32_dma.o
                0x00000000080043d0                Vector120
 *fill*         0x00000000080043f8        0x8 
 .text.Vector124
                0x0000000008004400       0x2c build/obj/stm32_dma.o
                0x0000000008004400                Vector124
 *fill*         0x000000000800442c        0x4 
 .text.Vector128
                0x0000000008004430       0x2c build/obj/stm32_dma.o
                0x0000000008004430                Vector128
 *fill*         0x000000000800445c        0x4 
 .text.Vector12C
                0x0000000008004460       0x2c build/obj/stm32_dma.o
                0x0000000008004460                Vector12C
 *fill*         0x000000000800448c        0x4 
 .text.Vector130
                0x0000000008004490       0x28 build/obj/stm32_dma.o
                0x0000000008004490                Vector130
 *fill*         0x00000000080044b8        0x8 
 .text.Vector150
                0x00000000080044c0       0x2c build/obj/stm32_dma.o
                0x00000000080044c0                Vector150
 *fill*         0x00000000080044ec        0x4 
 .text.Vector154
                0x00000000080044f0       0x2c build/obj/stm32_dma.o
                0x00000000080044f0                Vector154
 *fill*         0x000000000800451c        0x4 
 .text.Vector158
                0x0000000008004520       0x2c build/obj/stm32_dma.o
                0x0000000008004520                Vector158
 *fill*         0x000000000800454c        0x4 
 .text.dmaInit  0x0000000008004550       0x54 build/obj/stm32_dma.o
                0x0000000008004550                dmaInit
 *fill*         0x00000000080045a4        0xc 
 .text._pal_lld_init
                0x00000000080045b0      0x1a0 build/obj/hal_pal_lld.o
                0x00000000080045b0                _pal_lld_init
 .text._pal_lld_setgroupmode
                0x0000000008004750       0xe0 build/obj/hal_pal_lld.o
                0x0000000008004750                _pal_lld_setgroupmode
 .text.spi_lld_init
                0x0000000008004830       0x60 build/obj/hal_spi_lld.o
                0x0000000008004830                spi_lld_init
 .text.VectorB0
                0x0000000008004890       0x2c build/obj/hal_st_lld.o
                0x0000000008004890                VectorB0
 *fill*         0x00000000080048bc        0x4 
 .text.st_lld_init
                0x00000000080048c0       0x48 build/obj/hal_st_lld.o
                0x00000000080048c0                st_lld_init
 *fill*         0x0000000008004908        0x8 
 .text.pwm_lld_init
                0x0000000008004910       0x1c build/obj/hal_pwm_lld.o
                0x0000000008004910                pwm_lld_init
 *fill*         0x000000000800492c        0x4 
 .text.pwm_lld_serve_interrupt
                0x0000000008004930       0x5c build/obj/hal_pwm_lld.o
                0x0000000008004930                pwm_lld_serve_interrupt
 *fill*         0x000000000800498c        0x4 
 .text.VectorB8
                0x0000000008004990       0x14 build/obj/hal_pwm_lld.o
                0x0000000008004990                VectorB8
 *fill*         0x00000000080049a4        0xc 
 .text.notify2  0x00000000080049b0       0x10 build/obj/hal_serial_lld.o
 .text.VectorD8
                0x00000000080049c0      0x12c build/obj/hal_serial_lld.o
                0x00000000080049c0                VectorD8
 *fill*         0x0000000008004aec        0x4 
 .text.sd_lld_init
                0x0000000008004af0       0x20 build/obj/hal_serial_lld.o
                0x0000000008004af0                sd_lld_init
 .text.sd_lld_start
                0x0000000008004b10       0xa4 build/obj/hal_serial_lld.o
                0x0000000008004b10                sd_lld_start
 *fill*         0x0000000008004bb4        0xc 
 .text.__early_init
                0x0000000008004bc0        0x4 build/obj/board.o
                0x0000000008004bc0                __early_init
 *fill*         0x0000000008004bc4        0xc 
 .text.boardInit
                0x0000000008004bd0        0x4 build/obj/board.o
                0x0000000008004bd0                boardInit
 *fill*         0x0000000008004bd4        0xc 
 .text.print_line
                0x0000000008004be0       0x2c build/obj/ch_test.o
 *fill*         0x0000000008004c0c        0x4 
 .text._test_assert
                0x0000000008004c10       0x28 build/obj/ch_test.o
                0x0000000008004c10                _test_assert
 *fill*         0x0000000008004c38        0x8 
 .text._test_assert_sequence
                0x0000000008004c40       0x4c build/obj/ch_test.o
                0x0000000008004c40                _test_assert_sequence
 *fill*         0x0000000008004c8c        0x4 
 .text._test_assert_time_window
                0x0000000008004c90       0x34 build/obj/ch_test.o
                0x0000000008004c90                _test_assert_time_window
 *fill*         0x0000000008004cc4        0xc 
 .text.test_printn
                0x0000000008004cd0       0x60 build/obj/ch_test.o
                0x0000000008004cd0                test_printn
 .text.test_print
                0x0000000008004d30       0x24 build/obj/ch_test.o
                0x0000000008004d30                test_print
 *fill*         0x0000000008004d54        0xc 
 .text.test_println
                0x0000000008004d60       0x38 build/obj/ch_test.o
                0x0000000008004d60                test_println
 *fill*         0x0000000008004d98        0x8 
 .text.test_emit_token
                0x0000000008004da0       0x28 build/obj/ch_test.o
                0x0000000008004da0                test_emit_token
 *fill*         0x0000000008004dc8        0x8 
 .text.test_execute
                0x0000000008004dd0      0x2cc build/obj/ch_test.o
                0x0000000008004dd0                test_execute
 *fill*         0x000000000800509c        0x4 
 .text.test_terminate_threads
                0x00000000080050a0       0x1c build/obj/test_root.o
                0x00000000080050a0                test_terminate_threads
 *fill*         0x00000000080050bc        0x4 
 .text.test_wait_threads
                0x00000000080050c0       0x24 build/obj/test_root.o
                0x00000000080050c0                test_wait_threads
 *fill*         0x00000000080050e4        0xc 
 .text.test_wait_tick
                0x00000000080050f0       0x1c build/obj/test_root.o
                0x00000000080050f0                test_wait_tick
 *fill*         0x000000000800510c        0x4 
 .text.test_001_003_execute
                0x0000000008005110       0x24 build/obj/test_sequence_001.o
 *fill*         0x0000000008005134        0xc 
 .text.test_001_004_execute
                0x0000000008005140       0x18 build/obj/test_sequence_001.o
 *fill*         0x0000000008005158        0x8 
 .text.vtcb     0x0000000008005160       0x20 build/obj/test_sequence_001.o
 .text.test_001_001_execute
                0x0000000008005180       0xa8 build/obj/test_sequence_001.o
 *fill*         0x0000000008005228        0x8 
 .text.test_001_002_execute
                0x0000000008005230       0xc4 build/obj/test_sequence_001.o
 *fill*         0x00000000080052f4        0xc 
 .text.test_002_004_execute
                0x0000000008005300       0xe8 build/obj/test_sequence_002.o
 *fill*         0x00000000080053e8        0x8 
 .text.test_002_003_execute
                0x00000000080053f0       0x8c build/obj/test_sequence_002.o
 *fill*         0x000000000800547c        0x4 
 .text.test_002_002_execute
                0x0000000008005480      0x218 build/obj/test_sequence_002.o
 *fill*         0x0000000008005698        0x8 
 .text.thread   0x00000000080056a0        0x8 build/obj/test_sequence_002.o
 *fill*         0x00000000080056a8        0x8 
 .text.test_002_001_execute
                0x00000000080056b0       0xb0 build/obj/test_sequence_002.o
 .text.test_003_001_setup
                0x0000000008005760        0xc build/obj/test_sequence_003.o
 *fill*         0x000000000800576c        0x4 
 .text.test_003_001_execute
                0x0000000008005770       0xf0 build/obj/test_sequence_003.o
 .text.thread1  0x0000000008005860       0x2c build/obj/test_sequence_003.o
 *fill*         0x000000000800588c        0x4 
 .text.test_004_002_setup
                0x0000000008005890        0xc build/obj/test_sequence_004.o
 *fill*         0x000000000800589c        0x4 
 .text.test_004_001_setup
                0x00000000080058a0        0xc build/obj/test_sequence_004.o
 *fill*         0x00000000080058ac        0x4 
 .text.test_004_001_teardown
                0x00000000080058b0        0xc build/obj/test_sequence_004.o
 *fill*         0x00000000080058bc        0x4 
 .text.test_004_005_teardown
                0x00000000080058c0        0x4 build/obj/test_sequence_004.o
 *fill*         0x00000000080058c4        0xc 
 .text.test_004_005_execute
                0x00000000080058d0       0xb4 build/obj/test_sequence_004.o
 *fill*         0x0000000008005984        0xc 
 .text.thread3  0x0000000008005990       0x18 build/obj/test_sequence_004.o
 *fill*         0x00000000080059a8        0x8 
 .text.test_004_001_execute
                0x00000000080059b0       0xc0 build/obj/test_sequence_004.o
 .text.test_004_004_execute
                0x0000000008005a70       0xa0 build/obj/test_sequence_004.o
 .text.test_004_002_execute
                0x0000000008005b10       0xfc build/obj/test_sequence_004.o
 *fill*         0x0000000008005c0c        0x4 
 .text.thread1  0x0000000008005c10       0x18 build/obj/test_sequence_004.o
 *fill*         0x0000000008005c28        0x8 
 .text.thread2  0x0000000008005c30       0x28 build/obj/test_sequence_004.o
 *fill*         0x0000000008005c58        0x8 
 .text.test_004_003_execute
                0x0000000008005c60      0x170 build/obj/test_sequence_004.o
 .text.test_004_006_teardown
                0x0000000008005dd0        0x4 build/obj/test_sequence_004.o
 *fill*         0x0000000008005dd4        0xc 
 .text.thread4  0x0000000008005de0       0x2c build/obj/test_sequence_004.o
 *fill*         0x0000000008005e0c        0x4 
 .text.test_004_003_setup
                0x0000000008005e10        0xc build/obj/test_sequence_004.o
 *fill*         0x0000000008005e1c        0x4 
 .text.test_004_004_setup
                0x0000000008005e20        0xc build/obj/test_sequence_004.o
 *fill*         0x0000000008005e2c        0x4 
 .text.test_004_005_setup
                0x0000000008005e30        0xc build/obj/test_sequence_004.o
 *fill*         0x0000000008005e3c        0x4 
 .text.test_004_006_execute
                0x0000000008005e40      0x1b4 build/obj/test_sequence_004.o
 *fill*         0x0000000008005ff4        0xc 
 .text.test_005_004_teardown
                0x0000000008006000        0x4 build/obj/test_sequence_005.o
 *fill*         0x0000000008006004        0xc 
 .text.test_005_009_execute
                0x0000000008006010       0xbc build/obj/test_sequence_005.o
 *fill*         0x00000000080060cc        0x4 
 .text.thread9  0x00000000080060d0       0x20 build/obj/test_sequence_005.o
 .text.thread1  0x00000000080060f0       0x20 build/obj/test_sequence_005.o
 .text.thread6  0x0000000008006110       0x2c build/obj/test_sequence_005.o
 *fill*         0x000000000800613c        0x4 
 .text.thread8  0x0000000008006140       0x40 build/obj/test_sequence_005.o
 .text.test_005_009_setup
                0x0000000008006180       0x24 build/obj/test_sequence_005.o
 *fill*         0x00000000080061a4        0xc 
 .text.test_005_007_setup
                0x00000000080061b0       0x1c build/obj/test_sequence_005.o
 *fill*         0x00000000080061cc        0x4 
 .text.test_005_004_setup
                0x00000000080061d0       0x1c build/obj/test_sequence_005.o
 *fill*         0x00000000080061ec        0x4 
 .text.test_005_001_setup
                0x00000000080061f0        0xc build/obj/test_sequence_005.o
 *fill*         0x00000000080061fc        0x4 
 .text.test_005_008_execute
                0x0000000008006200       0xd4 build/obj/test_sequence_005.o
 *fill*         0x00000000080062d4        0xc 
 .text.test_005_007_execute
                0x00000000080062e0       0xfc build/obj/test_sequence_005.o
 *fill*         0x00000000080063dc        0x4 
 .text.test_005_001_execute
                0x00000000080063e0       0xf8 build/obj/test_sequence_005.o
 *fill*         0x00000000080064d8        0x8 
 .text.test_005_005_execute
                0x00000000080064e0      0x114 build/obj/test_sequence_005.o
 *fill*         0x00000000080065f4        0xc 
 .text.test_005_004_execute
                0x0000000008006600      0x14c build/obj/test_sequence_005.o
 *fill*         0x000000000800674c        0x4 
 .text.thread4A
                0x0000000008006750       0x20 build/obj/test_sequence_005.o
 .text.thread4B
                0x0000000008006770       0x30 build/obj/test_sequence_005.o
 .text.test_005_005_setup
                0x00000000080067a0        0xc build/obj/test_sequence_005.o
 *fill*         0x00000000080067ac        0x4 
 .text.test_005_008_setup
                0x00000000080067b0       0x1c build/obj/test_sequence_005.o
 *fill*         0x00000000080067cc        0x4 
 .text.test_006_001_execute
                0x00000000080067d0       0x70 build/obj/test_sequence_006.o
 .text.msg_thread1
                0x0000000008006840       0x28 build/obj/test_sequence_006.o
 *fill*         0x0000000008006868        0x8 
 .text.test_007_007_setup
                0x0000000008006870       0x1c build/obj/test_sequence_007.o
 *fill*         0x000000000800688c        0x4 
 .text.test_007_002_setup
                0x0000000008006890        0x8 build/obj/test_sequence_007.o
 *fill*         0x0000000008006898        0x8 
 .text.evt_thread7
                0x00000000080068a0       0x28 build/obj/test_sequence_007.o
 *fill*         0x00000000080068c8        0x8 
 .text.test_007_007_execute
                0x00000000080068d0       0xf0 build/obj/test_sequence_007.o
 .text.test_007_001_execute
                0x00000000080069c0       0xc8 build/obj/test_sequence_007.o
 *fill*         0x0000000008006a88        0x8 
 .text.evt_thread3
                0x0000000008006a90       0x18 build/obj/test_sequence_007.o
 *fill*         0x0000000008006aa8        0x8 
 .text.test_007_002_execute
                0x0000000008006ab0       0x2c build/obj/test_sequence_007.o
 *fill*         0x0000000008006adc        0x4 
 .text.h3       0x0000000008006ae0        0x8 build/obj/test_sequence_007.o
 *fill*         0x0000000008006ae8        0x8 
 .text.h2       0x0000000008006af0        0x8 build/obj/test_sequence_007.o
 *fill*         0x0000000008006af8        0x8 
 .text.h1       0x0000000008006b00        0x8 build/obj/test_sequence_007.o
 *fill*         0x0000000008006b08        0x8 
 .text.test_007_006_execute
                0x0000000008006b10       0xb8 build/obj/test_sequence_007.o
 *fill*         0x0000000008006bc8        0x8 
 .text.test_007_005_execute
                0x0000000008006bd0       0xf0 build/obj/test_sequence_007.o
 .text.test_007_004_execute
                0x0000000008006cc0       0xec build/obj/test_sequence_007.o
 *fill*         0x0000000008006dac        0x4 
 .text.test_007_003_execute
                0x0000000008006db0      0x124 build/obj/test_sequence_007.o
 *fill*         0x0000000008006ed4        0xc 
 .text.test_007_006_setup
                0x0000000008006ee0        0x8 build/obj/test_sequence_007.o
 *fill*         0x0000000008006ee8        0x8 
 .text.test_007_003_setup
                0x0000000008006ef0        0x8 build/obj/test_sequence_007.o
 *fill*         0x0000000008006ef8        0x8 
 .text.test_007_004_setup
                0x0000000008006f00        0x8 build/obj/test_sequence_007.o
 *fill*         0x0000000008006f08        0x8 
 .text.test_007_005_setup
                0x0000000008006f10        0x8 build/obj/test_sequence_007.o
 *fill*         0x0000000008006f18        0x8 
 .text.test_008_001_teardown
                0x0000000008006f20        0xc build/obj/test_sequence_008.o
 *fill*         0x0000000008006f2c        0x4 
 .text.test_008_003_execute
                0x0000000008006f30      0x124 build/obj/test_sequence_008.o
 *fill*         0x0000000008007054        0xc 
 .text.test_008_001_setup
                0x0000000008007060       0x14 build/obj/test_sequence_008.o
 *fill*         0x0000000008007074        0xc 
 .text.test_008_002_execute
                0x0000000008007080      0x2e8 build/obj/test_sequence_008.o
 *fill*         0x0000000008007368        0x8 
 .text.test_008_001_execute
                0x0000000008007370      0x338 build/obj/test_sequence_008.o
 *fill*         0x00000000080076a8        0x8 
 .text.test_008_003_teardown
                0x00000000080076b0        0xc build/obj/test_sequence_008.o
 *fill*         0x00000000080076bc        0x4 
 .text.test_008_002_teardown
                0x00000000080076c0        0xc build/obj/test_sequence_008.o
 *fill*         0x00000000080076cc        0x4 
 .text.test_008_002_setup
                0x00000000080076d0       0x14 build/obj/test_sequence_008.o
 *fill*         0x00000000080076e4        0xc 
 .text.test_008_003_setup
                0x00000000080076f0       0x14 build/obj/test_sequence_008.o
 *fill*         0x0000000008007704        0xc 
 .text.null_provider
                0x0000000008007710        0x4 build/obj/test_sequence_009.o
 *fill*         0x0000000008007714        0xc 
 .text.test_009_003_execute
                0x0000000008007720       0x30 build/obj/test_sequence_009.o
 .text.test_009_002_setup
                0x0000000008007750        0xc build/obj/test_sequence_009.o
 *fill*         0x000000000800775c        0x4 
 .text.test_009_002_execute
                0x0000000008007760       0xc4 build/obj/test_sequence_009.o
 *fill*         0x0000000008007824        0xc 
 .text.test_009_001_execute
                0x0000000008007830       0xe8 build/obj/test_sequence_009.o
 *fill*         0x0000000008007918        0x8 
 .text.test_009_001_setup
                0x0000000008007920       0x10 build/obj/test_sequence_009.o
 .text.test_009_003_setup
                0x0000000008007930        0xc build/obj/test_sequence_009.o
 *fill*         0x000000000800793c        0x4 
 .text.test_010_002_execute
                0x0000000008007940       0x6c build/obj/test_sequence_010.o
 *fill*         0x00000000080079ac        0x4 
 .text.test_010_001_execute
                0x00000000080079b0      0x354 build/obj/test_sequence_010.o
 *fill*         0x0000000008007d04        0xc 
 .text.test_010_001_setup
                0x0000000008007d10       0x14 build/obj/test_sequence_010.o
 *fill*         0x0000000008007d24        0xc 
 .text.test_011_002_execute
                0x0000000008007d30      0x16c build/obj/test_sequence_011.o
 *fill*         0x0000000008007e9c        0x4 
 .text.dyn_thread1
                0x0000000008007ea0        0x8 build/obj/test_sequence_011.o
 *fill*         0x0000000008007ea8        0x8 
 .text.test_011_002_setup
                0x0000000008007eb0       0x10 build/obj/test_sequence_011.o
 .text.test_011_001_execute
                0x0000000008007ec0      0x174 build/obj/test_sequence_011.o
 *fill*         0x0000000008008034        0xc 
 .text.test_011_001_setup
                0x0000000008008040       0x14 build/obj/test_sequence_011.o
 *fill*         0x0000000008008054        0xc 
 .text.tmo      0x0000000008008060        0x4 build/obj/test_sequence_012.o
 *fill*         0x0000000008008064        0xc 
 .text.test_012_012_execute
                0x0000000008008070       0xfc build/obj/test_sequence_012.o
 *fill*         0x000000000800816c        0x4 
 .text.test_012_011_execute
                0x0000000008008170       0x8c build/obj/test_sequence_012.o
 *fill*         0x00000000080081fc        0x4 
 .text.test_012_011_setup
                0x0000000008008200        0xc build/obj/test_sequence_012.o
 *fill*         0x000000000800820c        0x4 
 .text.bmk_thread7
                0x0000000008008210       0x2c build/obj/test_sequence_012.o
 *fill*         0x000000000800823c        0x4 
 .text.test_012_010_execute
                0x0000000008008240       0x8c build/obj/test_sequence_012.o
 *fill*         0x00000000080082cc        0x4 
 .text.test_012_010_setup
                0x00000000080082d0        0xc build/obj/test_sequence_012.o
 *fill*         0x00000000080082dc        0x4 
 .text.test_012_007_setup
                0x00000000080082e0        0xc build/obj/test_sequence_012.o
 *fill*         0x00000000080082ec        0x4 
 .text.test_012_009_execute
                0x00000000080082f0       0x9c build/obj/test_sequence_012.o
 *fill*         0x000000000800838c        0x4 
 .text.test_012_008_execute
                0x0000000008008390       0xf0 build/obj/test_sequence_012.o
 .text.bmk_thread8
                0x0000000008008480       0x2c build/obj/test_sequence_012.o
 *fill*         0x00000000080084ac        0x4 
 .text.test_012_007_execute
                0x00000000080084b0      0x11c build/obj/test_sequence_012.o
 *fill*         0x00000000080085cc        0x4 
 .text.test_012_006_execute
                0x00000000080085d0       0x8c build/obj/test_sequence_012.o
 *fill*         0x000000000800865c        0x4 
 .text.bmk_thread3
                0x0000000008008660        0x4 build/obj/test_sequence_012.o
 *fill*         0x0000000008008664        0xc 
 .text.test_012_005_execute
                0x0000000008008670       0x8c build/obj/test_sequence_012.o
 *fill*         0x00000000080086fc        0x4 
 .text.test_012_004_execute
                0x0000000008008700       0xd8 build/obj/test_sequence_012.o
 *fill*         0x00000000080087d8        0x8 
 .text.bmk_thread4
                0x00000000080087e0       0x24 build/obj/test_sequence_012.o
 *fill*         0x0000000008008804        0xc 
 .text.bmk_thread1
                0x0000000008008810       0x14 build/obj/test_sequence_012.o
 *fill*         0x0000000008008824        0xc 
 .text.msg_loop_test
                0x0000000008008830       0x3c build/obj/test_sequence_012.o
 *fill*         0x000000000800886c        0x4 
 .text.test_012_003_execute
                0x0000000008008870       0xf4 build/obj/test_sequence_012.o
 *fill*         0x0000000008008964        0xc 
 .text.test_012_002_execute
                0x0000000008008970       0x80 build/obj/test_sequence_012.o
 .text.test_012_001_execute
                0x00000000080089f0       0x80 build/obj/test_sequence_012.o
 .text.startup._ZN10chibios_rt10BaseThread4mainEv
                0x0000000008008a70        0x4 build/obj/ch.o
                0x0000000008008a70                chibios_rt::BaseThread::main()
 *fill*         0x0000000008008a74        0xc 
 .text._ZN10chibios_rt10BaseThread5startEm
                0x0000000008008a80       0x14 build/obj/ch.o
                0x0000000008008a80                chibios_rt::BaseThread::start(unsigned long)
 *fill*         0x0000000008008a94        0xc 
 .text._ZN10chibios_rt15ThreadReference4stopEv
                0x0000000008008aa0        0xc build/obj/ch.o
                0x0000000008008aa0                chibios_rt::ThreadReference::stop()
 *fill*         0x0000000008008aac        0x4 
 .text._ZN10chibios_rt15ThreadReference4waitEv
                0x0000000008008ab0       0x10 build/obj/ch.o
                0x0000000008008ab0                chibios_rt::ThreadReference::wait()
 .text._ZN10chibios_rt10BaseThreadC2Ev
                0x0000000008008ac0       0x10 build/obj/ch.o
                0x0000000008008ac0                chibios_rt::BaseThread::BaseThread()
                0x0000000008008ac0                chibios_rt::BaseThread::BaseThread()
 .text._ZN10chibios_rt10_thd_startEPv
                0x0000000008008ad0        0x8 build/obj/ch.o
                0x0000000008008ad0                chibios_rt::_thd_start(void*)
 *fill*         0x0000000008008ad8        0x8 
 .text._ZN10chibios_rt10BaseThread7setNameEPKc
                0x0000000008008ae0        0xc build/obj/ch.o
                0x0000000008008ae0                chibios_rt::BaseThread::setName(char const*)
 *fill*         0x0000000008008aec        0x4 
 .text._ZN10chibios_rt10BaseThread4exitEl
                0x0000000008008af0        0x4 build/obj/ch.o
                0x0000000008008af0                chibios_rt::BaseThread::exit(long)
 *fill*         0x0000000008008af4        0xc 
 .text._ZN10chibios_rt10BaseThread5sleepEm
                0x0000000008008b00        0x4 build/obj/ch.o
                0x0000000008008b00                chibios_rt::BaseThread::sleep(unsigned long)
 *fill*         0x0000000008008b04        0xc 
 .text._exit    0x0000000008008b10       0x10 build/obj/syscalls_cpp.o
                0x0000000008008b10                _exit
 .text._getpid  0x0000000008008b20        0x4 build/obj/syscalls_cpp.o
                0x0000000008008b20                _getpid
 *fill*         0x0000000008008b24        0xc 
 .text._kill    0x0000000008008b30       0x10 build/obj/syscalls_cpp.o
                0x0000000008008b30                _kill
 .text._ZN10chibios_rt16BaseStaticThreadILi128EE5startEm
                0x0000000008008b40       0x30 build/obj/main.o
                0x0000000008008b40                chibios_rt::BaseStaticThread<128>::start(unsigned long)
 .text._ZN10chibios_rt16BaseStaticThreadILi256EE5startEm
                0x0000000008008b70       0x30 build/obj/main.o
                0x0000000008008b70                chibios_rt::BaseStaticThread<256>::start(unsigned long)
 .text.startup._ZN15SequencerThread4mainEv
                0x0000000008008ba0       0x70 build/obj/main.o
                0x0000000008008ba0                SequencerThread::main()
 .text.startup._ZN12TesterThread4mainEv
                0x0000000008008c10       0x28 build/obj/main.o
                0x0000000008008c10                TesterThread::main()
 *fill*         0x0000000008008c38        0x8 
 .text.startup.main
                0x0000000008008c40       0xb0 build/obj/main.o
                0x0000000008008c40                main
 .text.startup._GLOBAL__sub_I_main
                0x0000000008008cf0       0x80 build/obj/main.o
 *(.glue_7t)
 .glue_7t       0x0000000008008d70        0x0 linker stubs
 *(.glue_7)
 .glue_7        0x0000000008008d70        0x0 linker stubs
 *(.gcc*)

.vfp11_veneer   0x0000000008008d70        0x0
 .vfp11_veneer  0x0000000008008d70        0x0 linker stubs

.v4_bx          0x0000000008008d70        0x0
 .v4_bx         0x0000000008008d70        0x0 linker stubs

.iplt           0x0000000008008d70        0x0
 .iplt          0x0000000008008d70        0x0 build/obj/crt0_v7m.o

.rodata         0x0000000008008d70     0x1648
                0x0000000008008d70                . = ALIGN (0x4)
                0x0000000008008d70                __rodata_base__ = .
 *(.rodata)
 *(.rodata.*)
 .rodata.ram_areas
                0x0000000008008d70       0x80 build/obj/crt1.o
 .rodata.str1.4
                0x0000000008008df0        0x5 build/obj/chsys.o
 *fill*         0x0000000008008df5        0x3 
 .rodata.idle_descriptor.0
                0x0000000008008df8       0x18 build/obj/chsys.o
 .rodata.chThdCreateStatic.str1.4
                0x0000000008008e10        0x7 build/obj/chthreads.o
 *fill*         0x0000000008008e17        0x1 
 .rodata.ch_debug
                0x0000000008008e18       0x16 build/obj/chregistry.o
                0x0000000008008e18                ch_debug
 *fill*         0x0000000008008e2e        0x2 
 .rodata.vmt    0x0000000008008e30       0x20 build/obj/hal_serial.o
 .rodata._stm32_dma_streams
                0x0000000008008e50       0xc0 build/obj/stm32_dma.o
                0x0000000008008e50                _stm32_dma_streams
 .rodata.default_config
                0x0000000008008f10        0xc build/obj/hal_serial_lld.o
 .rodata.pal_default_config
                0x0000000008008f1c       0xfc build/obj/board.o
                0x0000000008008f1c                pal_default_config
 .rodata.print_line.str1.4
                0x0000000008009018        0x3 build/obj/ch_test.o
 *fill*         0x000000000800901b        0x1 
 .rodata.test_execute.str1.4
                0x000000000800901c      0x12c build/obj/ch_test.o
                                        0x138 (size before relaxing)
 .rodata.wa     0x0000000008009148       0x14 build/obj/test_root.o
                0x0000000008009148                wa
 .rodata.test_001_001_execute.str1.4
                0x000000000800915c       0x70 build/obj/test_sequence_001.o
 .rodata.test_001_002_execute.str1.4
                0x00000000080091cc       0x12 build/obj/test_sequence_001.o
 *fill*         0x00000000080091de        0x2 
 .rodata.str1.4
                0x00000000080091e0       0x87 build/obj/test_sequence_001.o
 *fill*         0x0000000008009267        0x1 
 .rodata.test_001_001
                0x0000000008009268       0x10 build/obj/test_sequence_001.o
 .rodata.test_001_002
                0x0000000008009278       0x10 build/obj/test_sequence_001.o
 .rodata.test_001_003
                0x0000000008009288       0x10 build/obj/test_sequence_001.o
 .rodata.test_001_004
                0x0000000008009298       0x10 build/obj/test_sequence_001.o
 .rodata.test_sequence_001
                0x00000000080092a8       0x14 build/obj/test_sequence_001.o
                0x00000000080092a8                test_sequence_001
 .rodata.test_002_004_execute.str1.4
                0x00000000080092bc       0x87 build/obj/test_sequence_002.o
 *fill*         0x0000000008009343        0x1 
 .rodata.test_002_002_execute.str1.4
                0x0000000008009344       0x2a build/obj/test_sequence_002.o
                                         0x2e (size before relaxing)
 *fill*         0x000000000800936e        0x2 
 .rodata.test_002_001_execute.str1.4
                0x0000000008009370       0x13 build/obj/test_sequence_002.o
 *fill*         0x0000000008009383        0x1 
 .rodata.str1.4
                0x0000000008009384       0x97 build/obj/test_sequence_002.o
 *fill*         0x000000000800941b        0x1 
 .rodata.test_002_001
                0x000000000800941c       0x10 build/obj/test_sequence_002.o
 .rodata.test_002_002
                0x000000000800942c       0x10 build/obj/test_sequence_002.o
 .rodata.test_002_003
                0x000000000800943c       0x10 build/obj/test_sequence_002.o
 .rodata.test_002_004
                0x000000000800944c       0x10 build/obj/test_sequence_002.o
 .rodata.test_sequence_002
                0x000000000800945c       0x14 build/obj/test_sequence_002.o
                0x000000000800945c                test_sequence_002
 .rodata.test_003_001_execute.str1.4
                0x0000000008009470       0x23 build/obj/test_sequence_003.o
                                         0x3b (size before relaxing)
 *fill*         0x0000000008009493        0x1 
 .rodata.str1.4
                0x0000000008009494       0x21 build/obj/test_sequence_003.o
 *fill*         0x00000000080094b5        0x3 
 .rodata.test_003_001
                0x00000000080094b8       0x10 build/obj/test_sequence_003.o
 .rodata.test_sequence_003
                0x00000000080094c8        0x8 build/obj/test_sequence_003.o
                0x00000000080094c8                test_sequence_003
 .rodata.test_004_005_execute.str1.4
                0x00000000080094d0       0x21 build/obj/test_sequence_004.o
 *fill*         0x00000000080094f1        0x3 
 .rodata.test_004_001_execute.str1.4
                0x00000000080094f4       0x14 build/obj/test_sequence_004.o
                                         0x2b (size before relaxing)
 .rodata.test_004_004_execute.str1.4
                0x0000000008009508       0x10 build/obj/test_sequence_004.o
                                         0x25 (size before relaxing)
 .rodata.test_004_002_execute.str1.4
                0x0000000008009518       0x16 build/obj/test_sequence_004.o
 .rodata.test_004_003_execute.str1.4
                0x0000000008009518       0x16 build/obj/test_sequence_004.o
                                         0x2b (size before relaxing)
 *fill*         0x000000000800952e        0x2 
 .rodata.test_004_006_execute.str1.4
                0x0000000008009530       0x3f build/obj/test_sequence_004.o
                                         0x46 (size before relaxing)
 *fill*         0x000000000800956f        0x1 
 .rodata.str1.4
                0x0000000008009570       0xd6 build/obj/test_sequence_004.o
 *fill*         0x0000000008009646        0x2 
 .rodata.test_004_001
                0x0000000008009648       0x10 build/obj/test_sequence_004.o
 .rodata.test_004_002
                0x0000000008009658       0x10 build/obj/test_sequence_004.o
 .rodata.test_004_003
                0x0000000008009668       0x10 build/obj/test_sequence_004.o
 .rodata.test_004_004
                0x0000000008009678       0x10 build/obj/test_sequence_004.o
 .rodata.test_004_005
                0x0000000008009688       0x10 build/obj/test_sequence_004.o
 .rodata.test_004_006
                0x0000000008009698       0x10 build/obj/test_sequence_004.o
 .rodata.test_sequence_004
                0x00000000080096a8       0x1c build/obj/test_sequence_004.o
                0x00000000080096a8                test_sequence_004
 .rodata.test_005_009_execute.str1.4
                0x00000000080096c4        0x4 build/obj/test_sequence_005.o
                                         0x24 (size before relaxing)
 .rodata.test_005_008_execute.str1.4
                0x00000000080096c8        0xe build/obj/test_sequence_005.o
 .rodata.test_005_001_execute.str1.4
                0x00000000080096c8       0x15 build/obj/test_sequence_005.o
 *fill*         0x00000000080096dd        0x3 
 .rodata.test_005_005_execute.str1.4
                0x00000000080096e0       0x28 build/obj/test_sequence_005.o
                                         0x38 (size before relaxing)
 .rodata.str1.4
                0x0000000008009708       0xcc build/obj/test_sequence_005.o
 .rodata.test_005_001
                0x00000000080097d4       0x10 build/obj/test_sequence_005.o
 .rodata.test_005_004
                0x00000000080097e4       0x10 build/obj/test_sequence_005.o
 .rodata.test_005_005
                0x00000000080097f4       0x10 build/obj/test_sequence_005.o
 .rodata.test_005_007
                0x0000000008009804       0x10 build/obj/test_sequence_005.o
 .rodata.test_005_008
                0x0000000008009814       0x10 build/obj/test_sequence_005.o
 .rodata.test_005_009
                0x0000000008009824       0x10 build/obj/test_sequence_005.o
 .rodata.test_sequence_005
                0x0000000008009834       0x1c build/obj/test_sequence_005.o
                0x0000000008009834                test_sequence_005
 .rodata.test_006_001_execute.str1.4
                0x0000000008009850        0x5 build/obj/test_sequence_006.o
                                         0x19 (size before relaxing)
 *fill*         0x0000000008009855        0x3 
 .rodata.str1.4
                0x0000000008009858       0x15 build/obj/test_sequence_006.o
 *fill*         0x000000000800986d        0x3 
 .rodata.test_006_001
                0x0000000008009870       0x10 build/obj/test_sequence_006.o
 .rodata.test_sequence_006
                0x0000000008009880        0x8 build/obj/test_sequence_006.o
                0x0000000008009880                test_sequence_006
 .rodata.test_007_007_execute.str1.4
                0x0000000008009888       0x1b build/obj/test_sequence_007.o
                                         0x33 (size before relaxing)
 *fill*         0x00000000080098a3        0x1 
 .rodata.test_007_001_execute.str1.4
                0x00000000080098a4        0xc build/obj/test_sequence_007.o
 .rodata.test_007_002_execute.str1.4
                0x00000000080098b0       0x18 build/obj/test_sequence_007.o
 .rodata.test_007_006_execute.str1.4
                0x00000000080098b0        0xf build/obj/test_sequence_007.o
 *fill*         0x00000000080098bf        0x1 
 .rodata.test_007_005_execute.str1.4
                0x00000000080098c0       0x2a build/obj/test_sequence_007.o
 *fill*         0x00000000080098ea        0x2 
 .rodata.test_007_004_execute.str1.4
                0x00000000080098ec       0x11 build/obj/test_sequence_007.o
 *fill*         0x00000000080098fd        0x3 
 .rodata.test_007_003_execute.str1.4
                0x0000000008009900       0x13 build/obj/test_sequence_007.o
 *fill*         0x0000000008009913        0x1 
 .rodata.str1.4
                0x0000000008009914       0xe4 build/obj/test_sequence_007.o
 .rodata.evhndl
                0x00000000080099f8        0xc build/obj/test_sequence_007.o
 .rodata.test_007_001
                0x0000000008009a04       0x10 build/obj/test_sequence_007.o
 .rodata.test_007_002
                0x0000000008009a14       0x10 build/obj/test_sequence_007.o
 .rodata.test_007_003
                0x0000000008009a24       0x10 build/obj/test_sequence_007.o
 .rodata.test_007_004
                0x0000000008009a34       0x10 build/obj/test_sequence_007.o
 .rodata.test_007_005
                0x0000000008009a44       0x10 build/obj/test_sequence_007.o
 .rodata.test_007_006
                0x0000000008009a54       0x10 build/obj/test_sequence_007.o
 .rodata.test_007_007
                0x0000000008009a64       0x10 build/obj/test_sequence_007.o
 .rodata.test_sequence_007
                0x0000000008009a74       0x20 build/obj/test_sequence_007.o
                0x0000000008009a74                test_sequence_007
 .rodata.test_008_003_execute.str1.4
                0x0000000008009a94       0x16 build/obj/test_sequence_008.o
 .rodata.test_008_002_execute.str1.4
                0x0000000008009a94       0xaf build/obj/test_sequence_008.o
                                         0xb5 (size before relaxing)
 *fill*         0x0000000008009b43        0x1 
 .rodata.test_008_001_execute.str1.4
                0x0000000008009b44       0x13 build/obj/test_sequence_008.o
 *fill*         0x0000000008009b57        0x1 
 .rodata.str1.4
                0x0000000008009b58       0x63 build/obj/test_sequence_008.o
 *fill*         0x0000000008009bbb        0x1 
 .rodata.test_008_001
                0x0000000008009bbc       0x10 build/obj/test_sequence_008.o
 .rodata.test_008_002
                0x0000000008009bcc       0x10 build/obj/test_sequence_008.o
 .rodata.test_008_003
                0x0000000008009bdc       0x10 build/obj/test_sequence_008.o
 .rodata.test_sequence_008
                0x0000000008009bec       0x10 build/obj/test_sequence_008.o
                0x0000000008009bec                test_sequence_008
 .rodata.test_009_003_execute.str1.4
                0x0000000008009bfc        0xf build/obj/test_sequence_009.o
 *fill*         0x0000000008009c0b        0x1 
 .rodata.test_009_002_execute.str1.4
                0x0000000008009c0c        0xb build/obj/test_sequence_009.o
 *fill*         0x0000000008009c17        0x1 
 .rodata.test_009_001_execute.str1.4
                0x0000000008009c18       0x19 build/obj/test_sequence_009.o
 *fill*         0x0000000008009c31        0x3 
 .rodata.str1.4
                0x0000000008009c34       0x7f build/obj/test_sequence_009.o
 *fill*         0x0000000008009cb3        0x1 
 .rodata.test_009_001
                0x0000000008009cb4       0x10 build/obj/test_sequence_009.o
 .rodata.test_009_002
                0x0000000008009cc4       0x10 build/obj/test_sequence_009.o
 .rodata.test_009_003
                0x0000000008009cd4       0x10 build/obj/test_sequence_009.o
 .rodata.test_sequence_009
                0x0000000008009ce4       0x10 build/obj/test_sequence_009.o
                0x0000000008009ce4                test_sequence_009
 .rodata.test_010_002_execute.str1.4
                0x0000000008009cf4       0x2a build/obj/test_sequence_010.o
 *fill*         0x0000000008009d1e        0x2 
 .rodata.test_010_001_execute.str1.4
                0x0000000008009d20       0x59 build/obj/test_sequence_010.o
                                         0x65 (size before relaxing)
 *fill*         0x0000000008009d79        0x3 
 .rodata.str1.4
                0x0000000008009d7c       0x2d build/obj/test_sequence_010.o
 *fill*         0x0000000008009da9        0x3 
 .rodata.test_010_001
                0x0000000008009dac       0x10 build/obj/test_sequence_010.o
 .rodata.test_010_002
                0x0000000008009dbc       0x10 build/obj/test_sequence_010.o
 .rodata.test_sequence_010
                0x0000000008009dcc        0xc build/obj/test_sequence_010.o
                0x0000000008009dcc                test_sequence_010
 .rodata.test_011_002_execute.str1.4
                0x0000000008009dd8       0x80 build/obj/test_sequence_011.o
                                         0xb0 (size before relaxing)
 .rodata.test_011_001_execute.str1.4
                0x0000000008009e58       0x56 build/obj/test_sequence_011.o
                                         0x66 (size before relaxing)
 *fill*         0x0000000008009eae        0x2 
 .rodata.str1.4
                0x0000000008009eb0       0x46 build/obj/test_sequence_011.o
 *fill*         0x0000000008009ef6        0x2 
 .rodata.test_011_001
                0x0000000008009ef8       0x10 build/obj/test_sequence_011.o
 .rodata.test_011_002
                0x0000000008009f08       0x10 build/obj/test_sequence_011.o
 .rodata.test_sequence_011
                0x0000000008009f18        0xc build/obj/test_sequence_011.o
                0x0000000008009f18                test_sequence_011
 .rodata.test_012_012_execute.str1.4
                0x0000000008009f24       0x95 build/obj/test_sequence_012.o
 *fill*         0x0000000008009fb9        0x3 
 .rodata.test_012_011_execute.str1.4
                0x0000000008009fbc       0x1f build/obj/test_sequence_012.o
 *fill*         0x0000000008009fdb        0x1 
 .rodata.test_012_010_execute.str1.4
                0x0000000008009fdc        0xf build/obj/test_sequence_012.o
 *fill*         0x0000000008009feb        0x1 
 .rodata.test_012_009_execute.str1.4
                0x0000000008009fec        0xa build/obj/test_sequence_012.o
 *fill*         0x0000000008009ff6        0x2 
 .rodata.test_012_008_execute.str1.4
                0x0000000008009ff8        0xa build/obj/test_sequence_012.o
 *fill*         0x000000000800a002        0x2 
 .rodata.test_012_007_execute.str1.4
                0x000000000800a004       0x11 build/obj/test_sequence_012.o
 *fill*         0x000000000800a015        0x3 
 .rodata.test_012_006_execute.str1.4
                0x000000000800a018        0xb build/obj/test_sequence_012.o
 *fill*         0x000000000800a023        0x1 
 .rodata.test_012_003_execute.str1.4
                0x000000000800a024        0xa build/obj/test_sequence_012.o
 *fill*         0x000000000800a02e        0x2 
 .rodata.str1.4
                0x000000000800a030      0x168 build/obj/test_sequence_012.o
 .rodata.test_012_001
                0x000000000800a198       0x10 build/obj/test_sequence_012.o
 .rodata.test_012_002
                0x000000000800a1a8       0x10 build/obj/test_sequence_012.o
 .rodata.test_012_003
                0x000000000800a1b8       0x10 build/obj/test_sequence_012.o
 .rodata.test_012_004
                0x000000000800a1c8       0x10 build/obj/test_sequence_012.o
 .rodata.test_012_005
                0x000000000800a1d8       0x10 build/obj/test_sequence_012.o
 .rodata.test_012_006
                0x000000000800a1e8       0x10 build/obj/test_sequence_012.o
 .rodata.test_012_007
                0x000000000800a1f8       0x10 build/obj/test_sequence_012.o
 .rodata.test_012_008
                0x000000000800a208       0x10 build/obj/test_sequence_012.o
 .rodata.test_012_009
                0x000000000800a218       0x10 build/obj/test_sequence_012.o
 .rodata.test_012_010
                0x000000000800a228       0x10 build/obj/test_sequence_012.o
 .rodata.test_012_011
                0x000000000800a238       0x10 build/obj/test_sequence_012.o
 .rodata.test_012_012
                0x000000000800a248       0x10 build/obj/test_sequence_012.o
 .rodata.test_sequence_012
                0x000000000800a258       0x34 build/obj/test_sequence_012.o
                0x000000000800a258                test_sequence_012
 .rodata._ZN10chibios_rt15ThreadReference4stopEv.str1.4
                0x000000000800a28c       0x24 build/obj/ch.o
 .rodata._ZTVN10chibios_rt10BaseThreadE
                0x000000000800a2b0       0x14 build/obj/ch.o
                0x000000000800a2b0                vtable for chibios_rt::BaseThread
 .rodata._ZTVN10chibios_rt15ThreadReferenceE
                0x000000000800a2c4        0xc build/obj/ch.o
                0x000000000800a2c4                vtable for chibios_rt::ThreadReference
 .rodata._exit.str1.4
                0x000000000800a2d0        0xb build/obj/syscalls_cpp.o
 *fill*         0x000000000800a2db        0x1 
 .rodata._ZN15SequencerThread4mainEv.str1.4
                0x000000000800a2dc        0xa build/obj/main.o
 *fill*         0x000000000800a2e6        0x2 
 .rodata._ZN12TesterThread4mainEv.str1.4
                0x000000000800a2e8        0x7 build/obj/main.o
 *fill*         0x000000000800a2ef        0x1 
 .rodata._ZTV15SequencerThread
                0x000000000800a2f0       0x14 build/obj/main.o
                0x000000000800a2f0                vtable for SequencerThread
 .rodata._ZTV12TesterThread
                0x000000000800a304       0x14 build/obj/main.o
                0x000000000800a304                vtable for TesterThread
 .rodata._ZL13LED3_sequence
                0x000000000800a318       0x28 build/obj/main.o
 .rodata._ZL13LED4_sequence
                0x000000000800a340       0x28 build/obj/main.o
 .rodata._ZL13LED5_sequence
                0x000000000800a368       0x28 build/obj/main.o
 .rodata._ZL13LED6_sequence
                0x000000000800a390       0x28 build/obj/main.o
                0x000000000800a3b8                . = ALIGN (0x4)
                0x000000000800a3b8                __rodata_end__ = .

.ARM.extab      0x000000000800a3b8       0x30
 *(.ARM.extab* .gnu.linkonce.armextab.*)
 .ARM.extab.text._exit
                0x000000000800a3b8        0xc build/obj/syscalls_cpp.o
 .ARM.extab.text._ZN10chibios_rt16BaseStaticThreadILi128EE5startEm
                0x000000000800a3c4        0x0 build/obj/main.o
 .ARM.extab.text._ZN10chibios_rt16BaseStaticThreadILi256EE5startEm
                0x000000000800a3c4        0x0 build/obj/main.o
 .ARM.extab.text.startup._ZN15SequencerThread4mainEv
                0x000000000800a3c4        0x0 build/obj/main.o
 .ARM.extab.text.startup._ZN12TesterThread4mainEv
                0x000000000800a3c4        0xc build/obj/main.o
 .ARM.extab     0x000000000800a3d0       0x18 /usr/lib/gcc/arm-none-eabi/10.3.1/thumb/v7e-m/nofp/libgcc.a(pr-support.o)

.ARM.exidx      0x000000000800a3e8      0x100
                0x000000000800a3e8                __exidx_start = .
 *(.ARM.exidx* .gnu.linkonce.armexidx.*)
 .ARM.exidx     0x000000000800a3e8       0x80 /usr/lib/gcc/arm-none-eabi/10.3.1/thumb/v7e-m/nofp/libgcc.a(unwind-arm.o)
                                         0xd8 (size before relaxing)
 .ARM.exidx     0x000000000800a468       0x38 /usr/lib/gcc/arm-none-eabi/10.3.1/thumb/v7e-m/nofp/libgcc.a(pr-support.o)
 .ARM.exidx.text.startup._ZN10chibios_rt10BaseThread4mainEv
                0x000000000800a4a0        0x0 build/obj/ch.o
                                          0x8 (size before relaxing)
 .ARM.exidx.text._ZN10chibios_rt10BaseThread5startEm
                0x000000000800a4a0        0x0 build/obj/ch.o
                                          0x8 (size before relaxing)
 .ARM.exidx.text._ZN10chibios_rt15ThreadReference4stopEv
                0x000000000800a4a0        0x0 build/obj/ch.o
                                          0x8 (size before relaxing)
 .ARM.exidx.text._ZN10chibios_rt15ThreadReference4waitEv
                0x000000000800a4a0        0x8 build/obj/ch.o
 .ARM.exidx.text._ZN10chibios_rt10BaseThreadC2Ev
                0x000000000800a4a8        0x8 build/obj/ch.o
 .ARM.exidx.text._ZN10chibios_rt10_thd_startEPv
                0x000000000800a4b0        0x0 build/obj/ch.o
                                          0x8 (size before relaxing)
 .ARM.exidx.text._ZN10chibios_rt10BaseThread7setNameEPKc
                0x000000000800a4b0        0x0 build/obj/ch.o
                                          0x8 (size before relaxing)
 .ARM.exidx.text._ZN10chibios_rt10BaseThread4exitEl
                0x000000000800a4b0        0x0 build/obj/ch.o
                                          0x8 (size before relaxing)
 .ARM.exidx.text._ZN10chibios_rt10BaseThread5sleepEm
                0x000000000800a4b0        0x0 build/obj/ch.o
                                          0x8 (size before relaxing)
 .ARM.exidx.text._exit
                0x000000000800a4b0        0x8 build/obj/syscalls_cpp.o
 .ARM.exidx.text._getpid
                0x000000000800a4b8        0x8 build/obj/syscalls_cpp.o
 .ARM.exidx.text._kill
                0x000000000800a4c0        0x0 build/obj/syscalls_cpp.o
                                          0x8 (size before relaxing)
 .ARM.exidx.text._ZN10chibios_rt16BaseStaticThreadILi128EE5startEm
                0x000000000800a4c0        0x8 build/obj/main.o
 .ARM.exidx.text._ZN10chibios_rt16BaseStaticThreadILi256EE5startEm
                0x000000000800a4c8        0x0 build/obj/main.o
                                          0x8 (size before relaxing)
 .ARM.exidx.text.startup._ZN15SequencerThread4mainEv
                0x000000000800a4c8        0x8 build/obj/main.o