   1               		.file	"board.c"
   2               	__SP_H__ = 0x3e
   3               	__SP_L__ = 0x3d
   4               	__SREG__ = 0x3f
   5               	__RAMPZ__ = 0x3b
   6               	__tmp_reg__ = 0
   7               	__zero_reg__ = 1
   8               		.text
   9               	.Ltext0:
  10               		.cfi_sections	.debug_frame
  11               		.section	.text.boardInit,"ax",@progbits
  12               	.global	boardInit
  14               	boardInit:
  15               	.LFB143:
  16               		.file 1 "../../../os/hal/boards/ARDUINO_MEGA/board.c"
   1:../../../os/hal/boards/ARDUINO_MEGA/board.c **** /*
   2:../../../os/hal/boards/ARDUINO_MEGA/board.c ****     ChibiOS - Copyright (C) 2006..2016 Giovanni Di Sirio
   3:../../../os/hal/boards/ARDUINO_MEGA/board.c **** 
   4:../../../os/hal/boards/ARDUINO_MEGA/board.c ****     Licensed under the Apache License, Version 2.0 (the "License");
   5:../../../os/hal/boards/ARDUINO_MEGA/board.c ****     you may not use this file except in compliance with the License.
   6:../../../os/hal/boards/ARDUINO_MEGA/board.c ****     You may obtain a copy of the License at
   7:../../../os/hal/boards/ARDUINO_MEGA/board.c **** 
   8:../../../os/hal/boards/ARDUINO_MEGA/board.c ****         http://www.apache.org/licenses/LICENSE-2.0
   9:../../../os/hal/boards/ARDUINO_MEGA/board.c **** 
  10:../../../os/hal/boards/ARDUINO_MEGA/board.c ****     Unless required by applicable law or agreed to in writing, software
  11:../../../os/hal/boards/ARDUINO_MEGA/board.c ****     distributed under the License is distributed on an "AS IS" BASIS,
  12:../../../os/hal/boards/ARDUINO_MEGA/board.c ****     WITHOUT WARRANTIES OR CONDITIONS OF ANY KIND, either express or implied.
  13:../../../os/hal/boards/ARDUINO_MEGA/board.c ****     See the License for the specific language governing permissions and
  14:../../../os/hal/boards/ARDUINO_MEGA/board.c ****     limitations under the License.
  15:../../../os/hal/boards/ARDUINO_MEGA/board.c **** */
  16:../../../os/hal/boards/ARDUINO_MEGA/board.c **** 
  17:../../../os/hal/boards/ARDUINO_MEGA/board.c **** #include "hal.h"
  18:../../../os/hal/boards/ARDUINO_MEGA/board.c **** 
  19:../../../os/hal/boards/ARDUINO_MEGA/board.c **** /**
  20:../../../os/hal/boards/ARDUINO_MEGA/board.c ****  * @brief   PAL setup.
  21:../../../os/hal/boards/ARDUINO_MEGA/board.c ****  * @details Digital I/O ports static configuration as defined in @p board.h.
  22:../../../os/hal/boards/ARDUINO_MEGA/board.c ****  *          This variable is used by the HAL when initializing the PAL driver.
  23:../../../os/hal/boards/ARDUINO_MEGA/board.c ****  */
  24:../../../os/hal/boards/ARDUINO_MEGA/board.c **** #if HAL_USE_PAL || defined(__DOXYGEN__)
  25:../../../os/hal/boards/ARDUINO_MEGA/board.c **** const PALConfig pal_default_config =
  26:../../../os/hal/boards/ARDUINO_MEGA/board.c **** {
  27:../../../os/hal/boards/ARDUINO_MEGA/board.c **** #if defined(PORTA)
  28:../../../os/hal/boards/ARDUINO_MEGA/board.c ****   {VAL_PORTA, VAL_DDRA},
  29:../../../os/hal/boards/ARDUINO_MEGA/board.c **** #endif
  30:../../../os/hal/boards/ARDUINO_MEGA/board.c **** #if defined(PORTB)
  31:../../../os/hal/boards/ARDUINO_MEGA/board.c ****   {VAL_PORTB, VAL_DDRB},
  32:../../../os/hal/boards/ARDUINO_MEGA/board.c **** #endif
  33:../../../os/hal/boards/ARDUINO_MEGA/board.c **** #if defined(PORTC)
  34:../../../os/hal/boards/ARDUINO_MEGA/board.c ****   {VAL_PORTC, VAL_DDRC},
  35:../../../os/hal/boards/ARDUINO_MEGA/board.c **** #endif
  36:../../../os/hal/boards/ARDUINO_MEGA/board.c **** #if defined(PORTD)
  37:../../../os/hal/boards/ARDUINO_MEGA/board.c ****   {VAL_PORTD, VAL_DDRD},
  38:../../../os/hal/boards/ARDUINO_MEGA/board.c **** #endif
  39:../../../os/hal/boards/ARDUINO_MEGA/board.c **** #if defined(PORTE)
  40:../../../os/hal/boards/ARDUINO_MEGA/board.c ****   {VAL_PORTE, VAL_DDRE},
  41:../../../os/hal/boards/ARDUINO_MEGA/board.c **** #endif
  42:../../../os/hal/boards/ARDUINO_MEGA/board.c **** #if defined(PORTF)
  43:../../../os/hal/boards/ARDUINO_MEGA/board.c ****   {VAL_PORTF, VAL_DDRF},
  44:../../../os/hal/boards/ARDUINO_MEGA/board.c **** #endif
  45:../../../os/hal/boards/ARDUINO_MEGA/board.c **** #if defined(PORTG)
  46:../../../os/hal/boards/ARDUINO_MEGA/board.c ****   {VAL_PORTG, VAL_DDRG},
  47:../../../os/hal/boards/ARDUINO_MEGA/board.c **** #endif
  48:../../../os/hal/boards/ARDUINO_MEGA/board.c **** #if defined(PORTH)
  49:../../../os/hal/boards/ARDUINO_MEGA/board.c ****   {VAL_PORTH, VAL_DDRH},
  50:../../../os/hal/boards/ARDUINO_MEGA/board.c **** #endif
  51:../../../os/hal/boards/ARDUINO_MEGA/board.c **** #if defined(PORTJ)
  52:../../../os/hal/boards/ARDUINO_MEGA/board.c ****   {VAL_PORTJ, VAL_DDRJ},
  53:../../../os/hal/boards/ARDUINO_MEGA/board.c **** #endif
  54:../../../os/hal/boards/ARDUINO_MEGA/board.c **** #if defined(PORTK)
  55:../../../os/hal/boards/ARDUINO_MEGA/board.c ****   {VAL_PORTK, VAL_DDRK},
  56:../../../os/hal/boards/ARDUINO_MEGA/board.c **** #endif
  57:../../../os/hal/boards/ARDUINO_MEGA/board.c **** #if defined(PORTL)
  58:../../../os/hal/boards/ARDUINO_MEGA/board.c ****   {VAL_PORTL, VAL_DDRL},
  59:../../../os/hal/boards/ARDUINO_MEGA/board.c **** #endif
  60:../../../os/hal/boards/ARDUINO_MEGA/board.c **** };
  61:../../../os/hal/boards/ARDUINO_MEGA/board.c **** #endif /* HAL_USE_PAL */
  62:../../../os/hal/boards/ARDUINO_MEGA/board.c **** 
  63:../../../os/hal/boards/ARDUINO_MEGA/board.c **** /**
  64:../../../os/hal/boards/ARDUINO_MEGA/board.c ****  * Board-specific initialization code.
  65:../../../os/hal/boards/ARDUINO_MEGA/board.c ****  */
  66:../../../os/hal/boards/ARDUINO_MEGA/board.c **** void boardInit(void) {
  17               		.loc 1 66 0
  18               		.cfi_startproc
  19               	/* prologue: function */
  20               	/* frame size = 0 */
  21               	/* stack size = 0 */
  22               	.L__stack_usage = 0
  67:../../../os/hal/boards/ARDUINO_MEGA/board.c **** 
  68:../../../os/hal/boards/ARDUINO_MEGA/board.c ****   /*
  69:../../../os/hal/boards/ARDUINO_MEGA/board.c ****    * External interrupts setup, all disabled initially.
  70:../../../os/hal/boards/ARDUINO_MEGA/board.c ****    */
  71:../../../os/hal/boards/ARDUINO_MEGA/board.c ****   EICRA  = 0x00;
  23               		.loc 1 71 0
  24 0000 1092 6900 		sts 105,__zero_reg__
  72:../../../os/hal/boards/ARDUINO_MEGA/board.c ****   EICRB  = 0x00;
  25               		.loc 1 72 0
  26 0004 1092 6A00 		sts 106,__zero_reg__
  73:../../../os/hal/boards/ARDUINO_MEGA/board.c ****   EIMSK  = 0x00;
  27               		.loc 1 73 0
  28 0008 1DBA      		out 0x1d,__zero_reg__
  29 000a 0895      		ret
  30               		.cfi_endproc
  31               	.LFE143:
  33               	.global	pal_default_config
  34               		.section	.rodata.pal_default_config,"a",@progbits
  37               	pal_default_config:
  38 0000 FF        		.byte	-1
  39 0001 00        		.byte	0
  40 0002 FF        		.byte	-1
  41 0003 80        		.byte	-128
  42 0004 FF        		.byte	-1
  43 0005 00        		.byte	0
  44 0006 FF        		.byte	-1
  45 0007 00        		.byte	0
  46 0008 FF        		.byte	-1
  47 0009 02        		.byte	2
  48 000a FF        		.byte	-1
  49 000b 00        		.byte	0
  50 000c FF        		.byte	-1
  51 000d 00        		.byte	0
  52 000e FF        		.byte	-1
  53 000f 00        		.byte	0
  54 0010 FF        		.byte	-1
  55 0011 00        		.byte	0
  56 0012 FF        		.byte	-1
  57 0013 00        		.byte	0
  58 0014 FF        		.byte	-1
  59 0015 00        		.byte	0
  60               		.text
  61               	.Letext0:
  62               		.file 2 "/usr/lib/avr/include/stdint.h"
  63               		.file 3 "../../../os/common/ports/AVR/compilers/GCC/chtypes.h"
  64               		.file 4 "../../../os/rt/include/chsystypes.h"
  65               		.file 5 "../../../os/rt/include/chschd.h"
  66               		.file 6 "../../../os/common/ports/AVR/chcore.h"
  67               		.file 7 "../../../os/rt/include/chsem.h"
  68               		.file 8 "../../../os/rt/include/chmtx.h"
  69               		.file 9 "../../../os/hal/ports/AVR/MEGA/GPIOv1/hal_pal_lld.h"
DEFINED SYMBOLS
                            *ABS*:0000000000000000 board.c
     /tmp/ccBLH2a4.s:2      *ABS*:000000000000003e __SP_H__
     /tmp/ccBLH2a4.s:3      *ABS*:000000000000003d __SP_L__
     /tmp/ccBLH2a4.s:4      *ABS*:000000000000003f __SREG__
     /tmp/ccBLH2a4.s:5      *ABS*:000000000000003b __RAMPZ__
     /tmp/ccBLH2a4.s:6      *ABS*:0000000000000000 __tmp_reg__
     /tmp/ccBLH2a4.s:7      *ABS*:0000000000000001 __zero_reg__
     /tmp/ccBLH2a4.s:14     .text.boardInit:0000000000000000 boardInit
     /tmp/ccBLH2a4.s:37     .rodata.pal_default_config:0000000000000000 pal_default_config

UNDEFINED SYMBOLS
__do_copy_data
